Archive member included because of file (symbol)

calypso/libcalypso.a(clock.o)
                              apps/layer1/main.o (calypso_clk_dump)
calypso/libcalypso.a(dma.o)   board/compal_e86/init.o (dma_init)
calypso/libcalypso.a(irq.o)   abb/twl3025.o (irq_enable)
calypso/libcalypso.a(rtc.o)   board/compal_e86/init.o (rtc_init)
calypso/libcalypso.a(sim.o)   apps/layer1/main.o (calypso_sim_init)
calypso/libcalypso.a(spi.o)   abb/twl3025.o (spi_init)
calypso/libcalypso.a(tpu.o)   apps/layer1/main.o (tpu_enqueue)
calypso/libcalypso.a(tsp.o)   abb/twl3025.o (tsp_write)
calypso/libcalypso.a(keypad.o)
                              board/compal_e86/init.o (keypad_init)
calypso/libcalypso.a(misc.o)  apps/layer1/main.o (dump_dev_id)
calypso/libcalypso.a(timer.o)
                              board/compal_e86/init.o (hwtimer_init)
calypso/libcalypso.a(backlight.o)
                              board/compal_e86/init.o (bl_mode_pwl)
calypso/libcalypso.a(uart.o)  board/compal_e86/init.o (uart_init)
calypso/libcalypso.a(uwire.o)
                              fb/fb_td014.o (uwire_init)
calypso/libcalypso.a(arm.o)   calypso/libcalypso.a(irq.o) (arm_enable_interrupts)
layer1/liblayer1.a(init.o)    apps/layer1/main.o (layer1_init)
layer1/liblayer1.a(l23_api.o)
                              calypso/libcalypso.a(sim.o) (l1_queue_for_l2)
layer1/liblayer1.a(mframe_sched.o)
                              layer1/liblayer1.a(l23_api.o) (mframe_enable)
layer1/liblayer1.a(sched_gsmtime.o)
                              layer1/liblayer1.a(l23_api.o) (sched_gsmtime_reset)
layer1/liblayer1.a(async.o)   layer1/liblayer1.a(l23_api.o) (l1a_txq_msgb_enq)
layer1/liblayer1.a(prim_pm.o)
                              layer1/liblayer1.a(mframe_sched.o) (neigh_pm_sched_set)
layer1/liblayer1.a(prim_rach.o)
                              layer1/liblayer1.a(l23_api.o) (l1a_rach_req)
layer1/liblayer1.a(prim_tx_nb.o)
                              layer1/liblayer1.a(mframe_sched.o) (nb_sched_set_ul)
layer1/liblayer1.a(prim_rx_nb.o)
                              layer1/liblayer1.a(mframe_sched.o) (nb_sched_set)
layer1/liblayer1.a(prim_fbsb.o)
                              layer1/liblayer1.a(l23_api.o) (l1s_fbsb_req)
layer1/liblayer1.a(prim_freq.o)
                              layer1/liblayer1.a(l23_api.o) (l1a_freq_req)
layer1/liblayer1.a(prim_utils.o)
                              layer1/liblayer1.a(prim_tx_nb.o) (pu_get_idle_frame)
layer1/liblayer1.a(prim_tch.o)
                              layer1/liblayer1.a(mframe_sched.o) (tch_a_sched_set)
layer1/liblayer1.a(agc.o)     layer1/liblayer1.a(prim_pm.o) (agc_inp_dbm8_by_pm)
layer1/liblayer1.a(afc.o)     layer1/liblayer1.a(prim_fbsb.o) (afc_correct)
layer1/liblayer1.a(toa.o)     layer1/liblayer1.a(prim_rx_nb.o) (toa_input)
layer1/liblayer1.a(sync.o)    layer1/liblayer1.a(prim_fbsb.o) (l1s_time_inc)
layer1/liblayer1.a(tdma_sched.o)
                              layer1/liblayer1.a(prim_pm.o) (tdma_end_set)
layer1/liblayer1.a(tpu_window.o)
                              layer1/liblayer1.a(sync.o) (l1s_win_init)
layer1/liblayer1.a(rfch.o)    layer1/liblayer1.a(prim_tx_nb.o) (rfch_get_params)
layer1/liblayer1.a(apc.o)     layer1/liblayer1.a(sync.o) (apc_tx_pwrlvl2auxapc)
layer1/liblayer1.a(avg.o)     layer1/liblayer1.a(afc.o) (runavg_input)
lib/libmini.a(vsprintf.o)     apps/layer1/main.o (puts)
lib/libmini.a(string.o)       lib/libmini.a(vsprintf.o) (strnlen)
lib/libmini.a(ctype.o)        lib/libmini.a(vsprintf.o) (_ctype)
lib/libmini.a(printf.o)       apps/layer1/main.o (printf)
lib/libmini.a(console.o)      board/compal_e86/init.o (cons_bind_uart)
lib/libmini.a(ctors.o)        board/compal/start.ram.o (do_global_ctors)
lib/libmini.a(delay.o)        calypso/libcalypso.a(tpu.o) (delay_us)
lib/libmini.a(div64.o)        lib/libmini.a(vsprintf.o) (__do_div64)
lib/libmini.a(lib1funcs.o)    rf/trf6151.o (__udivsi3)
lib/libmini.a(memcpy.o)       calypso/libcalypso.a(sim.o) (memcpy)
lib/libmini.a(memset.o)       apps/layer1/main.o (memset)
comm/libcomm.a(sercomm.o)     board/compal_e86/init.o (sercomm_bind_uart)
comm/libcomm.a(sercomm_cons.o)
                              lib/libmini.a(vsprintf.o) (sercomm_puts)
comm/libcomm.a(timer.o)       calypso/libcalypso.a(keypad.o) (jiffies)
../../shared/libosmocore/build-target/src/.libs/libosmocore.a(msgb.o)
                              calypso/libcalypso.a(sim.o) (msgb_alloc)
../../shared/libosmocore/build-target/src/.libs/libosmocore.a(utils.o)
                              calypso/libcalypso.a(sim.o) (osmo_hexdump)
../../shared/libosmocore/build-target/src/.libs/libosmocore.a(panic.o)
                              calypso/libcalypso.a(sim.o) (osmo_panic)
../../shared/libosmocore/build-target/src/gsm/.libs/libosmogsm.a(gsm_utils.o)
                              layer1/liblayer1.a(apc.o) (ms_pwr_dbm)
calypso/libcalypso.a(dsp.o)   layer1/liblayer1.a(prim_pm.o) (dsp_api)
[...]
Memory Configuration

Name             Origin             Length             Attributes
LRAM             0x0000000000800000 0x0000000000010000 rw
IRAM             0x0000000000810000 0x0000000000030000 rw
*default*        0x0000000000000000 0xffffffffffffffff

Linker script and memory map

                0x0000000000800000                . = 0x800000

.compal.loader  0x0000000000800000      0x100
                0x0000000000800100                . = 0x100
 *fill*         0x0000000000800000      0x100 00

.compal.header  0x0000000000800100        0x4
                0x0000000000800104                . = 0x4
 *fill*         0x0000000000800100        0x4 00
                0x0000000000800104                . = ALIGN (0x4)

.text.start     0x0000000000800104       0x6c
                0x0000000000800104                PROVIDE (_start, .)
 *(.text.start)
 .text.start    0x0000000000800104       0x6c board/compal/start.ram.o
                0x0000000000800104                _start
 *(.text.start)

.text.exceptions
                0x000000000080001c       0x1c load address 0x0000000000800170
 *(.text.exceptions)
 .text.exceptions
                0x000000000080001c       0x1c board/compal/exceptions_redirected.o
 *(.text.exceptions)
                0x0000000000800038                . = ALIGN (0x4)
                0x0000000000800170                PROVIDE (_exceptions, LOADADDR (.text.exceptions))
                0x0000000000800038                . = ALIGN (0x4)

.text           0x000000000080018c     0xb318 load address 0x000000000080018c
 *(.text*)
 .text.fb_putstr
                0x000000000080018c       0x1c apps/layer1/main.o
 .text.tspact_toggle
                0x00000000008001a8       0x44 apps/layer1/main.o
 .text.key_handler
                0x00000000008001ec       0xbc apps/layer1/main.o
 .text.main     0x00000000008002a8      0x16c apps/layer1/main.o
                0x00000000008002a8                main
 .text.tpu_enq_at
                0x0000000000800414       0x4c abb/twl3025.o
 .text.tpu_enq_wait
                0x0000000000800460       0x10 abb/twl3025.o
 .text.twl3025_reg_write
                0x0000000000800470       0x68 abb/twl3025.o
                0x0000000000800470                twl3025_reg_write
 .text.twl3025_unit_enable
                0x00000000008004d8       0x6c abb/twl3025.o
                0x00000000008004d8                twl3025_unit_enable
 .text.twl3025_switch_page
                0x0000000000800544       0x30 abb/twl3025.o
 .text.twl3025_tsp_write
                0x0000000000800574       0x10 abb/twl3025.o
                0x0000000000800574                twl3025_tsp_write
 .text.twl3025_reg_read
                0x0000000000800584       0x80 abb/twl3025.o
                0x0000000000800584                twl3025_reg_read
 .text.twl3025_power_off
                0x0000000000800604       0x30 abb/twl3025.o
                0x0000000000800604                twl3025_power_off
 .text.twl3025_irq
                0x0000000000800634       0x4c abb/twl3025.o
 .text.twl3025_wait_ibic_access
                0x0000000000800680        0x8 abb/twl3025.o
 .text.twl3025_clk13m
                0x0000000000800688       0x38 abb/twl3025.o
                0x0000000000800688                twl3025_clk13m
 .text.twl3025_init
                0x00000000008006c0       0x8c abb/twl3025.o
                0x00000000008006c0                twl3025_init
 .text.twl3025_downlink
                0x000000000080074c       0x90 abb/twl3025.o
                0x000000000080074c                twl3025_downlink
 .text.twl3025_uplink
                0x00000000008007dc       0xa4 abb/twl3025.o
                0x00000000008007dc                twl3025_uplink
 .text.twl3025_afc_set
                0x0000000000800880       0x6c abb/twl3025.o
                0x0000000000800880                twl3025_afc_set
 .text.twl3025_afcout_get
                0x00000000008008ec       0x14 abb/twl3025.o
                0x00000000008008ec                twl3025_afcout_get
 .text.tpu_enq_at
                0x0000000000800900       0x4c rf/trf6151.o
 .text.tpu_enq_wait
                0x000000000080094c       0x10 rf/trf6151.o
 .text.trf6151_reg_write
                0x000000000080095c       0x40 rf/trf6151.o
 .text.trf6151_set_gain_reg
                0x000000000080099c       0x6c rf/trf6151.o
                0x000000000080099c                trf6151_set_gain_reg
 .text.trf6151_set_gain
                0x0000000000800a08       0x6c rf/trf6151.o
                0x0000000000800a08                trf6151_set_gain
 .text.trf6151_power
                0x0000000000800a74       0x64 rf/trf6151.o
                0x0000000000800a74                trf6151_power
 .text.trf6151_init
                0x0000000000800ad8       0x60 rf/trf6151.o
                0x0000000000800ad8                trf6151_init
 .text.trf6151_set_mode
                0x0000000000800b38       0x34 rf/trf6151.o
                0x0000000000800b38                trf6151_set_mode
 .text.trf6151_set_arfcn
                0x0000000000800b6c      0x224 rf/trf6151.o
                0x0000000000800b6c                trf6151_set_arfcn
 .text.trf6151_get_gain
                0x0000000000800d90       0x30 rf/trf6151.o
                0x0000000000800d90                trf6151_get_gain
 .text.trf6151_rx_window
                0x0000000000800dc0       0x5c rf/trf6151.o
                0x0000000000800dc0                trf6151_rx_window
 .text.trf6151_tx_window
                0x0000000000800e1c       0x44 rf/trf6151.o
                0x0000000000800e1c                trf6151_tx_window
 .text.trf6151_compute_gain
                0x0000000000800e60       0x20 rf/trf6151.o
                0x0000000000800e60                trf6151_compute_gain
 .text.trf6151_iq_swapped
                0x0000000000800e80       0x28 rf/trf6151.o
                0x0000000000800e80                trf6151_iq_swapped
 .text          0x0000000000800ea8       0xfc board/common/calypso_uart.o
                0x0000000000800eb4                phex
                0x0000000000800ee8                puts_asm
                0x0000000000800f34                memdump_asm
                0x0000000000800f24                putchar_asm
 .text.board_init
                0x0000000000800fa4      0x1e4 board/compal_e86/init.o
                0x0000000000800fa4                board_init
 .text.rffe_mode
                0x0000000000801188       0x54 board/compal_e86/rffe_dualband_e86.o
                0x0000000000801188                rffe_mode
 .text.rffe_get_rx_ports
                0x00000000008011dc        0x8 board/compal_e86/rffe_dualband_e86.o
                0x00000000008011dc                rffe_get_rx_ports
 .text.rffe_iq_swapped
                0x00000000008011e4        0xc board/compal_e86/rffe_dualband_e86.o
                0x00000000008011e4                rffe_iq_swapped
 .text.rffe_init
                0x00000000008011f0       0x58 board/compal_e86/rffe_dualband_e86.o
                0x00000000008011f0                rffe_init
 .text.rffe_get_gain
                0x0000000000801248        0xc board/compal_e86/rffe_dualband_e86.o
                0x0000000000801248                rffe_get_gain
 .text.rffe_set_gain
                0x0000000000801254        0x8 board/compal_e86/rffe_dualband_e86.o
                0x0000000000801254                rffe_set_gain
 .text.rffe_compute_gain
                0x000000000080125c       0x14 board/compal_e86/rffe_dualband_e86.o
                0x000000000080125c                rffe_compute_gain
 .text.fb_font_get_char
                0x0000000000801270       0x50 fb/font.o
                0x0000000000801270                fb_font_get_char
 .text.fb_limit_fb_range
                0x00000000008012c0       0x38 fb/fb_rgb332.o
 .text.fb_sanitize_box
                0x00000000008012f8       0x50 fb/fb_rgb332.o
 .text.fb_rgb332_clear
                0x0000000000801348       0x74 fb/fb_rgb332.o
                0x0000000000801348                fb_rgb332_clear
 .text.fb_rgb332_update_damage
                0x00000000008013bc       0xd8 fb/fb_rgb332.o
 .text.rgb_to_pixel
                0x0000000000801494       0x24 fb/fb_rgb332.o
 .text.set_pix  0x00000000008014b8       0x24 fb/fb_rgb332.o
 .text.fb_rgb332_boxto
                0x00000000008014dc      0x11c fb/fb_rgb332.o
                0x00000000008014dc                fb_rgb332_boxto
 .text.fb_rgb332_lineto
                0x00000000008015f8      0x138 fb/fb_rgb332.o
                0x00000000008015f8                fb_rgb332_lineto
 .text.fb_rgb332_putstr
                0x0000000000801730      0x2b8 fb/fb_rgb332.o
                0x0000000000801730                fb_rgb332_putstr
 .text.fb_td014_send_cmdlist
                0x00000000008019e8       0x50 fb/fb_td014.o
 .text.fb_td014_init
                0x0000000000801a38       0x48 fb/fb_td014.o
 .text.fb_td014_flush
                0x0000000000801a80      0x1fc fb/fb_td014.o
 .text          0x0000000000801c7c       0x90 board/compal/handlers.o
                0x0000000000801c7c                handle_abort
                0x0000000000801cbc                irq_entry
                0x0000000000801ce4                fiq_entry
 .text.dump_reg16
                0x0000000000801d0c       0x10 calypso/libcalypso.a(clock.o)
 .text.calypso_clk_dump
                0x0000000000801d1c       0x6c calypso/libcalypso.a(clock.o)
                0x0000000000801d1c                calypso_clk_dump
 .text.calypso_pll_set
                0x0000000000801d88       0x38 calypso/libcalypso.a(clock.o)
                0x0000000000801d88                calypso_pll_set
 .text.calypso_reset_set
                0x0000000000801dc0       0x2c calypso/libcalypso.a(clock.o)
                0x0000000000801dc0                calypso_reset_set
 .text.calypso_clock_set
                0x0000000000801dec       0xa0 calypso/libcalypso.a(clock.o)
                0x0000000000801dec                calypso_clock_set
 .text.calypso_mem_cfg
                0x0000000000801e8c       0x20 calypso/libcalypso.a(clock.o)
                0x0000000000801e8c                calypso_mem_cfg
 .text.calypso_bootrom
                0x0000000000801eac       0x28 calypso/libcalypso.a(clock.o)
                0x0000000000801eac                calypso_bootrom
 .text.calypso_rhea_cfg
                0x0000000000801ed4       0x58 calypso/libcalypso.a(clock.o)
                0x0000000000801ed4                calypso_rhea_cfg
 .text.dma_init
                0x0000000000801f2c       0x14 calypso/libcalypso.a(dma.o)
                0x0000000000801f2c                dma_init
 .text._irq_enable
                0x0000000000801f40       0x48 calypso/libcalypso.a(irq.o)
 .text.irq_enable
                0x0000000000801f88        0x8 calypso/libcalypso.a(irq.o)
                0x0000000000801f88                irq_enable
 .text.irq_disable
                0x0000000000801f90        0x8 calypso/libcalypso.a(irq.o)
                0x0000000000801f90                irq_disable
 .text.irq_config
                0x0000000000801f98       0x50 calypso/libcalypso.a(irq.o)
                0x0000000000801f98                irq_config
 .text.irq      0x0000000000801fe8       0x44 calypso/libcalypso.a(irq.o)
                0x0000000000801fe8                irq
 .text.fiq      0x000000000080202c       0x44 calypso/libcalypso.a(irq.o)
                0x000000000080202c                fiq
 .text.irq_register_handler
                0x0000000000802070       0x14 calypso/libcalypso.a(irq.o)
                0x0000000000802070                irq_register_handler
 .text.calypso_exceptions_install
                0x0000000000802084       0x30 calypso/libcalypso.a(irq.o)
                0x0000000000802084                calypso_exceptions_install
 .text.irq_init
                0x00000000008020b4       0x6c calypso/libcalypso.a(irq.o)
                0x00000000008020b4                irq_init
 .text.rtc_irq_tick
                0x0000000000802120       0x18 calypso/libcalypso.a(rtc.o)
 .text.rtc_init
                0x0000000000802138       0x5c calypso/libcalypso.a(rtc.o)
                0x0000000000802138                rtc_init
 .text.msgb_tailroom
                0x0000000000802194       0x18 calypso/libcalypso.a(sim.o)
 .text.msgb_pull
                0x00000000008021ac       0x20 calypso/libcalypso.a(sim.o)
 .text.calypso_sim_receive
                0x00000000008021cc       0x6c calypso/libcalypso.a(sim.o)
                0x00000000008021cc                calypso_sim_receive
 .text.calypso_sim_transmit
                0x0000000000802238       0x80 calypso/libcalypso.a(sim.o)
                0x0000000000802238                calypso_sim_transmit
 .text.sim_irq_handler
                0x00000000008022b8      0x140 calypso/libcalypso.a(sim.o)
                0x00000000008022b8                sim_irq_handler
 .text.sim_apdu
                0x00000000008023f8       0x50 calypso/libcalypso.a(sim.o)
                0x00000000008023f8                sim_apdu
 .text.calypso_sim_init
                0x0000000000802448       0x34 calypso/libcalypso.a(sim.o)
                0x0000000000802448                calypso_sim_init
 .text.calypso_sim_powerup
                0x000000000080247c       0x78 calypso/libcalypso.a(sim.o)
                0x000000000080247c                calypso_sim_powerup
 .text.calypso_sim_powerdown
                0x00000000008024f4       0x68 calypso/libcalypso.a(sim.o)
                0x00000000008024f4                calypso_sim_powerdown
 .text.sim_handler
                0x000000000080255c      0x4c0 calypso/libcalypso.a(sim.o)
                0x000000000080255c                sim_handler
 .text.spi_init
                0x0000000000802a1c       0x20 calypso/libcalypso.a(spi.o)
                0x0000000000802a1c                spi_init
 .text.spi_xfer
                0x0000000000802a3c      0x120 calypso/libcalypso.a(spi.o)
                0x0000000000802a3c                spi_xfer
 .text.tpu_enqueue
                0x0000000000802b5c       0x28 calypso/libcalypso.a(tpu.o)
                0x0000000000802b5c                tpu_enqueue
 .text.tpu_wait_ctrl_bit
                0x0000000000802b84       0x64 calypso/libcalypso.a(tpu.o)
 .text.tpu_reset
                0x0000000000802be8       0x38 calypso/libcalypso.a(tpu.o)
                0x0000000000802be8                tpu_reset
 .text.tpu_rewind
                0x0000000000802c20       0x18 calypso/libcalypso.a(tpu.o)
                0x0000000000802c20                tpu_rewind
 .text.tpu_clk_enable
                0x0000000000802c38       0x44 calypso/libcalypso.a(tpu.o)
                0x0000000000802c38                tpu_clk_enable
 .text.tpu_dsp_frameirq_enable
                0x0000000000802c7c       0x20 calypso/libcalypso.a(tpu.o)
                0x0000000000802c7c                tpu_dsp_frameirq_enable
 .text.tpu_wait_idle
                0x0000000000802c9c       0x24 calypso/libcalypso.a(tpu.o)
                0x0000000000802c9c                tpu_wait_idle
 .text.tpu_frame_irq_en
                0x0000000000802cc0       0x34 calypso/libcalypso.a(tpu.o)
                0x0000000000802cc0                tpu_frame_irq_en
 .text.add_mod5000
                0x0000000000802cf4       0x38 calypso/libcalypso.a(tpu.o)
                0x0000000000802cf4                add_mod5000
 .text.tpu_enable
                0x0000000000802d2c       0x40 calypso/libcalypso.a(tpu.o)
                0x0000000000802d2c                tpu_enable
 .text.tpu_init
                0x0000000000802d6c       0x68 calypso/libcalypso.a(tpu.o)
                0x0000000000802d6c                tpu_init
 .text.tpu_enq_move
                0x0000000000802dd4       0x14 calypso/libcalypso.a(tsp.o)
 .text.tsp_write
                0x0000000000802de8       0xd4 calypso/libcalypso.a(tsp.o)
                0x0000000000802de8                tsp_write
 .text.tsp_setup
                0x0000000000802ebc       0x3c calypso/libcalypso.a(tsp.o)
                0x0000000000802ebc                tsp_setup
 .text.tsp_act_update
                0x0000000000802ef8       0x48 calypso/libcalypso.a(tsp.o)
                0x0000000000802ef8                tsp_act_update
 .text.tsp_act_enable
                0x0000000000802f40       0x1c calypso/libcalypso.a(tsp.o)
                0x0000000000802f40                tsp_act_enable
 .text.tsp_act_disable
                0x0000000000802f5c       0x14 calypso/libcalypso.a(tsp.o)
                0x0000000000802f5c                tsp_act_disable
 .text.tsp_act_state
                0x0000000000802f70       0x10 calypso/libcalypso.a(tsp.o)
                0x0000000000802f70                tsp_act_state
 .text.tsp_act_toggle
                0x0000000000802f80       0x1c calypso/libcalypso.a(tsp.o)
                0x0000000000802f80                tsp_act_toggle
 .text.tsp_init
                0x0000000000802f9c        0x8 calypso/libcalypso.a(tsp.o)
                0x0000000000802f9c                tsp_init
 .text.emit_key
                0x0000000000802fa4       0x58 calypso/libcalypso.a(keypad.o)
                0x0000000000802fa4                emit_key
 .text.dispatch_buttons
                0x0000000000802ffc       0xd4 calypso/libcalypso.a(keypad.o)
                0x0000000000802ffc                dispatch_buttons
 .text.keypad_irq
                0x00000000008030d0       0x18 calypso/libcalypso.a(keypad.o)
 .text.keypad_init
                0x00000000008030e8       0x88 calypso/libcalypso.a(keypad.o)
                0x00000000008030e8                keypad_init
 .text.keypad_set_handler
                0x0000000000803170       0x10 calypso/libcalypso.a(keypad.o)
                0x0000000000803170                keypad_set_handler
 .text.keypad_poll
                0x0000000000803180      0x1d0 calypso/libcalypso.a(keypad.o)
                0x0000000000803180                keypad_poll
 .text.dump_dev_id
                0x0000000000803350       0xa4 calypso/libcalypso.a(misc.o)
                0x0000000000803350                dump_dev_id
 .text.hwtimer_enable
                0x00000000008033f4       0x70 calypso/libcalypso.a(timer.o)
                0x00000000008033f4                hwtimer_enable
 .text.hwtimer_config
                0x0000000000803464       0x30 calypso/libcalypso.a(timer.o)
                0x0000000000803464                hwtimer_config
 .text.hwtimer_load
                0x0000000000803494       0x28 calypso/libcalypso.a(timer.o)
                0x0000000000803494                hwtimer_load
 .text.hwtimer_read
                0x00000000008034bc       0x58 calypso/libcalypso.a(timer.o)
                0x00000000008034bc                hwtimer_read
 .text.hwtimer_init
                0x0000000000803514       0x1c calypso/libcalypso.a(timer.o)
                0x0000000000803514                hwtimer_init
 .text.wdog_irq
                0x0000000000803530        0xc calypso/libcalypso.a(timer.o)
 .text.wdog_enable
                0x000000000080353c       0x64 calypso/libcalypso.a(timer.o)
                0x000000000080353c                wdog_enable
 .text.bl_mode_pwl
                0x00000000008035a0       0x44 calypso/libcalypso.a(backlight.o)
                0x00000000008035a0                bl_mode_pwl
 .text.bl_level
                0x00000000008035e4       0x34 calypso/libcalypso.a(backlight.o)
                0x00000000008035e4                bl_level
 .text.uart_set_lcr7bit
                0x0000000000803618       0x28 calypso/libcalypso.a(uart.o)
 .text.uart_set_lcr_bf
                0x0000000000803640       0x34 calypso/libcalypso.a(uart.o)
 .text.uart_set_mcr6bit
                0x0000000000803674       0x28 calypso/libcalypso.a(uart.o)
 .text.uart_reg_write
                0x000000000080369c       0x9c calypso/libcalypso.a(uart.o)
 .text.uart_reg_read
                0x0000000000803738       0x9c calypso/libcalypso.a(uart.o)
 .text.uart_irq_handler_cons
                0x00000000008037d4       0x5c calypso/libcalypso.a(uart.o)
 .text.uart_irq_enable
                0x0000000000803830       0x58 calypso/libcalypso.a(uart.o)
                0x0000000000803830                uart_irq_enable
 .text.uart_tx_busy
                0x0000000000803888       0x18 calypso/libcalypso.a(uart.o)
                0x0000000000803888                uart_tx_busy
 .text.uart_putchar_nb
                0x00000000008038a0       0x34 calypso/libcalypso.a(uart.o)
                0x00000000008038a0                uart_putchar_nb
 .text.uart_getchar_nb
                0x00000000008038d4       0x88 calypso/libcalypso.a(uart.o)
                0x00000000008038d4                uart_getchar_nb
 .text.uart_irq_handler_sercomm
                0x000000000080395c      0x118 calypso/libcalypso.a(uart.o)
 .text.uart_init
                0x0000000000803a74      0x188 calypso/libcalypso.a(uart.o)
                0x0000000000803a74                uart_init
 .text.uart_putchar_wait
                0x0000000000803bfc       0x2c calypso/libcalypso.a(uart.o)
                0x0000000000803bfc                uart_putchar_wait
 .text.uart_baudrate
                0x0000000000803c28       0x74 calypso/libcalypso.a(uart.o)
                0x0000000000803c28                uart_baudrate
 .text.uwire_init
                0x0000000000803c9c       0x40 calypso/libcalypso.a(uwire.o)
                0x0000000000803c9c                uwire_init
 .text.uwire_xfer
                0x0000000000803cdc      0x114 calypso/libcalypso.a(uwire.o)
                0x0000000000803cdc                uwire_xfer
 .text.arm_enable_interrupts
                0x0000000000803df0       0x10 calypso/libcalypso.a(arm.o)
                0x0000000000803df0                arm_enable_interrupts
 .text.layer1_init
                0x0000000000803e00       0x48 layer1/liblayer1.a(init.o)
                0x0000000000803e00                layer1_init
 .text.__fswab16
                0x0000000000803e48       0x18 layer1/liblayer1.a(l23_api.o)
 .text.msgb_tailroom
                0x0000000000803e60       0x18 layer1/liblayer1.a(l23_api.o)
 .text.msgb_put
                0x0000000000803e78       0x50 layer1/liblayer1.a(l23_api.o)
 .text.l1_queue_for_l2
                0x0000000000803ec8       0x34 layer1/liblayer1.a(l23_api.o)
                0x0000000000803ec8                l1_queue_for_l2
 .text.audio_set_enabled
                0x0000000000803efc       0x48 layer1/liblayer1.a(l23_api.o)
 .text.l1ctl_msgb_alloc
                0x0000000000803f44       0x6c layer1/liblayer1.a(l23_api.o)
                0x0000000000803f44                l1ctl_msgb_alloc
 .text.l1_create_l2_msg
                0x0000000000803fb0       0x7c layer1/liblayer1.a(l23_api.o)
                0x0000000000803fb0                l1_create_l2_msg
 .text.l1ctl_tx_reset
                0x000000000080402c       0x2c layer1/liblayer1.a(l23_api.o)
                0x000000000080402c                l1ctl_tx_reset
 .text.l1a_l23_rx
                0x0000000000804058       0x24 layer1/liblayer1.a(l23_api.o)
                0x0000000000804058                l1a_l23_rx
 .text.l1a_l23_handler
                0x000000000080407c      0x93c layer1/liblayer1.a(l23_api.o)
                0x000000000080407c                l1a_l23_handler
 .text.l1a_l23api_init
                0x00000000008049b8       0x10 layer1/liblayer1.a(l23_api.o)
                0x00000000008049b8                l1a_l23api_init
 .text.mframe_task2chan_nr
                0x00000000008049c8      0x110 layer1/liblayer1.a(mframe_sched.o)
                0x00000000008049c8                mframe_task2chan_nr
 .text.mframe_enable
                0x0000000000804ad8       0x1c layer1/liblayer1.a(mframe_sched.o)
                0x0000000000804ad8                mframe_enable
 .text.mframe_disable
                0x0000000000804af4       0x1c layer1/liblayer1.a(mframe_sched.o)
                0x0000000000804af4                mframe_disable
 .text.mframe_set
                0x0000000000804b10       0x10 layer1/liblayer1.a(mframe_sched.o)
                0x0000000000804b10                mframe_set
 .text.mframe_schedule
                0x0000000000804b20      0x128 layer1/liblayer1.a(mframe_sched.o)
                0x0000000000804b20                mframe_schedule
 .text.mframe_reset
                0x0000000000804c48       0x20 layer1/liblayer1.a(mframe_sched.o)
                0x0000000000804c48                mframe_reset
 .text.llist_add
                0x0000000000804c68       0x18 layer1/liblayer1.a(sched_gsmtime.o)
 .text.llist_del
                0x0000000000804c80       0x2c layer1/liblayer1.a(sched_gsmtime.o)
 .text.sched_gsmtime_execute
                0x0000000000804cac       0x84 layer1/liblayer1.a(sched_gsmtime.o)
                0x0000000000804cac                sched_gsmtime_execute
 .text.sched_gsmtime_init
                0x0000000000804d30       0x34 layer1/liblayer1.a(sched_gsmtime.o)
                0x0000000000804d30                sched_gsmtime_init
 .text.sched_gsmtime_reset
                0x0000000000804d64       0x48 layer1/liblayer1.a(sched_gsmtime.o)
                0x0000000000804d64                sched_gsmtime_reset
 .text.llist_add_tail
                0x0000000000804dac       0x18 layer1/liblayer1.a(sched_gsmtime.o)
 .text.sched_gsmtime
                0x0000000000804dc4       0x94 layer1/liblayer1.a(sched_gsmtime.o)
                0x0000000000804dc4                sched_gsmtime
 .text.l1a_txq_msgb_enq
                0x0000000000804e58       0x1c layer1/liblayer1.a(async.o)
                0x0000000000804e58                l1a_txq_msgb_enq
 .text.l1a_meas_msgb_set
                0x0000000000804e74       0x34 layer1/liblayer1.a(async.o)
                0x0000000000804e74                l1a_meas_msgb_set
 .text.l1a_txq_msgb_flush
                0x0000000000804ea8       0x34 layer1/liblayer1.a(async.o)
                0x0000000000804ea8                l1a_txq_msgb_flush
 .text.l1a_mftask_set
                0x0000000000804edc        0x4 layer1/liblayer1.a(async.o)
                0x0000000000804edc                l1a_mftask_set
 .text.l1a_tch_mode_set
                0x0000000000804ee0       0x3c layer1/liblayer1.a(async.o)
                0x0000000000804ee0                l1a_tch_mode_set
 .text.l1a_audio_mode_set
                0x0000000000804f1c       0x14 layer1/liblayer1.a(async.o)
                0x0000000000804f1c                l1a_audio_mode_set
 .text.l1a_init
                0x0000000000804f30        0x4 layer1/liblayer1.a(async.o)
                0x0000000000804f30                l1a_init
 .text.l1a_compl_execute
                0x0000000000804f34       0x58 layer1/liblayer1.a(async.o)
                0x0000000000804f34                l1a_compl_execute
 .text.l1a_txq_msgb_count
                0x0000000000804f8c       0x34 layer1/liblayer1.a(async.o)
                0x0000000000804f8c                l1a_txq_msgb_count
 .text.__fswab16
                0x0000000000804fc0       0x18 layer1/liblayer1.a(prim_pm.o)
 .text.msgb_tailroom
                0x0000000000804fd8       0x18 layer1/liblayer1.a(prim_pm.o)
 .text.msgb_put
                0x0000000000804ff0       0x50 layer1/liblayer1.a(prim_pm.o)
 .text.l1s_pm_cmd
                0x0000000000805040       0x50 layer1/liblayer1.a(prim_pm.o)
 .text.l1s_pm_test
                0x0000000000805090       0x30 layer1/liblayer1.a(prim_pm.o)
                0x0000000000805090                l1s_pm_test
 .text.l1s_pm_resp
                0x00000000008050c0      0x1e0 layer1/liblayer1.a(prim_pm.o)
 .text.l1s_neigh_pm_cmd
                0x00000000008052a0       0x80 layer1/liblayer1.a(prim_pm.o)
 .text.l1s_neigh_pm_resp
                0x0000000000805320      0x134 layer1/liblayer1.a(prim_pm.o)
 .text.l1s_tx_rach_cmd
                0x0000000000805454       0x80 layer1/liblayer1.a(prim_rach.o)
 .text.l1s_tx_rach_resp
                0x00000000008054d4       0x48 layer1/liblayer1.a(prim_rach.o)
 .text.l1a_rach_compl
                0x000000000080551c       0x28 layer1/liblayer1.a(prim_rach.o)
 .text.l1a_rach_req
                0x0000000000805544       0xd0 layer1/liblayer1.a(prim_rach.o)
                0x0000000000805544                l1a_rach_req
 .text.prim_rach_init
                0x0000000000805614       0x18 layer1/liblayer1.a(prim_rach.o)
 .text.l1s_tx_resp
                0x000000000080562c       0x4c layer1/liblayer1.a(prim_tx_nb.o)
 .text.l1s_tx_cmd
                0x0000000000805678      0x170 layer1/liblayer1.a(prim_tx_nb.o)
 .text.l1a_tx_nb_compl
                0x00000000008057e8       0x28 layer1/liblayer1.a(prim_tx_nb.o)
 .text.prim_tx_nb_init
                0x0000000000805810       0x18 layer1/liblayer1.a(prim_tx_nb.o)
 .text.msgb_tailroom
                0x0000000000805828       0x18 layer1/liblayer1.a(prim_rx_nb.o)
 .text.msgb_put
                0x0000000000805840       0x50 layer1/liblayer1.a(prim_rx_nb.o)
 .text.l1s_nb_resp
                0x0000000000805890      0x308 layer1/liblayer1.a(prim_rx_nb.o)
 .text.l1s_nb_cmd
                0x0000000000805b98      0x104 layer1/liblayer1.a(prim_rx_nb.o)
 .text.__fswab16
                0x0000000000805c9c       0x18 layer1/liblayer1.a(prim_fbsb.o)
 .text.msgb_tailroom
                0x0000000000805cb4       0x18 layer1/liblayer1.a(prim_fbsb.o)
 .text.dump_mon_state
                0x0000000000805ccc       0x7c layer1/liblayer1.a(prim_fbsb.o)
 .text.l1ctl_fbsb_resp
                0x0000000000805d48       0xb4 layer1/liblayer1.a(prim_fbsb.o)
 .text.l1s_sbdet_resp
                0x0000000000805dfc      0x2f8 layer1/liblayer1.a(prim_fbsb.o)
 .text.l1s_sbdet_cmd
                0x00000000008060f4       0x54 layer1/liblayer1.a(prim_fbsb.o)
 .text.fbinfo2cellinfo
                0x0000000000806148       0xf8 layer1/liblayer1.a(prim_fbsb.o)
 .text.l1s_fbdet_cmd
                0x0000000000806240       0x6c layer1/liblayer1.a(prim_fbsb.o)
 .text.l1s_fbdet_resp
                0x00000000008062ac      0x304 layer1/liblayer1.a(prim_fbsb.o)
 .text.l1a_fb_compl
                0x00000000008065b0       0x3c layer1/liblayer1.a(prim_fbsb.o)
 .text.l1s_fbsb_req
                0x00000000008065ec       0xf0 layer1/liblayer1.a(prim_fbsb.o)
                0x00000000008065ec                l1s_fbsb_req
 .text.l1s_prim_fbsb_init
                0x00000000008066dc       0x18 layer1/liblayer1.a(prim_fbsb.o)
 .text.l1s_freq_cmd
                0x00000000008066f4       0x50 layer1/liblayer1.a(prim_freq.o)
 .text.l1a_freq_req
                0x0000000000806744       0xc4 layer1/liblayer1.a(prim_freq.o)
                0x0000000000806744                l1a_freq_req
 .text.pu_get_idle_frame
                0x0000000000806808        0xc layer1/liblayer1.a(prim_utils.o)
                0x0000000000806808                pu_get_idle_frame
 .text.pu_update_rx_level
                0x0000000000806814       0x18 layer1/liblayer1.a(prim_utils.o)
                0x0000000000806814                pu_update_rx_level
 .text.pu_get_meas_frame
                0x000000000080682c       0x34 layer1/liblayer1.a(prim_utils.o)
                0x000000000080682c                pu_get_meas_frame
 .text.__fswab16
                0x0000000000806860       0x18 layer1/liblayer1.a(prim_tch.o)
 .text.__fswab32
                0x0000000000806878       0x18 layer1/liblayer1.a(prim_tch.o)
 .text.msgb_tailroom
                0x0000000000806890       0x18 layer1/liblayer1.a(prim_tch.o)
 .text.msgb_put
                0x00000000008068a8       0x50 layer1/liblayer1.a(prim_tch.o)
 .text.dsp_task_iq_swap
                0x00000000008068f8       0x2c layer1/liblayer1.a(prim_tch.o)
 .text.tch_get_params
                0x0000000000806924       0xc8 layer1/liblayer1.a(prim_tch.o)
 .text.l1a_tx_tch_compl
                0x00000000008069ec       0x6c layer1/liblayer1.a(prim_tch.o)
 .text.prim_tch_init
                0x0000000000806a58       0x18 layer1/liblayer1.a(prim_tch.o)
 .text.l1s_tch_resp
                0x0000000000806a70      0x4d4 layer1/liblayer1.a(prim_tch.o)
 .text.l1s_tch_cmd
                0x0000000000806f44      0x364 layer1/liblayer1.a(prim_tch.o)
 .text.l1s_tch_d_resp
                0x00000000008072a8       0x18 layer1/liblayer1.a(prim_tch.o)
 .text.l1s_tch_d_cmd
                0x00000000008072c0       0xbc layer1/liblayer1.a(prim_tch.o)
 .text.l1s_tch_a_resp
                0x000000000080737c      0x2a8 layer1/liblayer1.a(prim_tch.o)
 .text.l1s_tch_a_cmd
                0x0000000000807624      0x274 layer1/liblayer1.a(prim_tch.o)
 .text.agc_inp_dbm8_by_pm
                0x0000000000807898       0x30 layer1/liblayer1.a(agc.o)
                0x0000000000807898                agc_inp_dbm8_by_pm
 .text.afc_correct
                0x00000000008078c8       0x84 layer1/liblayer1.a(afc.o)
                0x00000000008078c8                afc_correct
 .text.afc_reset
                0x000000000080794c       0x18 layer1/liblayer1.a(afc.o)
                0x000000000080794c                afc_reset
 .text.afc_input
                0x0000000000807964       0x28 layer1/liblayer1.a(afc.o)
                0x0000000000807964                afc_input
 .text.afc_ravg_output
                0x000000000080798c       0x18 layer1/liblayer1.a(afc.o)
 .text.afc_load_dsp
                0x00000000008079a4       0x2c layer1/liblayer1.a(afc.o)
                0x00000000008079a4                afc_load_dsp
 .text.toa_input
                0x00000000008079d0       0x44 layer1/liblayer1.a(toa.o)
                0x00000000008079d0                toa_input
 .text.toa_reset
                0x0000000000807a14       0x1c layer1/liblayer1.a(toa.o)
                0x0000000000807a14                toa_reset
 .text.toa_ravg_output
                0x0000000000807a30       0x30 layer1/liblayer1.a(toa.o)
 .text.tpu_enq_sync
                0x0000000000807a60       0x10 layer1/liblayer1.a(sync.o)
 .text.l1s_time_inc
                0x0000000000807a70       0xc8 layer1/liblayer1.a(sync.o)
                0x0000000000807a70                l1s_time_inc
 .text.l1s_time_dump
                0x0000000000807b38       0x30 layer1/liblayer1.a(sync.o)
                0x0000000000807b38                l1s_time_dump
 .text.l1s_snr_int
                0x0000000000807b68        0xc layer1/liblayer1.a(sync.o)
                0x0000000000807b68                l1s_snr_int
 .text.synchronize_tdma
                0x0000000000807b74       0xa4 layer1/liblayer1.a(sync.o)
                0x0000000000807b74                synchronize_tdma
 .text.l1s_reset_hw
                0x0000000000807c18       0x78 layer1/liblayer1.a(sync.o)
                0x0000000000807c18                l1s_reset_hw
 .text.l1s_compl_sched
                0x0000000000807c90       0x2c layer1/liblayer1.a(sync.o)
                0x0000000000807c90                l1s_compl_sched
 .text.l1s_abort_cmd
                0x0000000000807cbc       0x5c layer1/liblayer1.a(sync.o)
 .text.l1s_dsp_abort
                0x0000000000807d18       0x38 layer1/liblayer1.a(sync.o)
                0x0000000000807d18                l1s_dsp_abort
 .text.l1s_tx_apc_helper
                0x0000000000807d50       0x9c layer1/liblayer1.a(sync.o)
                0x0000000000807d50                l1s_tx_apc_helper
 .text.frame_irq
                0x0000000000807dec      0x16c layer1/liblayer1.a(sync.o)
 .text.l1s_reset
                0x0000000000807f58       0x40 layer1/liblayer1.a(sync.o)
                0x0000000000807f58                l1s_reset
 .text.l1s_init
                0x0000000000807f98       0xac layer1/liblayer1.a(sync.o)
                0x0000000000807f98                l1s_init
 .text.tdma_end_set
                0x0000000000808044        0x8 layer1/liblayer1.a(tdma_sched.o)
                0x0000000000808044                tdma_end_set
 .text.wrap_bucket
                0x000000000080804c       0x28 layer1/liblayer1.a(tdma_sched.o)
 .text.tdma_schedule
                0x0000000000808074       0x80 layer1/liblayer1.a(tdma_sched.o)
                0x0000000000808074                tdma_schedule
 .text.tdma_schedule_set
                0x00000000008080f4       0xc4 layer1/liblayer1.a(tdma_sched.o)
                0x00000000008080f4                tdma_schedule_set
 .text.tdma_sched_advance
                0x00000000008081b8       0x1c layer1/liblayer1.a(tdma_sched.o)
                0x00000000008081b8                tdma_sched_advance
 .text.tdma_sched_flag_scan
                0x00000000008081d4       0x50 layer1/liblayer1.a(tdma_sched.o)
                0x00000000008081d4                tdma_sched_flag_scan
 .text.tdma_sched_execute
                0x0000000000808224      0x130 layer1/liblayer1.a(tdma_sched.o)
                0x0000000000808224                tdma_sched_execute
 .text.tdma_sched_reset
                0x0000000000808354       0x38 layer1/liblayer1.a(tdma_sched.o)
                0x0000000000808354                tdma_sched_reset
 .text.tpu_enq_at
                0x000000000080838c       0x4c layer1/liblayer1.a(tpu_window.o)
 .text._win_setup
                0x00000000008083d8       0x9c layer1/liblayer1.a(tpu_window.o)
 .text._win_cleanup
                0x0000000000808474       0x6c layer1/liblayer1.a(tpu_window.o)
 .text.l1s_win_init
                0x00000000008084e0       0x54 layer1/liblayer1.a(tpu_window.o)
                0x00000000008084e0                l1s_win_init
 .text.l1s_rx_win_ctrl
                0x0000000000808534       0xbc layer1/liblayer1.a(tpu_window.o)
                0x0000000000808534                l1s_rx_win_ctrl
 .text.l1s_tx_win_ctrl
                0x00000000008085f0       0xb4 layer1/liblayer1.a(tpu_window.o)
                0x00000000008085f0                l1s_tx_win_ctrl
 .text.tpu_end_scenario
                0x00000000008086a4       0x18 layer1/liblayer1.a(tpu_window.o)
                0x00000000008086a4                tpu_end_scenario
 .text.rfch_get_params
                0x00000000008086bc      0x138 layer1/liblayer1.a(rfch.o)
                0x00000000008086bc                rfch_get_params
 .text.apc_tx_dbm2auxapc
                0x00000000008087f4       0x40 layer1/liblayer1.a(apc.o)
                0x00000000008087f4                apc_tx_dbm2auxapc
 .text.apc_tx_pwrlvl2auxapc
                0x0000000000808834       0x3c layer1/liblayer1.a(apc.o)
                0x0000000000808834                apc_tx_pwrlvl2auxapc
 .text.runavg_input
                0x0000000000808870       0x30 layer1/liblayer1.a(avg.o)
                0x0000000000808870                runavg_input
 .text.runavg_check_output
                0x00000000008088a0       0x64 layer1/liblayer1.a(avg.o)
                0x00000000008088a0                runavg_check_output
 .text.skip_atoi
                0x0000000000808904       0x48 lib/libmini.a(vsprintf.o)
 .text.number   0x000000000080894c      0x2a0 lib/libmini.a(vsprintf.o)
 .text.vsnprintf
                0x0000000000808bec      0x540 lib/libmini.a(vsprintf.o)
                0x0000000000808bec                vsnprintf
 .text.snprintf
                0x000000000080912c       0x30 lib/libmini.a(vsprintf.o)
                0x000000000080912c                snprintf
 .text.puts     0x000000000080915c        0x4 lib/libmini.a(vsprintf.o)
                0x000000000080915c                puts
 .text.strnlen  0x0000000000809160       0x2c lib/libmini.a(string.o)
                0x0000000000809160                strnlen
 .text.strlen   0x000000000080918c       0x20 lib/libmini.a(string.o)
                0x000000000080918c                strlen
 .text.printf   0x00000000008091ac       0x50 lib/libmini.a(printf.o)
                0x00000000008091ac                printf
 .text.cons_bind_uart
                0x00000000008091fc       0x18 lib/libmini.a(console.o)
                0x00000000008091fc                cons_bind_uart
 .text.cons_get_uart
                0x0000000000809214       0x18 lib/libmini.a(console.o)
                0x0000000000809214                cons_get_uart
 .text.cons_init
                0x000000000080922c       0x40 lib/libmini.a(console.o)
                0x000000000080922c                cons_init
 .text.cons_rb_pull
                0x000000000080926c       0x6c lib/libmini.a(console.o)
 .text.cons_rb_flush
                0x00000000008092d8       0x58 lib/libmini.a(console.o)
                0x00000000008092d8                cons_rb_flush
 .text.__cons_rb_append
                0x0000000000809330       0x6c lib/libmini.a(console.o)
 .text.cons_rb_append
                0x000000000080939c       0xe4 lib/libmini.a(console.o)
                0x000000000080939c                cons_rb_append
 .text.cons_puts
                0x0000000000809480       0x70 lib/libmini.a(console.o)
                0x0000000000809480                cons_puts
 .text.do_global_ctors
                0x00000000008094f0       0x30 lib/libmini.a(ctors.o)
                0x00000000008094f0                do_global_ctors
 .text.delay_us
                0x0000000000809520       0x34 lib/libmini.a(delay.o)
                0x0000000000809520                delay_us
 .text.delay_ms
                0x0000000000809554       0x3c lib/libmini.a(delay.o)
                0x0000000000809554                delay_ms
 .text          0x0000000000809590      0x130 lib/libmini.a(div64.o)
                0x0000000000809590                __do_div64
 .text          0x00000000008096c0      0x3d4 lib/libmini.a(lib1funcs.o)
                0x00000000008096c0                __udivsi3
                0x00000000008097a8                __umodsi3
                0x0000000000809864                __aeabi_idiv
                0x0000000000809a90                __div0
                0x00000000008096c0                __aeabi_uidiv
                0x0000000000809864                __divsi3
                0x0000000000809a50                __aeabi_uidivmod
                0x000000000080997c                __modsi3
                0x0000000000809a68                __aeabi_idivmod
 .text          0x0000000000809a94      0x29c lib/libmini.a(memcpy.o)
                0x0000000000809a94                memcpy
 *fill*         0x0000000000809d30       0x10 00
 .text          0x0000000000809d40       0xc0 lib/libmini.a(memset.o)
                0x0000000000809d60                memset
 .text.msgb_tailroom
                0x0000000000809e00       0x18 comm/libcomm.a(sercomm.o)
 .text.msgb_put
                0x0000000000809e18       0x50 comm/libcomm.a(sercomm.o)
 .text.sercomm_alloc_msgb
                0x0000000000809e68       0x40 comm/libcomm.a(sercomm.o)
 .text.sercomm_bind_uart
                0x0000000000809ea8       0x10 comm/libcomm.a(sercomm.o)
                0x0000000000809ea8                sercomm_bind_uart
 .text.sercomm_get_uart
                0x0000000000809eb8       0x10 comm/libcomm.a(sercomm.o)
                0x0000000000809eb8                sercomm_get_uart
 .text.sercomm_register_rx_cb
                0x0000000000809ec8       0x34 comm/libcomm.a(sercomm.o)
                0x0000000000809ec8                sercomm_register_rx_cb
 .text.sercomm_init
                0x0000000000809efc       0x4c comm/libcomm.a(sercomm.o)
                0x0000000000809efc                sercomm_init
 .text.sercomm_initialized
                0x0000000000809f48       0x10 comm/libcomm.a(sercomm.o)
                0x0000000000809f48                sercomm_initialized
 .text.sercomm_drv_rx_char
                0x0000000000809f58      0x17c comm/libcomm.a(sercomm.o)
                0x0000000000809f58                sercomm_drv_rx_char
 .text.sercomm_drv_pull
                0x000000000080a0d4      0x11c comm/libcomm.a(sercomm.o)
                0x000000000080a0d4                sercomm_drv_pull
 .text.sercomm_tx_queue_depth
                0x000000000080a1f0       0x34 comm/libcomm.a(sercomm.o)
                0x000000000080a1f0                sercomm_tx_queue_depth
 .text.sercomm_sendmsg
                0x000000000080a224       0x94 comm/libcomm.a(sercomm.o)
                0x000000000080a224                sercomm_sendmsg
 .text.msgb_tailroom
                0x000000000080a2b8       0x18 comm/libcomm.a(sercomm_cons.o)
 .text.raw_puts
                0x000000000080a2d0       0x3c comm/libcomm.a(sercomm_cons.o)
 .text.sercomm_puts
                0x000000000080a30c      0x180 comm/libcomm.a(sercomm_cons.o)
                0x000000000080a30c                sercomm_puts
 .text.sercomm_putchar
                0x000000000080a48c       0x30 comm/libcomm.a(sercomm_cons.o)
                0x000000000080a48c                sercomm_putchar
 .text.osmo_timer_del
                0x000000000080a4bc       0x4c comm/libcomm.a(timer.o)
                0x000000000080a4bc                osmo_timer_del
 .text.timer_irq
                0x000000000080a508       0x18 comm/libcomm.a(timer.o)
 .text.timer_init
                0x000000000080a520       0x6c comm/libcomm.a(timer.o)
                0x000000000080a520                timer_init
 .text.osmo_timers_update
                0x000000000080a58c       0xe4 comm/libcomm.a(timer.o)
                0x000000000080a58c                osmo_timers_update
 .text.msgb_alloc
                0x000000000080a670       0x5c ../../shared/libosmocore/build-target/src/.libs/libosmocore.a(msgb.o)
                0x000000000080a670                msgb_alloc
 .text.msgb_free
                0x000000000080a6cc        0x4 ../../shared/libosmocore/build-target/src/.libs/libosmocore.a(msgb.o)
                0x000000000080a6cc                msgb_free
 .text.msgb_enqueue
                0x000000000080a6d0       0x18 ../../shared/libosmocore/build-target/src/.libs/libosmocore.a(msgb.o)
                0x000000000080a6d0                msgb_enqueue
 .text.msgb_dequeue
                0x000000000080a6e8       0x40 ../../shared/libosmocore/build-target/src/.libs/libosmocore.a(msgb.o)
                0x000000000080a6e8                msgb_dequeue
 .text._osmo_hexdump
                0x000000000080a728       0xa4 ../../shared/libosmocore/build-target/src/.libs/libosmocore.a(utils.o)
 .text.osmo_hexdump
                0x000000000080a7cc       0x24 ../../shared/libosmocore/build-target/src/.libs/libosmocore.a(utils.o)
                0x000000000080a7cc                osmo_hexdump
 .text.osmo_panic
                0x000000000080a7f0       0x58 ../../shared/libosmocore/build-target/src/.libs/libosmocore.a(panic.o)
                0x000000000080a7f0                osmo_panic
 .text.ms_pwr_dbm
                0x000000000080a848       0xbc ../../shared/libosmocore/build-target/src/gsm/.libs/libosmogsm.a(gsm_utils.o)
                0x000000000080a848                ms_pwr_dbm
 .text.rxlev2dbm
                0x000000000080a904       0x14 ../../shared/libosmocore/build-target/src/gsm/.libs/libosmogsm.a(gsm_utils.o)
                0x000000000080a904                rxlev2dbm
 .text.dbm2rxlev
                0x000000000080a918       0x20 ../../shared/libosmocore/build-target/src/gsm/.libs/libosmogsm.a(gsm_utils.o)
                0x000000000080a918                dbm2rxlev
 .text.gsm_arfcn2band
                0x000000000080a938       0xd8 ../../shared/libosmocore/build-target/src/gsm/.libs/libosmogsm.a(gsm_utils.o)
                0x000000000080a938                gsm_arfcn2band
 .text.gsm_arfcn2freq10
                0x000000000080aa10      0x168 ../../shared/libosmocore/build-target/src/gsm/.libs/libosmogsm.a(gsm_utils.o)
                0x000000000080aa10                gsm_arfcn2freq10
 .text.gsm_fn2gsmtime
                0x000000000080ab78       0x5c ../../shared/libosmocore/build-target/src/gsm/.libs/libosmogsm.a(gsm_utils.o)
                0x000000000080ab78                gsm_fn2gsmtime
 .text.gsm_gsmtime2fn
                0x000000000080abd4       0x40 ../../shared/libosmocore/build-target/src/gsm/.libs/libosmogsm.a(gsm_utils.o)
                0x000000000080abd4                gsm_gsmtime2fn
 .text.dsp_dump_version
                0x000000000080ac14       0x40 calypso/libcalypso.a(dsp.o)
                0x000000000080ac14                dsp_dump_version
 .text.dsp_upload_sections_api
                0x000000000080ac54       0x88 calypso/libcalypso.a(dsp.o)
 .text.dsp_api_memset
                0x000000000080acdc       0x2c calypso/libcalypso.a(dsp.o)
                0x000000000080acdc                dsp_api_memset
 .text.dsp_memcpy_to_api
                0x000000000080ad08       0x88 calypso/libcalypso.a(dsp.o)
                0x000000000080ad08                dsp_memcpy_to_api
 .text.dsp_memcpy_from_api
                0x000000000080ad90       0x8c calypso/libcalypso.a(dsp.o)
                0x000000000080ad90                dsp_memcpy_from_api
 .text.dsp_end_scenario
                0x000000000080ae1c       0x38 calypso/libcalypso.a(dsp.o)
                0x000000000080ae1c                dsp_end_scenario
 .text.dsp_load_rx_task
                0x000000000080ae54       0x2c calypso/libcalypso.a(dsp.o)
                0x000000000080ae54                dsp_load_rx_task
 .text.dsp_load_tx_task
                0x000000000080ae80       0x2c calypso/libcalypso.a(dsp.o)
                0x000000000080ae80                dsp_load_tx_task
 .text.dsp_load_tch_param
                0x000000000080aeac       0xe4 calypso/libcalypso.a(dsp.o)
                0x000000000080aeac                dsp_load_tch_param
 .text.dsp_load_ciph_param
                0x000000000080af90       0x80 calypso/libcalypso.a(dsp.o)
                0x000000000080af90                dsp_load_ciph_param
 .text.dsp_pre_boot
                0x000000000080b010       0x90 calypso/libcalypso.a(dsp.o)
 .text.dsp_power_on
                0x000000000080b0a0      0x35c calypso/libcalypso.a(dsp.o)
                0x000000000080b0a0                dsp_power_on
 .text._talloc_zero
                0x000000000080b3fc       0x9c comm/libcomm.a(msgb.o)
                0x000000000080b3fc                _talloc_zero
 .text.talloc_free
                0x000000000080b498        0xc comm/libcomm.a(msgb.o)
                0x000000000080b498                talloc_free
 *(.ramtext*)
 *(.glue_7t)
 *(.glue_7)
 *(.vfp11_veneer)
 *(.v4_bx)
                0x000000000080b4a4                . = ALIGN (0x4)
                0x000000000080018c                PROVIDE (_text_start, LOADADDR (.text))
                0x000000000080b4a4                PROVIDE (_text_end, (LOADADDR (.text) + SIZEOF (.text)))

.ctors          0x000000000080b4a4       0x18
                0x000000000080b4a4        0x4 LONG 0x4 ((SIZEOF (.ctors) / 0x4) - 0x2)
 *(SORT(.ctors))
 .ctors         0x000000000080b4a8        0x4 layer1/liblayer1.a(prim_rach.o)
 .ctors         0x000000000080b4ac        0x4 layer1/liblayer1.a(prim_tx_nb.o)
 .ctors         0x000000000080b4b0        0x4 layer1/liblayer1.a(prim_fbsb.o)
 .ctors         0x000000000080b4b4        0x4 layer1/liblayer1.a(prim_tch.o)
                0x000000000080b4b8        0x4 LONG 0x0
                0x000000000080b4a4                PROVIDE (_ctor_start, LOADADDR (.ctors))
                0x000000000080b4bc                PROVIDE (_ctor_end, (LOADADDR (.ctors) + SIZEOF (.ctors)))

.dtors          0x000000000080b4bc        0x8
                0x000000000080b4bc        0x4 LONG 0x0 ((SIZEOF (.dtors) / 0x4) - 0x2)
 *(SORT(.dtors))
                0x000000000080b4c0        0x4 LONG 0x0
                0x000000000080b4bc                PROVIDE (_dtor_start, LOADADDR (.dtors))
                0x000000000080b4c4                PROVIDE (_dtor_end, (LOADADDR (.dtors) + SIZEOF (.dtors)))
                0x000000000080b4c4                . = ALIGN (0x4)

.rodata         0x000000000080b4c4     0x2dcd
 *(.rodata*)
 .rodata.str1.4
                0x000000000080b4c4       0xdb apps/layer1/main.o
                                         0xdc (size before relaxing)
 *fill*         0x000000000080b59f        0x1 00
 .rodata        0x000000000080b5a0       0x20 abb/twl3025.o
                0x000000000080b5a0                twl3025_default_ramp
 .rodata.str1.4
                0x000000000080b5c0       0x5d abb/twl3025.o
                                         0x60 (size before relaxing)
 *fill*         0x000000000080b61d        0x3 00
 .rodata.str1.4
                0x000000000080b620       0x19 rf/trf6151.o
                                         0x1c (size before relaxing)
 .rodata        0x000000000080b639       0x17 board/compal_e86/init.o
 .rodata        0x000000000080b650        0x1 board/compal_e86/rffe_dualband_e86.o
                0x000000000080b650                system_inherent_gain
 *fill*         0x000000000080b651        0x3 00
 .rodata        0x000000000080b654       0x44 board/compal/rf_power.o
                0x000000000080b658                dbm2apc_gsm900
                0x000000000080b654                dbm2apc_gsm900_max
 .rodata        0x000000000080b698      0x4bc fb/helvR08.o
                0x000000000080b698                font_helvR08
 .rodata        0x000000000080bb54      0x70c fb/helvB14.o
                0x000000000080bb54                font_helvB14
 .rodata        0x000000000080c260      0x5b0 fb/c64.o
                0x000000000080c260                font_c64
 .rodata        0x000000000080c810       0x98 fb/symbols.o
                0x000000000080c810                font_symbols
 .rodata        0x000000000080c8a8       0x30 fb/fb_td014.o
 .rodata.str1.4
                0x000000000080c8d8       0x27 fb/fb_td014.o
                                         0x28 (size before relaxing)
 *fill*         0x000000000080c8ff        0x1 00
 .rodata.str1.4
                0x000000000080c900       0x4d calypso/libcalypso.a(clock.o)
                                         0x50 (size before relaxing)
 *fill*         0x000000000080c94d        0x3 00
 .rodata.str1.4
                0x000000000080c950      0x133 calypso/libcalypso.a(sim.o)
                                        0x134 (size before relaxing)
 *fill*         0x000000000080ca83        0x1 00
 .rodata.str1.4
                0x000000000080ca84       0x7a calypso/libcalypso.a(tpu.o)
                                         0x7c (size before relaxing)
 *fill*         0x000000000080cafe        0x2 00
 .rodata.str1.4
                0x000000000080cb00       0x1f calypso/libcalypso.a(keypad.o)
                                         0x20 (size before relaxing)
 *fill*         0x000000000080cb1f        0x1 00
 .rodata.str1.4
                0x000000000080cb20      0x10d calypso/libcalypso.a(misc.o)
                                        0x118 (size before relaxing)
 *fill*         0x000000000080cc2d        0x3 00
 .rodata.str1.4
                0x000000000080cc30       0x21 calypso/libcalypso.a(timer.o)
                                         0x24 (size before relaxing)
 *fill*         0x000000000080cc51        0x1 00
 .rodata        0x000000000080cc52       0x10 calypso/libcalypso.a(uart.o)
 *fill*         0x000000000080cc62        0x2 00
 .rodata.str1.4
                0x000000000080cc64       0x6d calypso/libcalypso.a(uart.o)
                                         0x70 (size before relaxing)
 *fill*         0x000000000080ccd1        0x3 00
 .rodata.str1.4
                0x000000000080ccd4      0x33e layer1/liblayer1.a(l23_api.o)
                                        0x378 (size before relaxing)
 *fill*         0x000000000080d012        0x2 00
 .rodata        0x000000000080d014      0x6f0 layer1/liblayer1.a(mframe_sched.o)
 .rodata        0x000000000080d704       0x90 layer1/liblayer1.a(prim_pm.o)
                0x000000000080d704                neigh_pm_sched_set
 .rodata.str1.4
                0x000000000080d794       0x39 layer1/liblayer1.a(prim_pm.o)
                                         0x70 (size before relaxing)
 *fill*         0x000000000080d7cd        0x3 00
 .rodata        0x000000000080d7d0       0x48 layer1/liblayer1.a(prim_rach.o)
                0x000000000080d7d0                rach_sched_set_ul
 .rodata        0x000000000080d818       0xb4 layer1/liblayer1.a(prim_tx_nb.o)
                0x000000000080d818                nb_sched_set_ul
 .rodata        0x000000000080d8cc       0xb4 layer1/liblayer1.a(prim_rx_nb.o)
                0x000000000080d8cc                nb_sched_set
 .rodata.str1.4
                0x000000000080d980       0x5f layer1/liblayer1.a(prim_rx_nb.o)
                                         0x94 (size before relaxing)
 *fill*         0x000000000080d9df        0x1 00
 .rodata        0x000000000080d9e0      0x1c8 layer1/liblayer1.a(prim_fbsb.o)
 .rodata.str1.4
                0x000000000080dba8      0x19a layer1/liblayer1.a(prim_fbsb.o)
                                        0x1d0 (size before relaxing)
 *fill*         0x000000000080dd42        0x2 00
 .rodata        0x000000000080dd44       0x18 layer1/liblayer1.a(prim_freq.o)
                0x000000000080dd44                freq_sched_set
 .rodata.str1.4
                0x000000000080dd5c       0x67 layer1/liblayer1.a(prim_freq.o)
                                         0x68 (size before relaxing)
 .rodata        0x000000000080ddc3       0x17 layer1/liblayer1.a(prim_utils.o)
 *fill*         0x000000000080ddda        0x2 00
 .rodata        0x000000000080dddc       0xd8 layer1/liblayer1.a(prim_tch.o)
                0x000000000080de24                tch_d_sched_set
                0x000000000080dddc                tch_a_sched_set
                0x000000000080de6c                tch_sched_set
 .rodata.str1.4
                0x000000000080deb4       0x72 layer1/liblayer1.a(prim_tch.o)
                                         0xa8 (size before relaxing)
 *fill*         0x000000000080df26        0x2 00
 .rodata.str1.4
                0x000000000080df28       0x2f layer1/liblayer1.a(toa.o)
                                         0x30 (size before relaxing)
 *fill*         0x000000000080df57        0x1 00
 .rodata.str1.4
                0x000000000080df58       0x4a layer1/liblayer1.a(sync.o)
                                         0x4c (size before relaxing)
 *fill*         0x000000000080dfa2        0x2 00
 .rodata.str1.4
                0x000000000080dfa4       0x60 layer1/liblayer1.a(tdma_sched.o)
 .rodata        0x000000000080e004        0xc layer1/liblayer1.a(tpu_window.o)
 .rodata        0x000000000080e010       0x50 lib/libmini.a(vsprintf.o)
 .rodata.str1.4
                0x000000000080e060        0xb comm/libcomm.a(sercomm.o)
                                         0x74 (size before relaxing)
 .rodata.str1.4
                0x000000000080e06b        0x0 comm/libcomm.a(sercomm_cons.o)
                                         0x40 (size before relaxing)
 *fill*         0x000000000080e06b        0x1 00
 .rodata.str1.4
                0x000000000080e06c       0x17 ../../shared/libosmocore/build-target/src/.libs/libosmocore.a(utils.o)
                                         0x20 (size before relaxing)
 *fill*         0x000000000080e083        0x1 00
 .rodata.str1.4
                0x000000000080e084      0x1f2 calypso/libcalypso.a(dsp.o)
                                        0x1f8 (size before relaxing)
 *fill*         0x000000000080e276        0x2 00
 .rodata.str1.4
                0x000000000080e278       0x19 comm/libcomm.a(msgb.o)
                                         0x1c (size before relaxing)
                0x000000000080b4c4                PROVIDE (_rodata_start, LOADADDR (.rodata))
                0x000000000080e291                PROVIDE (_rodata_end, (LOADADDR (.rodata) + SIZEOF (.rodata)))
                0x000000000080e294                . = ALIGN (0x4)

.data           0x000000000080e294      0x53c
 *(.data)
 .data          0x000000000080e294        0x4 apps/layer1/main.o
                0x000000000080e294                hr
 .data          0x000000000080e298       0x1c rf/trf6151.o
                0x000000000080e298                rf_arfcn
 .data          0x000000000080e2b4       0x10 fb/font.o
                0x000000000080e2b4                fb_fonts
 .data          0x000000000080e2c4       0x48 fb/fb_td014.o
                0x000000000080e2c4                fb_rgb332
                0x000000000080e2d4                framebuffer
 .data          0x000000000080e30c       0x15 calypso/libcalypso.a(irq.o)
 *fill*         0x000000000080e321        0x3 00
 .data          0x000000000080e324        0x4 calypso/libcalypso.a(tpu.o)
 .data          0x000000000080e328        0x8 layer1/liblayer1.a(l23_api.o)
 .data          0x000000000080e330       0x80 layer1/liblayer1.a(mframe_sched.o)
 .data          0x000000000080e3b0       0x10 layer1/liblayer1.a(sched_gsmtime.o)
 .data          0x000000000080e3c0       0x4e layer1/liblayer1.a(prim_rach.o)
 *fill*         0x000000000080e40e        0x2 00
 .data          0x000000000080e410        0x4 layer1/liblayer1.a(prim_fbsb.o)
 .data          0x000000000080e414       0x17 layer1/liblayer1.a(prim_utils.o)
 *fill*         0x000000000080e42b        0x1 00
 .data          0x000000000080e42c       0x18 layer1/liblayer1.a(afc.o)
 .data          0x000000000080e444       0x14 layer1/liblayer1.a(toa.o)
 .data          0x000000000080e458       0x72 layer1/liblayer1.a(rfch.o)
 .data          0x000000000080e4ca      0x100 lib/libmini.a(ctype.o)
                0x000000000080e4ca                _ctype
 *fill*         0x000000000080e5ca        0x2 00
 .data          0x000000000080e5cc        0x8 comm/libcomm.a(timer.o)
 .data          0x000000000080e5d4      0x1fc calypso/libcalypso.a(dsp.o)
                0x000000000080e5d4                dsp_api
                0x000000000080e294                PROVIDE (_data_start, LOADADDR (.data))
                0x000000000080e7d0                PROVIDE (_data_end, (LOADADDR (.data) + SIZEOF (.data)))
                0x000000000080e7d0                . = ALIGN (0x4)

.got            0x000000000080e7d0       0x18
 *(.got)
 .got           0x000000000080e7d0        0xc ../../shared/libosmocore/build-target/src/.libs/libosmocore.a(msgb.o)
 *(.got.plt)
 .got.plt       0x000000000080e7dc        0xc ../../shared/libosmocore/build-target/src/.libs/libosmocore.a(msgb.o)
                0x000000000080e7dc                _GLOBAL_OFFSET_TABLE_
 *(.igot.plt)
 *(.got)
 *(.igot)
                0x000000000080e7d0                PROVIDE (_got_start, LOADADDR (.got))
                0x000000000080e7e8                PROVIDE (_got_end, (LOADADDR (.got) + SIZEOF (.got)))

.bss            0x0000000000810000     0x7e10
                0x0000000000810000                . = ALIGN (0x4)
                0x0000000000810000                __bss_start = .
 *(.bss)
 .bss           0x0000000000810000        0x4 apps/layer1/main.o
 .bss           0x0000000000810004        0x4 abb/twl3025.o
 .bss           0x0000000000810008        0x4 rf/trf6151.o
 .bss           0x000000000081000c     0x1800 fb/fb_td014.o
 .bss           0x000000000081180c       0x80 calypso/libcalypso.a(irq.o)
 .bss           0x000000000081188c        0x4 calypso/libcalypso.a(rtc.o)
 .bss           0x0000000000811890      0x138 calypso/libcalypso.a(sim.o)
 .bss           0x00000000008119c8        0x2 calypso/libcalypso.a(tsp.o)
 *fill*         0x00000000008119ca        0x2 00
 .bss           0x00000000008119cc       0x24 calypso/libcalypso.a(keypad.o)
                0x00000000008119cc                power_hold
                0x00000000008119d0                lastbuttons
 .bss           0x00000000008119f0        0x1 calypso/libcalypso.a(uart.o)
 *fill*         0x00000000008119f1        0x3 00
 .bss           0x00000000008119f4        0x4 layer1/liblayer1.a(l23_api.o)
                0x00000000008119f4                l1a_l23_tx_cb
 .bss           0x00000000008119f8      0x140 layer1/liblayer1.a(sched_gsmtime.o)
 .bss           0x0000000000811b38        0x4 layer1/liblayer1.a(prim_tx_nb.o)
 .bss           0x0000000000811b3c       0x2c layer1/liblayer1.a(prim_rx_nb.o)
 .bss           0x0000000000811b68       0x34 layer1/liblayer1.a(prim_fbsb.o)
 .bss           0x0000000000811b9c       0x78 layer1/liblayer1.a(prim_tch.o)
 .bss           0x0000000000811c14        0x4 layer1/liblayer1.a(sync.o)
 .bss           0x0000000000811c18      0x400 lib/libmini.a(printf.o)
 .bss           0x0000000000812018     0x1010 lib/libmini.a(console.o)
 .bss           0x0000000000813028      0x62c comm/libcomm.a(sercomm.o)
 .bss           0x0000000000813654        0x4 comm/libcomm.a(sercomm_cons.o)
 .bss           0x0000000000813658     0x10ff ../../shared/libosmocore/build-target/src/.libs/libosmocore.a(utils.o)
 *fill*         0x0000000000814757        0x1 00
 .bss           0x0000000000814758        0x4 ../../shared/libosmocore/build-target/src/.libs/libosmocore.a(panic.o)
 .bss           0x000000000081475c        0x4 calypso/libcalypso.a(dsp.o)
 .bss           0x0000000000814760     0x2980 comm/libcomm.a(msgb.o)
 COMMON         0x00000000008170e0        0x8 layer1/liblayer1.a(prim_rach.o)
                0x00000000008170e0                last_rach
 COMMON         0x00000000008170e8      0xd20 layer1/liblayer1.a(sync.o)
                0x00000000008170e8                l1s
 COMMON         0x0000000000817e08        0x4 comm/libcomm.a(timer.o)
                0x0000000000817e08                jiffies
 COMMON         0x0000000000817e0c        0x4 ../../shared/libosmocore/build-target/src/.libs/libosmocore.a(msgb.o)
                0x0000000000817e0c                tall_msgb_ctx
                0x0000000000817e10                . = ALIGN (0x4)
                0x0000000000817e10                __bss_end = .
                0x0000000000810000                PROVIDE (_bss_start, __bss_start)
                0x0000000000817e10                PROVIDE (_bss_end, __bss_end)
                0x0000000000817e10                . = ALIGN (0x4)
                0x0000000000817e10                _end = .
                0x0000000000817e10                PROVIDE (end, .)

.rel.dyn
START GROUP
LOAD apps/layer1/main.o
LOAD abb/twl3025.o
LOAD rf/trf6151.o
LOAD flash/cfi_flash.o
LOAD board/common/calypso_uart.o
LOAD board/common/calypso_pwl.o
LOAD board/compal_e86/init.o
LOAD board/compal_e86/rffe_dualband_e86.o
LOAD board/compal/rf_power.o
LOAD battery/dummy.o
LOAD fb/framebuffer.o
LOAD fb/font.o
LOAD fb/helvR08.o
LOAD fb/helvB14.o
LOAD fb/c64.o
LOAD fb/symbols.o
LOAD fb/fb_rgb332.o
LOAD fb/fb_td014.o
LOAD board/compal/start.ram.o
LOAD board/compal/exceptions_redirected.o
LOAD board/compal/handlers.o
LOAD board/compal_e86/layer1.compalram.manifest.o
LOAD calypso/libcalypso.a
LOAD layer1/liblayer1.a
LOAD lib/libmini.a
LOAD comm/libcomm.a
LOAD ../../shared/libosmocore/build-target/src/.libs/libosmocore.a
LOAD ../../shared/libosmocore/build-target/src/gsm/.libs/libosmogsm.a
END GROUP
OUTPUT(board/compal_e86/layer1.compalram.elf elf32-littlearm)

.debug_abbrev   0x0000000000000000     0x6848
 .debug_abbrev  0x0000000000000000      0x1c8 apps/layer1/main.o
 .debug_abbrev  0x00000000000001c8      0x279 abb/twl3025.o
 .debug_abbrev  0x0000000000000441      0x250 rf/trf6151.o
 .debug_abbrev  0x0000000000000691      0x27d flash/cfi_flash.o
 .debug_abbrev  0x000000000000090e      0x14d board/compal_e86/init.o
 .debug_abbrev  0x0000000000000a5b       0xf5 board/compal_e86/rffe_dualband_e86.o
 .debug_abbrev  0x0000000000000b50       0x61 board/compal/rf_power.o
 .debug_abbrev  0x0000000000000bb1       0x75 battery/dummy.o
 .debug_abbrev  0x0000000000000c26       0xc0 fb/framebuffer.o
 .debug_abbrev  0x0000000000000ce6       0xe2 fb/font.o
 .debug_abbrev  0x0000000000000dc8       0xaf fb/helvR08.o
 .debug_abbrev  0x0000000000000e77       0xaf fb/helvB14.o
 .debug_abbrev  0x0000000000000f26       0xaf fb/c64.o
 .debug_abbrev  0x0000000000000fd5       0x97 fb/symbols.o
 .debug_abbrev  0x000000000000106c      0x245 fb/fb_rgb332.o
 .debug_abbrev  0x00000000000012b1      0x1eb fb/fb_td014.o
 .debug_abbrev  0x000000000000149c       0x40 board/compal_e86/layer1.compalram.manifest.o
 .debug_abbrev  0x00000000000014dc      0x137 calypso/libcalypso.a(clock.o)
 .debug_abbrev  0x0000000000001613       0x25 calypso/libcalypso.a(dma.o)
 .debug_abbrev  0x0000000000001638      0x196 calypso/libcalypso.a(irq.o)
 .debug_abbrev  0x00000000000017ce       0x86 calypso/libcalypso.a(rtc.o)
 .debug_abbrev  0x0000000000001854      0x2cd calypso/libcalypso.a(sim.o)
 .debug_abbrev  0x0000000000001b21       0xbf calypso/libcalypso.a(spi.o)
 .debug_abbrev  0x0000000000001be0      0x222 calypso/libcalypso.a(tpu.o)
 .debug_abbrev  0x0000000000001e02       0xe1 calypso/libcalypso.a(tsp.o)
 .debug_abbrev  0x0000000000001ee3      0x145 calypso/libcalypso.a(keypad.o)
 .debug_abbrev  0x0000000000002028       0xa4 calypso/libcalypso.a(misc.o)
 .debug_abbrev  0x00000000000020cc       0xfd calypso/libcalypso.a(timer.o)
 .debug_abbrev  0x00000000000021c9       0x8c calypso/libcalypso.a(backlight.o)
 .debug_abbrev  0x0000000000002255      0x1dc calypso/libcalypso.a(uart.o)
 .debug_abbrev  0x0000000000002431       0xef calypso/libcalypso.a(uwire.o)
 .debug_abbrev  0x0000000000002520       0x74 calypso/libcalypso.a(arm.o)
 .debug_abbrev  0x0000000000002594       0x55 layer1/liblayer1.a(init.o)
 .debug_abbrev  0x00000000000025e9      0x3e7 layer1/liblayer1.a(l23_api.o)
 .debug_abbrev  0x00000000000029d0      0x26c layer1/liblayer1.a(mframe_sched.o)
 .debug_abbrev  0x0000000000002c3c      0x1cf layer1/liblayer1.a(sched_gsmtime.o)
 .debug_abbrev  0x0000000000002e0b      0x214 layer1/liblayer1.a(async.o)
 .debug_abbrev  0x000000000000301f      0x2e2 layer1/liblayer1.a(prim_pm.o)
 .debug_abbrev  0x0000000000003301      0x2b0 layer1/liblayer1.a(prim_rach.o)
 .debug_abbrev  0x00000000000035b1      0x2de layer1/liblayer1.a(prim_tx_nb.o)
 .debug_abbrev  0x000000000000388f      0x297 layer1/liblayer1.a(prim_rx_nb.o)
 .debug_abbrev  0x0000000000003b26      0x39e layer1/liblayer1.a(prim_fbsb.o)
 .debug_abbrev  0x0000000000003ec4      0x1d6 layer1/liblayer1.a(prim_freq.o)
 .debug_abbrev  0x000000000000409a      0x18f layer1/liblayer1.a(prim_utils.o)
 .debug_abbrev  0x0000000000004229      0x39a layer1/liblayer1.a(prim_tch.o)
 .debug_abbrev  0x00000000000045c3       0x9e layer1/liblayer1.a(agc.o)
 .debug_abbrev  0x0000000000004661      0x188 layer1/liblayer1.a(afc.o)
 .debug_abbrev  0x00000000000047e9      0x1b2 layer1/liblayer1.a(toa.o)
 .debug_abbrev  0x000000000000499b      0x360 layer1/liblayer1.a(sync.o)
 .debug_abbrev  0x0000000000004cfb      0x279 layer1/liblayer1.a(tdma_sched.o)
 .debug_abbrev  0x0000000000004f74      0x261 layer1/liblayer1.a(tpu_window.o)
 .debug_abbrev  0x00000000000051d5      0x20d layer1/liblayer1.a(rfch.o)
 .debug_abbrev  0x00000000000053e2       0xc6 layer1/liblayer1.a(apc.o)
 .debug_abbrev  0x00000000000054a8       0xe2 layer1/liblayer1.a(avg.o)
 .debug_abbrev  0x000000000000558a      0x25a lib/libmini.a(vsprintf.o)
 .debug_abbrev  0x00000000000057e4       0xa8 lib/libmini.a(string.o)
 .debug_abbrev  0x000000000000588c       0x42 lib/libmini.a(ctype.o)
 .debug_abbrev  0x00000000000058ce       0xb6 lib/libmini.a(printf.o)
 .debug_abbrev  0x0000000000005984      0x1e4 lib/libmini.a(console.o)
 .debug_abbrev  0x0000000000005b68       0x81 lib/libmini.a(ctors.o)
 .debug_abbrev  0x0000000000005be9       0x6c lib/libmini.a(delay.o)
 .debug_abbrev  0x0000000000005c55      0x2ab comm/libcomm.a(sercomm.o)
 .debug_abbrev  0x0000000000005f00      0x24f comm/libcomm.a(sercomm_cons.o)
 .debug_abbrev  0x000000000000614f      0x1f9 comm/libcomm.a(timer.o)
 .debug_abbrev  0x0000000000006348      0x370 calypso/libcalypso.a(dsp.o)
 .debug_abbrev  0x00000000000066b8      0x190 comm/libcomm.a(msgb.o)

.debug_info     0x0000000000000000    0x212af
 .debug_info    0x0000000000000000      0x58f apps/layer1/main.o
 .debug_info    0x000000000000058f      0x567 abb/twl3025.o
 .debug_info    0x0000000000000af6      0x892 rf/trf6151.o
 .debug_info    0x0000000000001388      0xafd flash/cfi_flash.o
 .debug_info    0x0000000000001e85      0x293 board/compal_e86/init.o
 .debug_info    0x0000000000002118      0x275 board/compal_e86/rffe_dualband_e86.o
 .debug_info    0x000000000000238d       0xc3 board/compal/rf_power.o
 .debug_info    0x0000000000002450       0xc2 battery/dummy.o
 .debug_info    0x0000000000002512      0x1ee fb/framebuffer.o
 .debug_info    0x0000000000002700      0x23a fb/font.o
 .debug_info    0x000000000000293a      0x186 fb/helvR08.o
 .debug_info    0x0000000000002ac0      0x186 fb/helvB14.o
 .debug_info    0x0000000000002c46      0x186 fb/c64.o
 .debug_info    0x0000000000002dcc      0x183 fb/symbols.o
 .debug_info    0x0000000000002f4f      0x7f3 fb/fb_rgb332.o
 .debug_info    0x0000000000003742      0x4c1 fb/fb_td014.o
 .debug_info    0x0000000000003c03       0x80 board/compal_e86/layer1.compalram.manifest.o
 .debug_info    0x0000000000003c83      0x402 calypso/libcalypso.a(clock.o)
 .debug_info    0x0000000000004085       0x32 calypso/libcalypso.a(dma.o)
 .debug_info    0x00000000000040b7      0x41f calypso/libcalypso.a(irq.o)
 .debug_info    0x00000000000044d6      0x14c calypso/libcalypso.a(rtc.o)
 .debug_info    0x0000000000004622      0x7f0 calypso/libcalypso.a(sim.o)
 .debug_info    0x0000000000004e12      0x132 calypso/libcalypso.a(spi.o)
 .debug_info    0x0000000000004f44      0x451 calypso/libcalypso.a(tpu.o)
 .debug_info    0x0000000000005395      0x2a9 calypso/libcalypso.a(tsp.o)
 .debug_info    0x000000000000563e      0x427 calypso/libcalypso.a(keypad.o)
 .debug_info    0x0000000000005a65      0x110 calypso/libcalypso.a(misc.o)
 .debug_info    0x0000000000005b75      0x290 calypso/libcalypso.a(timer.o)
 .debug_info    0x0000000000005e05       0xd0 calypso/libcalypso.a(backlight.o)
 .debug_info    0x0000000000005ed5      0x689 calypso/libcalypso.a(uart.o)
 .debug_info    0x000000000000655e      0x1ae calypso/libcalypso.a(uwire.o)
 .debug_info    0x000000000000670c       0x8b calypso/libcalypso.a(arm.o)
 .debug_info    0x0000000000006797       0x9d layer1/liblayer1.a(init.o)
 .debug_info    0x0000000000006834     0x1cfa layer1/liblayer1.a(l23_api.o)
 .debug_info    0x000000000000852e      0xe57 layer1/liblayer1.a(mframe_sched.o)
 .debug_info    0x0000000000009385      0x54a layer1/liblayer1.a(sched_gsmtime.o)
 .debug_info    0x00000000000098cf      0xba0 layer1/liblayer1.a(async.o)
 .debug_info    0x000000000000a46f     0x1e58 layer1/liblayer1.a(prim_pm.o)
 .debug_info    0x000000000000c2c7     0x1c7a layer1/liblayer1.a(prim_rach.o)
 .debug_info    0x000000000000df41     0x1c17 layer1/liblayer1.a(prim_tx_nb.o)
 .debug_info    0x000000000000fb58     0x1e61 layer1/liblayer1.a(prim_rx_nb.o)
 .debug_info    0x00000000000119b9     0x217b layer1/liblayer1.a(prim_fbsb.o)
 .debug_info    0x0000000000013b34      0x92b layer1/liblayer1.a(prim_freq.o)
 .debug_info    0x000000000001445f      0x8c9 layer1/liblayer1.a(prim_utils.o)
 .debug_info    0x0000000000014d28     0x25db layer1/liblayer1.a(prim_tch.o)
 .debug_info    0x0000000000017303      0x113 layer1/liblayer1.a(agc.o)
 .debug_info    0x0000000000017416     0x1429 layer1/liblayer1.a(afc.o)
 .debug_info    0x000000000001883f      0x859 layer1/liblayer1.a(toa.o)
 .debug_info    0x0000000000019098     0x1ee9 layer1/liblayer1.a(sync.o)
 .debug_info    0x000000000001af81      0xb31 layer1/liblayer1.a(tdma_sched.o)
 .debug_info    0x000000000001bab2      0xa1b layer1/liblayer1.a(tpu_window.o)
 .debug_info    0x000000000001c4cd      0x8c6 layer1/liblayer1.a(rfch.o)
 .debug_info    0x000000000001cd93      0x184 layer1/liblayer1.a(apc.o)
 .debug_info    0x000000000001cf17      0x187 layer1/liblayer1.a(avg.o)
 .debug_info    0x000000000001d09e      0xa94 lib/libmini.a(vsprintf.o)
 .debug_info    0x000000000001db32      0x11d lib/libmini.a(string.o)
 .debug_info    0x000000000001dc4f       0x56 lib/libmini.a(ctype.o)
 .debug_info    0x000000000001dca5       0xfe lib/libmini.a(printf.o)
 .debug_info    0x000000000001dda3      0x383 lib/libmini.a(console.o)
 .debug_info    0x000000000001e126       0x98 lib/libmini.a(ctors.o)
 .debug_info    0x000000000001e1be       0x8e lib/libmini.a(delay.o)
 .debug_info    0x000000000001e24c      0x81a comm/libcomm.a(sercomm.o)
 .debug_info    0x000000000001ea66      0x50e comm/libcomm.a(sercomm_cons.o)
 .debug_info    0x000000000001ef74      0x57d comm/libcomm.a(timer.o)
 .debug_info    0x000000000001f4f1     0x1a9f calypso/libcalypso.a(dsp.o)
 .debug_info    0x0000000000020f90      0x31f comm/libcomm.a(msgb.o)

.debug_line     0x0000000000000000     0x6949
 .debug_line    0x0000000000000000      0x1d9 apps/layer1/main.o
 .debug_line    0x00000000000001d9      0x2c4 abb/twl3025.o
 .debug_line    0x000000000000049d      0x329 rf/trf6151.o
 .debug_line    0x00000000000007c6      0x221 flash/cfi_flash.o
 .debug_line    0x00000000000009e7      0x133 board/compal_e86/init.o
 .debug_line    0x0000000000000b1a      0x18a board/compal_e86/rffe_dualband_e86.o
 .debug_line    0x0000000000000ca4       0x90 board/compal/rf_power.o
 .debug_line    0x0000000000000d34       0x59 battery/dummy.o
 .debug_line    0x0000000000000d8d       0x9b fb/framebuffer.o
 .debug_line    0x0000000000000e28       0xb2 fb/font.o
 .debug_line    0x0000000000000eda       0x9a fb/helvR08.o
 .debug_line    0x0000000000000f74       0x9a fb/helvB14.o
 .debug_line    0x000000000000100e       0x96 fb/c64.o
 .debug_line    0x00000000000010a4       0x9a fb/symbols.o
 .debug_line    0x000000000000113e      0x252 fb/fb_rgb332.o
 .debug_line    0x0000000000001390      0x139 fb/fb_td014.o
 .debug_line    0x00000000000014c9       0x2e board/compal_e86/layer1.compalram.manifest.o
 .debug_line    0x00000000000014f7      0x196 calypso/libcalypso.a(clock.o)
 .debug_line    0x000000000000168d       0x3c calypso/libcalypso.a(dma.o)
 .debug_line    0x00000000000016c9      0x17d calypso/libcalypso.a(irq.o)
 .debug_line    0x0000000000001846       0x6c calypso/libcalypso.a(rtc.o)
 .debug_line    0x00000000000018b2      0x32f calypso/libcalypso.a(sim.o)
 .debug_line    0x0000000000001be1       0xd5 calypso/libcalypso.a(spi.o)
 .debug_line    0x0000000000001cb6      0x250 calypso/libcalypso.a(tpu.o)
 .debug_line    0x0000000000001f06      0x177 calypso/libcalypso.a(tsp.o)
 .debug_line    0x000000000000207d      0x189 calypso/libcalypso.a(keypad.o)
 .debug_line    0x0000000000002206       0x78 calypso/libcalypso.a(misc.o)
 .debug_line    0x000000000000227e      0x159 calypso/libcalypso.a(timer.o)
 .debug_line    0x00000000000023d7       0xc2 calypso/libcalypso.a(backlight.o)
 .debug_line    0x0000000000002499      0x285 calypso/libcalypso.a(uart.o)
 .debug_line    0x000000000000271e       0xe2 calypso/libcalypso.a(uwire.o)
 .debug_line    0x0000000000002800       0x49 calypso/libcalypso.a(arm.o)
 .debug_line    0x0000000000002849       0x68 layer1/liblayer1.a(init.o)
 .debug_line    0x00000000000028b1      0x443 layer1/liblayer1.a(l23_api.o)
 .debug_line    0x0000000000002cf4      0x1f2 layer1/liblayer1.a(mframe_sched.o)
 .debug_line    0x0000000000002ee6      0x1e1 layer1/liblayer1.a(sched_gsmtime.o)
 .debug_line    0x00000000000030c7      0x21d layer1/liblayer1.a(async.o)
 .debug_line    0x00000000000032e4      0x2d6 layer1/liblayer1.a(prim_pm.o)
 .debug_line    0x00000000000035ba      0x217 layer1/liblayer1.a(prim_rach.o)
 .debug_line    0x00000000000037d1      0x22d layer1/liblayer1.a(prim_tx_nb.o)
 .debug_line    0x00000000000039fe      0x2b3 layer1/liblayer1.a(prim_rx_nb.o)
 .debug_line    0x0000000000003cb1      0x44d layer1/liblayer1.a(prim_fbsb.o)
 .debug_line    0x00000000000040fe      0x198 layer1/liblayer1.a(prim_freq.o)
 .debug_line    0x0000000000004296      0x185 layer1/liblayer1.a(prim_utils.o)
 .debug_line    0x000000000000441b      0x497 layer1/liblayer1.a(prim_tch.o)
 .debug_line    0x00000000000048b2       0xc2 layer1/liblayer1.a(agc.o)
 .debug_line    0x0000000000004974      0x149 layer1/liblayer1.a(afc.o)
 .debug_line    0x0000000000004abd      0x180 layer1/liblayer1.a(toa.o)
 .debug_line    0x0000000000004c3d      0x3a8 layer1/liblayer1.a(sync.o)
 .debug_line    0x0000000000004fe5      0x23e layer1/liblayer1.a(tdma_sched.o)
 .debug_line    0x0000000000005223      0x272 layer1/liblayer1.a(tpu_window.o)
 .debug_line    0x0000000000005495      0x195 layer1/liblayer1.a(rfch.o)
 .debug_line    0x000000000000562a       0xef layer1/liblayer1.a(apc.o)
 .debug_line    0x0000000000005719       0xd0 layer1/liblayer1.a(avg.o)
 .debug_line    0x00000000000057e9      0x38f lib/libmini.a(vsprintf.o)
 .debug_line    0x0000000000005b78       0xa4 lib/libmini.a(string.o)
 .debug_line    0x0000000000005c1c       0x29 lib/libmini.a(ctype.o)
 .debug_line    0x0000000000005c45       0x82 lib/libmini.a(printf.o)
 .debug_line    0x0000000000005cc7      0x122 lib/libmini.a(console.o)
 .debug_line    0x0000000000005de9       0x3b lib/libmini.a(ctors.o)
 .debug_line    0x0000000000005e24       0x4e lib/libmini.a(delay.o)
 .debug_line    0x0000000000005e72      0x2c0 comm/libcomm.a(sercomm.o)
 .debug_line    0x0000000000006132      0x191 comm/libcomm.a(sercomm_cons.o)
 .debug_line    0x00000000000062c3      0x177 comm/libcomm.a(timer.o)
 .debug_line    0x000000000000643a      0x40a calypso/libcalypso.a(dsp.o)
 .debug_line    0x0000000000006844      0x105 comm/libcomm.a(msgb.o)

.debug_frame    0x0000000000000000     0x25a0
 .debug_frame   0x0000000000000000       0x7c apps/layer1/main.o
 .debug_frame   0x000000000000007c      0x1b0 abb/twl3025.o
 .debug_frame   0x000000000000022c      0x1a4 rf/trf6151.o
 .debug_frame   0x00000000000003d0       0xd8 flash/cfi_flash.o
 .debug_frame   0x00000000000004a8       0x30 board/compal_e86/init.o
 .debug_frame   0x00000000000004d8       0xbc board/compal_e86/rffe_dualband_e86.o
 .debug_frame   0x0000000000000594       0x20 battery/dummy.o
 .debug_frame   0x00000000000005b4       0x20 fb/font.o
 .debug_frame   0x00000000000005d4      0x100 fb/fb_rgb332.o
 .debug_frame   0x00000000000006d4       0x68 fb/fb_td014.o
 .debug_frame   0x000000000000073c       0xc0 calypso/libcalypso.a(clock.o)
 .debug_frame   0x00000000000007fc       0x20 calypso/libcalypso.a(dma.o)
 .debug_frame   0x000000000000081c       0xb8 calypso/libcalypso.a(irq.o)
 .debug_frame   0x00000000000008d4       0x38 calypso/libcalypso.a(rtc.o)
 .debug_frame   0x000000000000090c      0x120 calypso/libcalypso.a(sim.o)
 .debug_frame   0x0000000000000a2c       0x3c calypso/libcalypso.a(spi.o)
 .debug_frame   0x0000000000000a68      0x150 calypso/libcalypso.a(tpu.o)
 .debug_frame   0x0000000000000bb8       0xc0 calypso/libcalypso.a(tsp.o)
 .debug_frame   0x0000000000000c78       0xa0 calypso/libcalypso.a(keypad.o)
 .debug_frame   0x0000000000000d18       0x5c calypso/libcalypso.a(misc.o)
 .debug_frame   0x0000000000000d74       0xa0 calypso/libcalypso.a(timer.o)
 .debug_frame   0x0000000000000e14       0x30 calypso/libcalypso.a(backlight.o)
 .debug_frame   0x0000000000000e44      0x174 calypso/libcalypso.a(uart.o)
 .debug_frame   0x0000000000000fb8       0x30 calypso/libcalypso.a(uwire.o)
 .debug_frame   0x0000000000000fe8       0x30 calypso/libcalypso.a(arm.o)
 .debug_frame   0x0000000000001018       0x28 layer1/liblayer1.a(init.o)
 .debug_frame   0x0000000000001040      0x128 layer1/liblayer1.a(l23_api.o)
 .debug_frame   0x0000000000001168       0x84 layer1/liblayer1.a(mframe_sched.o)
 .debug_frame   0x00000000000011ec       0xb8 layer1/liblayer1.a(sched_gsmtime.o)
 .debug_frame   0x00000000000012a4       0xec layer1/liblayer1.a(async.o)
 .debug_frame   0x0000000000001390       0xdc layer1/liblayer1.a(prim_pm.o)
 .debug_frame   0x000000000000146c       0x8c layer1/liblayer1.a(prim_rach.o)
 .debug_frame   0x00000000000014f8       0x94 layer1/liblayer1.a(prim_tx_nb.o)
 .debug_frame   0x000000000000158c       0x84 layer1/liblayer1.a(prim_rx_nb.o)
 .debug_frame   0x0000000000001610      0x15c layer1/liblayer1.a(prim_fbsb.o)
 .debug_frame   0x000000000000176c       0x44 layer1/liblayer1.a(prim_freq.o)
 .debug_frame   0x00000000000017b0       0x40 layer1/liblayer1.a(prim_utils.o)
 .debug_frame   0x00000000000017f0      0x170 layer1/liblayer1.a(prim_tch.o)
 .debug_frame   0x0000000000001960       0x38 layer1/liblayer1.a(agc.o)
 .debug_frame   0x0000000000001998       0x70 layer1/liblayer1.a(afc.o)
 .debug_frame   0x0000000000001a08       0x50 layer1/liblayer1.a(toa.o)
 .debug_frame   0x0000000000001a58      0x150 layer1/liblayer1.a(sync.o)
 .debug_frame   0x0000000000001ba8       0xf4 layer1/liblayer1.a(tdma_sched.o)
 .debug_frame   0x0000000000001c9c       0xcc layer1/liblayer1.a(tpu_window.o)
 .debug_frame   0x0000000000001d68       0x30 layer1/liblayer1.a(rfch.o)
 .debug_frame   0x0000000000001d98       0x38 layer1/liblayer1.a(apc.o)
 .debug_frame   0x0000000000001dd0       0x38 layer1/liblayer1.a(avg.o)
 .debug_frame   0x0000000000001e08      0x1d0 lib/libmini.a(vsprintf.o)
 .debug_frame   0x0000000000001fd8       0x30 lib/libmini.a(string.o)
 .debug_frame   0x0000000000002008       0x38 lib/libmini.a(printf.o)
 .debug_frame   0x0000000000002040       0xfc lib/libmini.a(console.o)
 .debug_frame   0x000000000000213c       0x2c lib/libmini.a(ctors.o)
 .debug_frame   0x0000000000002168       0x38 lib/libmini.a(delay.o)
 .debug_frame   0x00000000000021a0      0x10c comm/libcomm.a(sercomm.o)
 .debug_frame   0x00000000000022ac       0x84 comm/libcomm.a(sercomm_cons.o)
 .debug_frame   0x0000000000002330       0xb0 comm/libcomm.a(timer.o)
 .debug_frame   0x00000000000023e0      0x180 calypso/libcalypso.a(dsp.o)
 .debug_frame   0x0000000000002560       0x40 comm/libcomm.a(msgb.o)

.debug_loc      0x0000000000000000     0x66bc
 .debug_loc     0x0000000000000000       0xcc apps/layer1/main.o
 .debug_loc     0x00000000000000cc      0x30b abb/twl3025.o
 .debug_loc     0x00000000000003d7      0x4b8 rf/trf6151.o
 .debug_loc     0x000000000000088f      0x3d1 flash/cfi_flash.o
 .debug_loc     0x0000000000000c60       0x72 board/compal_e86/init.o
 .debug_loc     0x0000000000000cd2       0xed board/compal_e86/rffe_dualband_e86.o
 .debug_loc     0x0000000000000dbf       0x31 fb/font.o
 .debug_loc     0x0000000000000df0      0x503 fb/fb_rgb332.o
 .debug_loc     0x00000000000012f3       0xb5 fb/fb_td014.o
 .debug_loc     0x00000000000013a8      0x1fd calypso/libcalypso.a(clock.o)
 .debug_loc     0x00000000000015a5      0x11e calypso/libcalypso.a(irq.o)
 .debug_loc     0x00000000000016c3      0x1ac calypso/libcalypso.a(sim.o)
 .debug_loc     0x000000000000186f      0x10c calypso/libcalypso.a(spi.o)
 .debug_loc     0x000000000000197b      0x1d2 calypso/libcalypso.a(tpu.o)
 .debug_loc     0x0000000000001b4d      0x1bc calypso/libcalypso.a(tsp.o)
 .debug_loc     0x0000000000001d09       0xd2 calypso/libcalypso.a(keypad.o)
 .debug_loc     0x0000000000001ddb       0x31 calypso/libcalypso.a(misc.o)
 .debug_loc     0x0000000000001e0c      0x103 calypso/libcalypso.a(timer.o)
 .debug_loc     0x0000000000001f0f       0x34 calypso/libcalypso.a(backlight.o)
 .debug_loc     0x0000000000001f43      0x39f calypso/libcalypso.a(uart.o)
 .debug_loc     0x00000000000022e2       0xc2 calypso/libcalypso.a(uwire.o)
 .debug_loc     0x00000000000023a4       0x13 calypso/libcalypso.a(arm.o)
 .debug_loc     0x00000000000023b7      0x6ad layer1/liblayer1.a(l23_api.o)
 .debug_loc     0x0000000000002a64      0x10a layer1/liblayer1.a(mframe_sched.o)
 .debug_loc     0x0000000000002b6e       0x96 layer1/liblayer1.a(sched_gsmtime.o)
 .debug_loc     0x0000000000002c04      0x185 layer1/liblayer1.a(async.o)
 .debug_loc     0x0000000000002d89      0x2b1 layer1/liblayer1.a(prim_pm.o)
 .debug_loc     0x000000000000303a      0x15a layer1/liblayer1.a(prim_rach.o)
 .debug_loc     0x0000000000003194      0x1ec layer1/liblayer1.a(prim_tx_nb.o)
 .debug_loc     0x0000000000003380      0x1bb layer1/liblayer1.a(prim_rx_nb.o)
 .debug_loc     0x000000000000353b      0x3fd layer1/liblayer1.a(prim_fbsb.o)
 .debug_loc     0x0000000000003938       0x88 layer1/liblayer1.a(prim_freq.o)
 .debug_loc     0x00000000000039c0      0x6d2 layer1/liblayer1.a(prim_tch.o)
 .debug_loc     0x0000000000004092       0x3c layer1/liblayer1.a(agc.o)
 .debug_loc     0x00000000000040ce       0xb9 layer1/liblayer1.a(afc.o)
 .debug_loc     0x0000000000004187       0x75 layer1/liblayer1.a(toa.o)
 .debug_loc     0x00000000000041fc      0x1e3 layer1/liblayer1.a(sync.o)
 .debug_loc     0x00000000000043df      0x2a7 layer1/liblayer1.a(tdma_sched.o)
 .debug_loc     0x0000000000004686      0x1e5 layer1/liblayer1.a(tpu_window.o)
 .debug_loc     0x000000000000486b      0x111 layer1/liblayer1.a(rfch.o)
 .debug_loc     0x000000000000497c       0x6d layer1/liblayer1.a(apc.o)
 .debug_loc     0x00000000000049e9       0x47 layer1/liblayer1.a(avg.o)
 .debug_loc     0x0000000000004a30     0x1101 lib/libmini.a(vsprintf.o)
 .debug_loc     0x0000000000005b31       0x62 lib/libmini.a(string.o)
 .debug_loc     0x0000000000005b93       0x3f lib/libmini.a(printf.o)
 .debug_loc     0x0000000000005bd2      0x1b6 lib/libmini.a(console.o)
 .debug_loc     0x0000000000005d88       0x3c lib/libmini.a(ctors.o)
 .debug_loc     0x0000000000005dc4       0x66 lib/libmini.a(delay.o)
 .debug_loc     0x0000000000005e2a      0x168 comm/libcomm.a(sercomm.o)
 .debug_loc     0x0000000000005f92      0x1aa comm/libcomm.a(sercomm_cons.o)
 .debug_loc     0x000000000000613c       0xf9 comm/libcomm.a(timer.o)
 .debug_loc     0x0000000000006235      0x3fc calypso/libcalypso.a(dsp.o)
 .debug_loc     0x0000000000006631       0x8b comm/libcomm.a(msgb.o)

.debug_pubnames
                0x0000000000000000     0x1add
 .debug_pubnames
                0x0000000000000000       0x22 apps/layer1/main.o
 .debug_pubnames
                0x0000000000000022      0x13c abb/twl3025.o
 .debug_pubnames
                0x000000000000015e      0x164 rf/trf6151.o
 .debug_pubnames
                0x00000000000002c2       0xa6 flash/cfi_flash.o
 .debug_pubnames
                0x0000000000000368       0x21 board/compal_e86/init.o
 .debug_pubnames
                0x0000000000000389       0xd6 board/compal_e86/rffe_dualband_e86.o
 .debug_pubnames
                0x000000000000045f       0x3c board/compal/rf_power.o
 .debug_pubnames
                0x000000000000049b       0x3a battery/dummy.o
 .debug_pubnames
                0x00000000000004d5       0x34 fb/font.o
 .debug_pubnames
                0x0000000000000509       0x23 fb/helvR08.o
 .debug_pubnames
                0x000000000000052c       0x23 fb/helvB14.o
 .debug_pubnames
                0x000000000000054f       0x1f fb/c64.o
 .debug_pubnames
                0x000000000000056e       0x23 fb/symbols.o
 .debug_pubnames
                0x0000000000000591       0x64 fb/fb_rgb332.o
 .debug_pubnames
                0x00000000000005f5       0x30 fb/fb_td014.o
 .debug_pubnames
                0x0000000000000625       0x6d board/compal_e86/layer1.compalram.manifest.o
 .debug_pubnames
                0x0000000000000692       0xd0 calypso/libcalypso.a(clock.o)
 .debug_pubnames
                0x0000000000000762       0x1f calypso/libcalypso.a(dma.o)
 .debug_pubnames
                0x0000000000000781       0x95 calypso/libcalypso.a(irq.o)
 .debug_pubnames
                0x0000000000000816       0x1f calypso/libcalypso.a(rtc.o)
 .debug_pubnames
                0x0000000000000835       0xe9 calypso/libcalypso.a(sim.o)
 .debug_pubnames
                0x000000000000091e       0x2c calypso/libcalypso.a(spi.o)
 .debug_pubnames
                0x000000000000094a      0x12d calypso/libcalypso.a(tpu.o)
 .debug_pubnames
                0x0000000000000a77       0x9a calypso/libcalypso.a(tsp.o)
 .debug_pubnames
                0x0000000000000b11       0x8a calypso/libcalypso.a(keypad.o)
 .debug_pubnames
                0x0000000000000b9b       0x41 calypso/libcalypso.a(misc.o)
 .debug_pubnames
                0x0000000000000bdc       0x8a calypso/libcalypso.a(timer.o)
 .debug_pubnames
                0x0000000000000c66       0x2f calypso/libcalypso.a(backlight.o)
 .debug_pubnames
                0x0000000000000c95       0xa3 calypso/libcalypso.a(uart.o)
 .debug_pubnames
                0x0000000000000d38       0x30 calypso/libcalypso.a(uwire.o)
 .debug_pubnames
                0x0000000000000d68       0x47 calypso/libcalypso.a(arm.o)
 .debug_pubnames
                0x0000000000000daf       0x22 layer1/liblayer1.a(init.o)
 .debug_pubnames
                0x0000000000000dd1       0xac layer1/liblayer1.a(l23_api.o)
 .debug_pubnames
                0x0000000000000e7d       0x83 layer1/liblayer1.a(mframe_sched.o)
 .debug_pubnames
                0x0000000000000f00       0x6d layer1/liblayer1.a(sched_gsmtime.o)
 .debug_pubnames
                0x0000000000000f6d       0xfa layer1/liblayer1.a(async.o)
 .debug_pubnames
                0x0000000000001067       0x39 layer1/liblayer1.a(prim_pm.o)
 .debug_pubnames
                0x00000000000010a0       0x47 layer1/liblayer1.a(prim_rach.o)
 .debug_pubnames
                0x00000000000010e7       0x36 layer1/liblayer1.a(prim_tx_nb.o)
 .debug_pubnames
                0x000000000000111d       0x23 layer1/liblayer1.a(prim_rx_nb.o)
 .debug_pubnames
                0x0000000000001140       0x33 layer1/liblayer1.a(prim_fbsb.o)
 .debug_pubnames
                0x0000000000001173       0x44 layer1/liblayer1.a(prim_freq.o)
 .debug_pubnames
                0x00000000000011b7       0x55 layer1/liblayer1.a(prim_utils.o)
 .debug_pubnames
                0x000000000000120c       0x4c layer1/liblayer1.a(prim_tch.o)
 .debug_pubnames
                0x0000000000001258       0x3c layer1/liblayer1.a(agc.o)
 .debug_pubnames
                0x0000000000001294       0x4f layer1/liblayer1.a(afc.o)
 .debug_pubnames
                0x00000000000012e3       0x2e layer1/liblayer1.a(toa.o)
 .debug_pubnames
                0x0000000000001311       0xeb layer1/liblayer1.a(sync.o)
 .debug_pubnames
                0x00000000000013fc       0xbb layer1/liblayer1.a(tdma_sched.o)
 .debug_pubnames
                0x00000000000014b7       0x60 layer1/liblayer1.a(tpu_window.o)
 .debug_pubnames
                0x0000000000001517       0x26 layer1/liblayer1.a(rfch.o)
 .debug_pubnames
                0x000000000000153d       0x41 layer1/liblayer1.a(apc.o)
 .debug_pubnames
                0x000000000000157e       0x3b layer1/liblayer1.a(avg.o)
 .debug_pubnames
                0x00000000000015b9       0xb3 lib/libmini.a(vsprintf.o)
 .debug_pubnames
                0x000000000000166c       0x29 lib/libmini.a(string.o)
 .debug_pubnames
                0x0000000000001695       0x1d lib/libmini.a(ctype.o)
 .debug_pubnames
                0x00000000000016b2       0x1d lib/libmini.a(printf.o)
 .debug_pubnames
                0x00000000000016cf       0x89 lib/libmini.a(console.o)
 .debug_pubnames
                0x0000000000001758       0x26 lib/libmini.a(ctors.o)
 .debug_pubnames
                0x000000000000177e       0x2c lib/libmini.a(delay.o)
 .debug_pubnames
                0x00000000000017aa       0xdd comm/libcomm.a(sercomm.o)
 .debug_pubnames
                0x0000000000001887       0x37 comm/libcomm.a(sercomm_cons.o)
 .debug_pubnames
                0x00000000000018be       0xaf comm/libcomm.a(timer.o)
 .debug_pubnames