Archive member included because of file (symbol)

calypso/libcalypso.a(clock.o)
                              apps/hello_world/main.o (calypso_clk_dump)
calypso/libcalypso.a(dma.o)   board/gta0x/init.o (dma_init)
calypso/libcalypso.a(irq.o)   abb/twl3025.o (irq_enable)
calypso/libcalypso.a(rtc.o)   board/gta0x/init.o (rtc_init)
calypso/libcalypso.a(spi.o)   abb/twl3025.o (spi_init)
calypso/libcalypso.a(tpu.o)   abb/twl3025.o (tpu_enqueue)
calypso/libcalypso.a(tsp.o)   abb/twl3025.o (tsp_write)
calypso/libcalypso.a(keypad.o)
                              board/gta0x/init.o (keypad_init)
calypso/libcalypso.a(misc.o)  apps/hello_world/main.o (dump_dev_id)
calypso/libcalypso.a(timer.o)
                              board/gta0x/init.o (hwtimer_init)
calypso/libcalypso.a(backlight.o)
                              board/gta0x/init.o (bl_mode_pwl)
calypso/libcalypso.a(uart.o)  board/gta0x/init.o (uart_init)
calypso/libcalypso.a(arm.o)   calypso/libcalypso.a(irq.o) (arm_enable_interrupts)
lib/libmini.a(vsprintf.o)     apps/hello_world/main.o (snprintf)
lib/libmini.a(string.o)       lib/libmini.a(vsprintf.o) (strnlen)
lib/libmini.a(ctype.o)        lib/libmini.a(vsprintf.o) (_ctype)
lib/libmini.a(printf.o)       apps/hello_world/main.o (printf)
lib/libmini.a(console.o)      board/gta0x/init.o (cons_bind_uart)
lib/libmini.a(ctors.o)        board/compal/start.ram.o (do_global_ctors)
lib/libmini.a(delay.o)        calypso/libcalypso.a(tpu.o) (delay_us)
lib/libmini.a(div64.o)        lib/libmini.a(vsprintf.o) (__do_div64)
lib/libmini.a(lib1funcs.o)    rf/trf6151.o (__udivsi3)
lib/libmini.a(memcpy.o)       lib/libmini.a(console.o) (memcpy)
lib/libmini.a(memset.o)       lib/libmini.a(console.o) (memset)
comm/libcomm.a(sercomm.o)     board/gta0x/init.o (sercomm_bind_uart)
comm/libcomm.a(sercomm_cons.o)
                              lib/libmini.a(vsprintf.o) (sercomm_puts)
comm/libcomm.a(timer.o)       calypso/libcalypso.a(keypad.o) (jiffies)
../../shared/libosmocore/build-target/src/.libs/libosmocore.a(msgb.o)
                              comm/libcomm.a(sercomm.o) (msgb_alloc)
../../shared/libosmocore/build-target/src/.libs/libosmocore.a(panic.o)
                              comm/libcomm.a(sercomm.o) (osmo_panic)
../../shared/libosmocore/build-target/src/gsm/.libs/libosmogsm.a(gsm_utils.o)
                              rf/trf6151.o (gsm_arfcn2band)
comm/libcomm.a(msgb.o)        ../../shared/libosmocore/build-target/src/.libs/libosmocore.a(msgb.o) (_talloc_zero)

Allocating common symbols
Common symbol       size              file

tall_msgb_ctx       0x4               ../../shared/libosmocore/build-target/src/.libs/libosmocore.a(msgb.o)
battery_info        0x14              battery/dummy.o
jiffies             0x4               comm/libcomm.a(timer.o)

Memory Configuration

Name             Origin             Length             Attributes
XRAM             0x0000000000800000 0x0000000000020000 rw
RAM              0x0000000000820000 0x0000000000030000 rw
*default*        0x0000000000000000 0xffffffffffffffff

Linker script and memory map

                0x0000000000820000                . = 0x820000

.text.start     0x0000000000820000       0x6c
                0x0000000000820000                PROVIDE (_start, .)
 *(.text.start)
 .text.start    0x0000000000820000       0x6c board/compal/start.ram.o
                0x0000000000820000                _start
 *(.text.start)

.text.exceptions
                0x000000000080001c       0x1c load address 0x000000000082006c
 *(.text.exceptions)
 .text.exceptions
                0x000000000080001c       0x1c board/compal/exceptions_redirected.o
 *(.text.exceptions)
                0x0000000000800038                . = ALIGN (0x4)
                0x000000000082006c                PROVIDE (_exceptions, LOADADDR (.text.exceptions))
                0x0000000000800038                . = ALIGN (0x4)

.text           0x0000000000820088     0x3acc load address 0x0000000000820088
 *(.text*)
 .text.fb_putstr
                0x0000000000820088       0x1c apps/hello_world/main.o
 .text.fb_flush
                0x00000000008200a4       0x1c apps/hello_world/main.o
 .text.console_rx_cb
                0x00000000008200c0       0x48 apps/hello_world/main.o
 .text.l1a_l23_rx_cb
                0x0000000000820108       0x50 apps/hello_world/main.o
 .text.key_handler
                0x0000000000820158        0x4 apps/hello_world/main.o
                0x0000000000820158                key_handler
 .text.write_battery_info
                0x000000000082015c       0xf8 apps/hello_world/main.o
                0x000000000082015c                write_battery_info
 .text.main     0x0000000000820254      0x164 apps/hello_world/main.o
                0x0000000000820254                main
 .text.twl3025_reg_write
                0x00000000008203b8       0x68 abb/twl3025.o
                0x00000000008203b8                twl3025_reg_write
 .text.twl3025_unit_enable
                0x0000000000820420       0x6c abb/twl3025.o
                0x0000000000820420                twl3025_unit_enable
 .text.twl3025_switch_page
                0x000000000082048c       0x30 abb/twl3025.o
 .text.twl3025_reg_read
                0x00000000008204bc       0x80 abb/twl3025.o
                0x00000000008204bc                twl3025_reg_read
 .text.twl3025_power_off
                0x000000000082053c       0x30 abb/twl3025.o
                0x000000000082053c                twl3025_power_off
 .text.twl3025_irq
                0x000000000082056c       0x4c abb/twl3025.o
 .text.twl3025_wait_ibic_access
                0x00000000008205b8        0x8 abb/twl3025.o
 .text.twl3025_clk13m
                0x00000000008205c0       0x38 abb/twl3025.o
                0x00000000008205c0                twl3025_clk13m
 .text.twl3025_init
                0x00000000008205f8       0x8c abb/twl3025.o
                0x00000000008205f8                twl3025_init
 .text          0x0000000000820684       0xfc board/common/calypso_uart.o
                0x0000000000820690                phex
                0x00000000008206c4                puts_asm
                0x0000000000820710                memdump_asm
                0x0000000000820700                putchar_asm
 .text.board_init
                0x0000000000820780      0x1b8 board/gta0x/init.o
                0x0000000000820780                board_init
 .text.fb_dummy_init
                0x0000000000820938        0x4 fb/fb_dummy.o
 .text.fb_dummy_clear
                0x000000000082093c        0x4 fb/fb_dummy.o
 .text.fb_dummy_boxto
                0x0000000000820940       0x18 fb/fb_dummy.o
 .text.fb_dummy_lineto
                0x0000000000820958       0x18 fb/fb_dummy.o
 .text.fb_dummy_putstr
                0x0000000000820970        0x8 fb/fb_dummy.o
 .text.fb_dummy_flush
                0x0000000000820978        0x4 fb/fb_dummy.o
 .text          0x000000000082097c       0x90 board/compal/handlers.o
                0x000000000082097c                handle_abort
                0x00000000008209bc                irq_entry
                0x00000000008209e4                fiq_entry
 .text.dump_reg16
                0x0000000000820a0c       0x10 calypso/libcalypso.a(clock.o)
 .text.calypso_clk_dump
                0x0000000000820a1c       0x6c calypso/libcalypso.a(clock.o)
                0x0000000000820a1c                calypso_clk_dump
 .text.calypso_pll_set
                0x0000000000820a88       0x38 calypso/libcalypso.a(clock.o)
                0x0000000000820a88                calypso_pll_set
 .text.calypso_clock_set
                0x0000000000820ac0       0xa0 calypso/libcalypso.a(clock.o)
                0x0000000000820ac0                calypso_clock_set
 .text.calypso_mem_cfg
                0x0000000000820b60       0x20 calypso/libcalypso.a(clock.o)
                0x0000000000820b60                calypso_mem_cfg
 .text.calypso_bootrom
                0x0000000000820b80       0x28 calypso/libcalypso.a(clock.o)
                0x0000000000820b80                calypso_bootrom
 .text.calypso_rhea_cfg
                0x0000000000820ba8       0x58 calypso/libcalypso.a(clock.o)
                0x0000000000820ba8                calypso_rhea_cfg
 .text.dma_init
                0x0000000000820c00       0x14 calypso/libcalypso.a(dma.o)
                0x0000000000820c00                dma_init
 .text._irq_enable
                0x0000000000820c14       0x48 calypso/libcalypso.a(irq.o)
 .text.irq_enable
                0x0000000000820c5c        0x8 calypso/libcalypso.a(irq.o)
                0x0000000000820c5c                irq_enable
 .text.irq_disable
                0x0000000000820c64        0x8 calypso/libcalypso.a(irq.o)
                0x0000000000820c64                irq_disable
 .text.irq_config
                0x0000000000820c6c       0x50 calypso/libcalypso.a(irq.o)
                0x0000000000820c6c                irq_config
 .text.irq      0x0000000000820cbc       0x44 calypso/libcalypso.a(irq.o)
                0x0000000000820cbc                irq
 .text.fiq      0x0000000000820d00       0x44 calypso/libcalypso.a(irq.o)
                0x0000000000820d00                fiq
 .text.irq_register_handler
                0x0000000000820d44       0x14 calypso/libcalypso.a(irq.o)
                0x0000000000820d44                irq_register_handler
 .text.calypso_exceptions_install
                0x0000000000820d58       0x30 calypso/libcalypso.a(irq.o)
                0x0000000000820d58                calypso_exceptions_install
 .text.irq_init
                0x0000000000820d88       0x6c calypso/libcalypso.a(irq.o)
                0x0000000000820d88                irq_init
 .text.rtc_irq_tick
                0x0000000000820df4       0x18 calypso/libcalypso.a(rtc.o)
 .text.rtc_init
                0x0000000000820e0c       0x5c calypso/libcalypso.a(rtc.o)
                0x0000000000820e0c                rtc_init
 .text.spi_init
                0x0000000000820e68       0x20 calypso/libcalypso.a(spi.o)
                0x0000000000820e68                spi_init
 .text.spi_xfer
                0x0000000000820e88      0x120 calypso/libcalypso.a(spi.o)
                0x0000000000820e88                spi_xfer
 .text.emit_key
                0x0000000000820fa8       0x58 calypso/libcalypso.a(keypad.o)
                0x0000000000820fa8                emit_key
 .text.dispatch_buttons
                0x0000000000821000       0xd4 calypso/libcalypso.a(keypad.o)
                0x0000000000821000                dispatch_buttons
 .text.keypad_irq
                0x00000000008210d4       0x18 calypso/libcalypso.a(keypad.o)
 .text.keypad_init
                0x00000000008210ec       0x88 calypso/libcalypso.a(keypad.o)
                0x00000000008210ec                keypad_init
 .text.keypad_set_handler
                0x0000000000821174       0x10 calypso/libcalypso.a(keypad.o)
                0x0000000000821174                keypad_set_handler
 .text.keypad_poll
                0x0000000000821184      0x1d0 calypso/libcalypso.a(keypad.o)
                0x0000000000821184                keypad_poll
 .text.dump_dev_id
                0x0000000000821354       0xa4 calypso/libcalypso.a(misc.o)
                0x0000000000821354                dump_dev_id
 .text.hwtimer_enable
                0x00000000008213f8       0x70 calypso/libcalypso.a(timer.o)
                0x00000000008213f8                hwtimer_enable
 .text.hwtimer_config
                0x0000000000821468       0x30 calypso/libcalypso.a(timer.o)
                0x0000000000821468                hwtimer_config
 .text.hwtimer_load
                0x0000000000821498       0x28 calypso/libcalypso.a(timer.o)
                0x0000000000821498                hwtimer_load
 .text.hwtimer_init
                0x00000000008214c0       0x1c calypso/libcalypso.a(timer.o)
                0x00000000008214c0                hwtimer_init
 .text.bl_mode_pwl
                0x00000000008214dc       0x44 calypso/libcalypso.a(backlight.o)
                0x00000000008214dc                bl_mode_pwl
 .text.bl_level
                0x0000000000821520       0x34 calypso/libcalypso.a(backlight.o)
                0x0000000000821520                bl_level
 .text.uart_set_lcr7bit
                0x0000000000821554       0x28 calypso/libcalypso.a(uart.o)
 .text.uart_set_lcr_bf
                0x000000000082157c       0x34 calypso/libcalypso.a(uart.o)
 .text.uart_set_mcr6bit
                0x00000000008215b0       0x28 calypso/libcalypso.a(uart.o)
 .text.uart_reg_write
                0x00000000008215d8       0x9c calypso/libcalypso.a(uart.o)
 .text.uart_reg_read
                0x0000000000821674       0x9c calypso/libcalypso.a(uart.o)
 .text.uart_irq_handler_cons
                0x0000000000821710       0x5c calypso/libcalypso.a(uart.o)
 .text.uart_irq_enable
                0x000000000082176c       0x58 calypso/libcalypso.a(uart.o)
                0x000000000082176c                uart_irq_enable
 .text.uart_tx_busy
                0x00000000008217c4       0x18 calypso/libcalypso.a(uart.o)
                0x00000000008217c4                uart_tx_busy
 .text.uart_putchar_nb
                0x00000000008217dc       0x34 calypso/libcalypso.a(uart.o)
                0x00000000008217dc                uart_putchar_nb
 .text.uart_getchar_nb
                0x0000000000821810       0x88 calypso/libcalypso.a(uart.o)
                0x0000000000821810                uart_getchar_nb
 .text.uart_irq_handler_sercomm
                0x0000000000821898      0x118 calypso/libcalypso.a(uart.o)
 .text.uart_init
                0x00000000008219b0      0x188 calypso/libcalypso.a(uart.o)
                0x00000000008219b0                uart_init
 .text.uart_putchar_wait
                0x0000000000821b38       0x2c calypso/libcalypso.a(uart.o)
                0x0000000000821b38                uart_putchar_wait
 .text.uart_baudrate
                0x0000000000821b64       0x74 calypso/libcalypso.a(uart.o)
                0x0000000000821b64                uart_baudrate
 .text.arm_enable_interrupts
                0x0000000000821bd8       0x10 calypso/libcalypso.a(arm.o)
                0x0000000000821bd8                arm_enable_interrupts
 .text.skip_atoi
                0x0000000000821be8       0x48 lib/libmini.a(vsprintf.o)
 .text.number   0x0000000000821c30      0x2a0 lib/libmini.a(vsprintf.o)
 .text.vsnprintf
                0x0000000000821ed0      0x540 lib/libmini.a(vsprintf.o)
                0x0000000000821ed0                vsnprintf
 .text.snprintf
                0x0000000000822410       0x30 lib/libmini.a(vsprintf.o)
                0x0000000000822410                snprintf
 .text.puts     0x0000000000822440        0x4 lib/libmini.a(vsprintf.o)
                0x0000000000822440                puts
 .text.strnlen  0x0000000000822444       0x2c lib/libmini.a(string.o)
                0x0000000000822444                strnlen
 .text.strlen   0x0000000000822470       0x20 lib/libmini.a(string.o)
                0x0000000000822470                strlen
 .text.printf   0x0000000000822490       0x50 lib/libmini.a(printf.o)
                0x0000000000822490                printf
 .text.cons_bind_uart
                0x00000000008224e0       0x18 lib/libmini.a(console.o)
                0x00000000008224e0                cons_bind_uart
 .text.cons_get_uart
                0x00000000008224f8       0x18 lib/libmini.a(console.o)
                0x00000000008224f8                cons_get_uart
 .text.cons_init
                0x0000000000822510       0x40 lib/libmini.a(console.o)
                0x0000000000822510                cons_init
 .text.cons_rb_pull
                0x0000000000822550       0x6c lib/libmini.a(console.o)
 .text.cons_rb_flush
                0x00000000008225bc       0x58 lib/libmini.a(console.o)
                0x00000000008225bc                cons_rb_flush
 .text.__cons_rb_append
                0x0000000000822614       0x6c lib/libmini.a(console.o)
 .text.cons_rb_append
                0x0000000000822680       0xe4 lib/libmini.a(console.o)
                0x0000000000822680                cons_rb_append
 .text.cons_puts
                0x0000000000822764       0x70 lib/libmini.a(console.o)
                0x0000000000822764                cons_puts
 .text.do_global_ctors
                0x00000000008227d4       0x30 lib/libmini.a(ctors.o)
                0x00000000008227d4                do_global_ctors
 .text.delay_ms
                0x0000000000822804       0x3c lib/libmini.a(delay.o)
                0x0000000000822804                delay_ms
 .text          0x0000000000822840      0x130 lib/libmini.a(div64.o)
                0x0000000000822840                __do_div64
 .text          0x0000000000822970      0x3d4 lib/libmini.a(lib1funcs.o)
                0x0000000000822970                __udivsi3
                0x0000000000822a58                __umodsi3
                0x0000000000822b14                __aeabi_idiv
                0x0000000000822d40                __div0
                0x0000000000822970                __aeabi_uidiv
                0x0000000000822b14                __divsi3
                0x0000000000822d00                __aeabi_uidivmod
                0x0000000000822c2c                __modsi3
                0x0000000000822d18                __aeabi_idivmod
 .text          0x0000000000822d44      0x29c lib/libmini.a(memcpy.o)
                0x0000000000822d44                memcpy
 .text          0x0000000000822fe0       0xc0 lib/libmini.a(memset.o)
                0x0000000000823000                memset
 .text.msgb_tailroom
                0x00000000008230a0       0x18 comm/libcomm.a(sercomm.o)
 .text.msgb_put
                0x00000000008230b8       0x50 comm/libcomm.a(sercomm.o)
 .text.sercomm_alloc_msgb
                0x0000000000823108       0x40 comm/libcomm.a(sercomm.o)
 .text.sercomm_bind_uart
                0x0000000000823148       0x10 comm/libcomm.a(sercomm.o)
                0x0000000000823148                sercomm_bind_uart
 .text.sercomm_get_uart
                0x0000000000823158       0x10 comm/libcomm.a(sercomm.o)
                0x0000000000823158                sercomm_get_uart
 .text.sercomm_register_rx_cb
                0x0000000000823168       0x34 comm/libcomm.a(sercomm.o)
                0x0000000000823168                sercomm_register_rx_cb
 .text.sercomm_init
                0x000000000082319c       0x4c comm/libcomm.a(sercomm.o)
                0x000000000082319c                sercomm_init
 .text.sercomm_initialized
                0x00000000008231e8       0x10 comm/libcomm.a(sercomm.o)
                0x00000000008231e8                sercomm_initialized
 .text.sercomm_drv_rx_char
                0x00000000008231f8      0x17c comm/libcomm.a(sercomm.o)
                0x00000000008231f8                sercomm_drv_rx_char
 .text.sercomm_drv_pull
                0x0000000000823374      0x11c comm/libcomm.a(sercomm.o)
                0x0000000000823374                sercomm_drv_pull
 .text.sercomm_tx_queue_depth
                0x0000000000823490       0x34 comm/libcomm.a(sercomm.o)
                0x0000000000823490                sercomm_tx_queue_depth
 .text.sercomm_sendmsg
                0x00000000008234c4       0x94 comm/libcomm.a(sercomm.o)
                0x00000000008234c4                sercomm_sendmsg
 .text.msgb_tailroom
                0x0000000000823558       0x18 comm/libcomm.a(sercomm_cons.o)
 .text.raw_puts
                0x0000000000823570       0x3c comm/libcomm.a(sercomm_cons.o)
 .text.sercomm_puts
                0x00000000008235ac      0x180 comm/libcomm.a(sercomm_cons.o)
                0x00000000008235ac                sercomm_puts
 .text.sercomm_putchar
                0x000000000082372c       0x30 comm/libcomm.a(sercomm_cons.o)
                0x000000000082372c                sercomm_putchar
 .text.osmo_timer_del
                0x000000000082375c       0x4c comm/libcomm.a(timer.o)
                0x000000000082375c                osmo_timer_del
 .text.timer_irq
                0x00000000008237a8       0x18 comm/libcomm.a(timer.o)
 .text.timer_init
                0x00000000008237c0       0x6c comm/libcomm.a(timer.o)
                0x00000000008237c0                timer_init
 .text.osmo_timer_add
                0x000000000082382c       0x58 comm/libcomm.a(timer.o)
                0x000000000082382c                osmo_timer_add
 .text.osmo_timer_schedule
                0x0000000000823884       0x34 comm/libcomm.a(timer.o)
                0x0000000000823884                osmo_timer_schedule
 .text.osmo_timers_update
                0x00000000008238b8       0xe4 comm/libcomm.a(timer.o)
                0x00000000008238b8                osmo_timers_update
 .text.msgb_alloc
                0x000000000082399c       0x5c ../../shared/libosmocore/build-target/src/.libs/libosmocore.a(msgb.o)
                0x000000000082399c                msgb_alloc
 .text.msgb_free
                0x00000000008239f8        0x4 ../../shared/libosmocore/build-target/src/.libs/libosmocore.a(msgb.o)
                0x00000000008239f8                msgb_free
 .text.msgb_enqueue
                0x00000000008239fc       0x18 ../../shared/libosmocore/build-target/src/.libs/libosmocore.a(msgb.o)
                0x00000000008239fc                msgb_enqueue
 .text.msgb_dequeue
                0x0000000000823a14       0x40 ../../shared/libosmocore/build-target/src/.libs/libosmocore.a(msgb.o)
                0x0000000000823a14                msgb_dequeue
 .text.osmo_panic
                0x0000000000823a54       0x58 ../../shared/libosmocore/build-target/src/.libs/libosmocore.a(panic.o)
                0x0000000000823a54                osmo_panic
 .text._talloc_zero
                0x0000000000823aac       0x9c comm/libcomm.a(msgb.o)
                0x0000000000823aac                _talloc_zero
 .text.talloc_free
                0x0000000000823b48        0xc comm/libcomm.a(msgb.o)
                0x0000000000823b48                talloc_free
 *(.ramtext*)
 *(.glue_7t)
 *(.glue_7)
 *(.vfp11_veneer)
 *(.v4_bx)
                0x0000000000823b54                . = ALIGN (0x4)
                0x0000000000820088                PROVIDE (_text_start, LOADADDR (.text))
                0x0000000000823b54                PROVIDE (_text_end, (LOADADDR (.text) + SIZEOF (.text)))

.ctors          0x0000000000823b54        0x8
                0x0000000000823b54        0x4 LONG 0x0 ((SIZEOF (.ctors) / 0x4) - 0x2)
 *(SORT(.ctors))
                0x0000000000823b58        0x4 LONG 0x0
                0x0000000000823b54                PROVIDE (_ctor_start, LOADADDR (.ctors))
                0x0000000000823b5c                PROVIDE (_ctor_end, (LOADADDR (.ctors) + SIZEOF (.ctors)))

.dtors          0x0000000000823b5c        0x8
                0x0000000000823b5c        0x4 LONG 0x0 ((SIZEOF (.dtors) / 0x4) - 0x2)
 *(SORT(.dtors))
                0x0000000000823b60        0x4 LONG 0x0
                0x0000000000823b5c                PROVIDE (_dtor_start, LOADADDR (.dtors))
                0x0000000000823b64                PROVIDE (_dtor_end, (LOADADDR (.dtors) + SIZEOF (.dtors)))
                0x0000000000823b64                . = ALIGN (0x4)

.rodata         0x0000000000823b64      0x4b9
 *(.rodata*)
 .rodata.str1.4
                0x0000000000823b64      0x141 apps/hello_world/main.o
                                        0x148 (size before relaxing)
 *fill*         0x0000000000823ca5        0x3 00
 .rodata.str1.4
                0x0000000000823ca8       0x5d abb/twl3025.o
                                         0x60 (size before relaxing)
 .rodata        0x0000000000823d05       0x17 board/gta0x/init.o
 .rodata.str1.4
                0x0000000000823d1c       0x4d calypso/libcalypso.a(clock.o)
                                         0x50 (size before relaxing)
 *fill*         0x0000000000823d69        0x3 00
 .rodata.str1.4
                0x0000000000823d6c       0x1f calypso/libcalypso.a(keypad.o)
                                         0x20 (size before relaxing)
 *fill*         0x0000000000823d8b        0x1 00
 .rodata.str1.4
                0x0000000000823d8c      0x10d calypso/libcalypso.a(misc.o)
                                        0x118 (size before relaxing)
 *fill*         0x0000000000823e99        0x3 00
 .rodata.str1.4
                0x0000000000823e9c       0x21 calypso/libcalypso.a(timer.o)
                                         0x24 (size before relaxing)
 *fill*         0x0000000000823ebd        0x1 00
 .rodata        0x0000000000823ebe       0x10 calypso/libcalypso.a(uart.o)
 *fill*         0x0000000000823ece        0x2 00
 .rodata.str1.4
                0x0000000000823ed0       0x6d calypso/libcalypso.a(uart.o)
                                         0x70 (size before relaxing)
 *fill*         0x0000000000823f3d        0x3 00
 .rodata        0x0000000000823f40       0x50 lib/libmini.a(vsprintf.o)
 .rodata.str1.4
                0x0000000000823f90       0x73 comm/libcomm.a(sercomm.o)
                                         0x74 (size before relaxing)
 .rodata.str1.4
                0x0000000000824003        0x0 comm/libcomm.a(sercomm_cons.o)
                                         0x40 (size before relaxing)
 *fill*         0x0000000000824003        0x1 00
 .rodata.str1.4
                0x0000000000824004       0x19 comm/libcomm.a(msgb.o)
                                         0x1c (size before relaxing)
                0x0000000000823b64                PROVIDE (_rodata_start, LOADADDR (.rodata))
                0x000000000082401d                PROVIDE (_rodata_end, (LOADADDR (.rodata) + SIZEOF (.rodata)))
                0x0000000000824020                . = ALIGN (0x4)

.data           0x0000000000824020      0x174
 *(.data)
 .data          0x0000000000824020       0x1c apps/hello_world/main.o
                0x0000000000824020                hr
 .data          0x000000000082403c       0x38 fb/fb_dummy.o
                0x000000000082403c                framebuffer
                0x0000000000824040                fb_dummy_framebuffer
 .data          0x0000000000824074       0x15 calypso/libcalypso.a(irq.o)
 .data          0x0000000000824089      0x100 lib/libmini.a(ctype.o)
                0x0000000000824089                _ctype
 *fill*         0x0000000000824189        0x3 00
 .data          0x000000000082418c        0x8 comm/libcomm.a(timer.o)
                0x0000000000824020                PROVIDE (_data_start, LOADADDR (.data))
                0x0000000000824194                PROVIDE (_data_end, (LOADADDR (.data) + SIZEOF (.data)))
                0x0000000000824194                . = ALIGN (0x4)

.got            0x0000000000824194       0x14
 *(.got)
 .got           0x0000000000824194        0x8 ../../shared/libosmocore/build-target/src/.libs/libosmocore.a(msgb.o)
 *(.got.plt)
 .got.plt       0x000000000082419c        0xc ../../shared/libosmocore/build-target/src/.libs/libosmocore.a(msgb.o)
                0x000000000082419c                _GLOBAL_OFFSET_TABLE_
 *(.igot.plt)
 *(.got)
 *(.igot)
                0x0000000000824194                PROVIDE (_got_start, LOADADDR (.got))
                0x00000000008241a8                PROVIDE (_got_end, (LOADADDR (.got) + SIZEOF (.got)))

.bss            0x00000000008241a8     0x4490
                0x00000000008241a8                . = ALIGN (0x4)
                0x00000000008241a8                __bss_start = .
 *(.bss)
 .bss           0x00000000008241a8        0x4 abb/twl3025.o
 .bss           0x00000000008241ac       0x80 calypso/libcalypso.a(irq.o)
 .bss           0x000000000082422c        0x4 calypso/libcalypso.a(rtc.o)
 .bss           0x0000000000824230       0x24 calypso/libcalypso.a(keypad.o)
                0x0000000000824230                power_hold
                0x0000000000824234                lastbuttons
 .bss           0x0000000000824254        0x1 calypso/libcalypso.a(uart.o)
 .bss           0x0000000000824255      0x400 lib/libmini.a(printf.o)
 *fill*         0x0000000000824655        0x3 00
 .bss           0x0000000000824658     0x1010 lib/libmini.a(console.o)
 .bss           0x0000000000825668      0x62c comm/libcomm.a(sercomm.o)
 .bss           0x0000000000825c94        0x4 comm/libcomm.a(sercomm_cons.o)
 .bss           0x0000000000825c98        0x4 ../../shared/libosmocore/build-target/src/.libs/libosmocore.a(panic.o)
 .bss           0x0000000000825c9c     0x2980 comm/libcomm.a(msgb.o)
 COMMON         0x000000000082861c       0x14 battery/dummy.o
                0x000000000082861c                battery_info
 COMMON         0x0000000000828630        0x4 comm/libcomm.a(timer.o)
                0x0000000000828630                jiffies
 COMMON         0x0000000000828634        0x4 ../../shared/libosmocore/build-target/src/.libs/libosmocore.a(msgb.o)
                0x0000000000828634                tall_msgb_ctx
                0x0000000000828638                . = ALIGN (0x4)
                0x0000000000828638                __bss_end = .
                0x00000000008241a8                PROVIDE (_bss_start, __bss_start)
                0x0000000000828638                PROVIDE (_bss_end, __bss_end)
                0x0000000000828638                . = ALIGN (0x4)
                0x0000000000828638                _end = .
                0x0000000000828638                PROVIDE (end, .)

.rel.dyn
START GROUP
LOAD apps/hello_world/main.o
LOAD abb/twl3025.o
LOAD rf/trf6151.o
LOAD flash/cfi_flash.o
LOAD board/common/calypso_uart.o
LOAD board/common/calypso_pwl.o
LOAD board/gta0x/init.o
LOAD board/gta0x/rffe_gta0x_triband.o
LOAD board/gta0x/rf_power.o
LOAD battery/dummy.o
LOAD fb/framebuffer.o
LOAD fb/font.o
LOAD fb/helvR08.o
LOAD fb/helvB14.o
LOAD fb/c64.o
LOAD fb/symbols.o
LOAD fb/fb_dummy.o
LOAD board/compal/start.ram.o
LOAD board/compal/exceptions_redirected.o
LOAD board/compal/handlers.o
LOAD board/gta0x/hello_world.highram.manifest.o
LOAD calypso/libcalypso.a
LOAD layer1/liblayer1.a
LOAD lib/libmini.a
LOAD comm/libcomm.a
LOAD ../../shared/libosmocore/build-target/src/.libs/libosmocore.a
LOAD ../../shared/libosmocore/build-target/src/gsm/.libs/libosmogsm.a
END GROUP
OUTPUT(board/gta0x/hello_world.highram.elf elf32-littlearm)

.debug_abbrev   0x0000000000000000     0x2e33
 .debug_abbrev  0x0000000000000000      0x270 apps/hello_world/main.o
 .debug_abbrev  0x0000000000000270      0x279 abb/twl3025.o
 .debug_abbrev  0x00000000000004e9      0x250 rf/trf6151.o
 .debug_abbrev  0x0000000000000739      0x27d flash/cfi_flash.o
 .debug_abbrev  0x00000000000009b6       0xbc board/gta0x/init.o
 .debug_abbrev  0x0000000000000a72       0xf5 board/gta0x/rffe_gta0x_triband.o
 .debug_abbrev  0x0000000000000b67       0x61 board/gta0x/rf_power.o
 .debug_abbrev  0x0000000000000bc8       0x75 battery/dummy.o
 .debug_abbrev  0x0000000000000c3d       0xc0 fb/framebuffer.o
 .debug_abbrev  0x0000000000000cfd       0xe2 fb/font.o
 .debug_abbrev  0x0000000000000ddf       0xaf fb/helvR08.o
 .debug_abbrev  0x0000000000000e8e       0xaf fb/helvB14.o
 .debug_abbrev  0x0000000000000f3d       0xaf fb/c64.o
 .debug_abbrev  0x0000000000000fec       0x97 fb/symbols.o
 .debug_abbrev  0x0000000000001083      0x126 fb/fb_dummy.o
 .debug_abbrev  0x00000000000011a9       0x40 board/gta0x/hello_world.highram.manifest.o
 .debug_abbrev  0x00000000000011e9      0x137 calypso/libcalypso.a(clock.o)
 .debug_abbrev  0x0000000000001320       0x25 calypso/libcalypso.a(dma.o)
 .debug_abbrev  0x0000000000001345      0x196 calypso/libcalypso.a(irq.o)
 .debug_abbrev  0x00000000000014db       0x86 calypso/libcalypso.a(rtc.o)
 .debug_abbrev  0x0000000000001561       0xbf calypso/libcalypso.a(spi.o)
 .debug_abbrev  0x0000000000001620      0x222 calypso/libcalypso.a(tpu.o)
 .debug_abbrev  0x0000000000001842       0xe1 calypso/libcalypso.a(tsp.o)
 .debug_abbrev  0x0000000000001923      0x145 calypso/libcalypso.a(keypad.o)
 .debug_abbrev  0x0000000000001a68       0xa4 calypso/libcalypso.a(misc.o)
 .debug_abbrev  0x0000000000001b0c       0xfd calypso/libcalypso.a(timer.o)
 .debug_abbrev  0x0000000000001c09       0x8c calypso/libcalypso.a(backlight.o)
 .debug_abbrev  0x0000000000001c95      0x1dc calypso/libcalypso.a(uart.o)
 .debug_abbrev  0x0000000000001e71       0x74 calypso/libcalypso.a(arm.o)
 .debug_abbrev  0x0000000000001ee5      0x25a lib/libmini.a(vsprintf.o)
 .debug_abbrev  0x000000000000213f       0xa8 lib/libmini.a(string.o)
 .debug_abbrev  0x00000000000021e7       0x42 lib/libmini.a(ctype.o)
 .debug_abbrev  0x0000000000002229       0xb6 lib/libmini.a(printf.o)
 .debug_abbrev  0x00000000000022df      0x1e4 lib/libmini.a(console.o)
 .debug_abbrev  0x00000000000024c3       0x81 lib/libmini.a(ctors.o)
 .debug_abbrev  0x0000000000002544       0x6c lib/libmini.a(delay.o)
 .debug_abbrev  0x00000000000025b0      0x2ab comm/libcomm.a(sercomm.o)
 .debug_abbrev  0x000000000000285b      0x24f comm/libcomm.a(sercomm_cons.o)
 .debug_abbrev  0x0000000000002aaa      0x1f9 comm/libcomm.a(timer.o)
 .debug_abbrev  0x0000000000002ca3      0x190 comm/libcomm.a(msgb.o)

.debug_info     0x0000000000000000     0x7d49
 .debug_info    0x0000000000000000      0x8de apps/hello_world/main.o
 .debug_info    0x00000000000008de      0x567 abb/twl3025.o
 .debug_info    0x0000000000000e45      0x892 rf/trf6151.o
 .debug_info    0x00000000000016d7      0xafd flash/cfi_flash.o
 .debug_info    0x00000000000021d4      0x111 board/gta0x/init.o
 .debug_info    0x00000000000022e5      0x275 board/gta0x/rffe_gta0x_triband.o
 .debug_info    0x000000000000255a       0xc3 board/gta0x/rf_power.o
 .debug_info    0x000000000000261d       0xc2 battery/dummy.o
 .debug_info    0x00000000000026df      0x1ee fb/framebuffer.o
 .debug_info    0x00000000000028cd      0x23a fb/font.o
 .debug_info    0x0000000000002b07      0x186 fb/helvR08.o
 .debug_info    0x0000000000002c8d      0x186 fb/helvB14.o
 .debug_info    0x0000000000002e13      0x186 fb/c64.o
 .debug_info    0x0000000000002f99      0x183 fb/symbols.o
 .debug_info    0x000000000000311c      0x2c5 fb/fb_dummy.o
 .debug_info    0x00000000000033e1       0x80 board/gta0x/hello_world.highram.manifest.o
 .debug_info    0x0000000000003461      0x402 calypso/libcalypso.a(clock.o)
 .debug_info    0x0000000000003863       0x32 calypso/libcalypso.a(dma.o)
 .debug_info    0x0000000000003895      0x41f calypso/libcalypso.a(irq.o)
 .debug_info    0x0000000000003cb4      0x14c calypso/libcalypso.a(rtc.o)
 .debug_info    0x0000000000003e00      0x132 calypso/libcalypso.a(spi.o)
 .debug_info    0x0000000000003f32      0x451 calypso/libcalypso.a(tpu.o)
 .debug_info    0x0000000000004383      0x2a9 calypso/libcalypso.a(tsp.o)
 .debug_info    0x000000000000462c      0x427 calypso/libcalypso.a(keypad.o)
 .debug_info    0x0000000000004a53      0x110 calypso/libcalypso.a(misc.o)
 .debug_info    0x0000000000004b63      0x290 calypso/libcalypso.a(timer.o)
 .debug_info    0x0000000000004df3       0xd0 calypso/libcalypso.a(backlight.o)
 .debug_info    0x0000000000004ec3      0x689 calypso/libcalypso.a(uart.o)
 .debug_info    0x000000000000554c       0x8b calypso/libcalypso.a(arm.o)
 .debug_info    0x00000000000055d7      0xa94 lib/libmini.a(vsprintf.o)
 .debug_info    0x000000000000606b      0x11d lib/libmini.a(string.o)
 .debug_info    0x0000000000006188       0x56 lib/libmini.a(ctype.o)
 .debug_info    0x00000000000061de       0xfe lib/libmini.a(printf.o)
 .debug_info    0x00000000000062dc      0x383 lib/libmini.a(console.o)
 .debug_info    0x000000000000665f       0x98 lib/libmini.a(ctors.o)
 .debug_info    0x00000000000066f7       0x8e lib/libmini.a(delay.o)
 .debug_info    0x0000000000006785      0x81a comm/libcomm.a(sercomm.o)
 .debug_info    0x0000000000006f9f      0x50e comm/libcomm.a(sercomm_cons.o)
 .debug_info    0x00000000000074ad      0x57d comm/libcomm.a(timer.o)
 .debug_info    0x0000000000007a2a      0x31f comm/libcomm.a(msgb.o)

.debug_line     0x0000000000000000     0x2fc7
 .debug_line    0x0000000000000000      0x2c3 apps/hello_world/main.o
 .debug_line    0x00000000000002c3      0x2c4 abb/twl3025.o
 .debug_line    0x0000000000000587      0x329 rf/trf6151.o
 .debug_line    0x00000000000008b0      0x221 flash/cfi_flash.o
 .debug_line    0x0000000000000ad1       0xfc board/gta0x/init.o
 .debug_line    0x0000000000000bcd      0x18f board/gta0x/rffe_gta0x_triband.o
 .debug_line    0x0000000000000d5c       0x8f board/gta0x/rf_power.o
 .debug_line    0x0000000000000deb       0x59 battery/dummy.o
 .debug_line    0x0000000000000e44       0x9b fb/framebuffer.o
 .debug_line    0x0000000000000edf       0xb2 fb/font.o
 .debug_line    0x0000000000000f91       0x9a fb/helvR08.o
 .debug_line    0x000000000000102b       0x9a fb/helvB14.o
 .debug_line    0x00000000000010c5       0x96 fb/c64.o
 .debug_line    0x000000000000115b       0x9a fb/symbols.o
 .debug_line    0x00000000000011f5      0x10d fb/fb_dummy.o
 .debug_line    0x0000000000001302       0x2e board/gta0x/hello_world.highram.manifest.o
 .debug_line    0x0000000000001330      0x196 calypso/libcalypso.a(clock.o)
 .debug_line    0x00000000000014c6       0x3c calypso/libcalypso.a(dma.o)
 .debug_line    0x0000000000001502      0x17d calypso/libcalypso.a(irq.o)
 .debug_line    0x000000000000167f       0x6c calypso/libcalypso.a(rtc.o)
 .debug_line    0x00000000000016eb       0xd5 calypso/libcalypso.a(spi.o)
 .debug_line    0x00000000000017c0      0x250 calypso/libcalypso.a(tpu.o)
 .debug_line    0x0000000000001a10      0x177 calypso/libcalypso.a(tsp.o)
 .debug_line    0x0000000000001b87      0x189 calypso/libcalypso.a(keypad.o)
 .debug_line    0x0000000000001d10       0x78 calypso/libcalypso.a(misc.o)
 .debug_line    0x0000000000001d88      0x159 calypso/libcalypso.a(timer.o)
 .debug_line    0x0000000000001ee1       0xc2 calypso/libcalypso.a(backlight.o)
 .debug_line    0x0000000000001fa3      0x285 calypso/libcalypso.a(uart.o)
 .debug_line    0x0000000000002228       0x49 calypso/libcalypso.a(arm.o)
 .debug_line    0x0000000000002271      0x38f lib/libmini.a(vsprintf.o)
 .debug_line    0x0000000000002600       0xa4 lib/libmini.a(string.o)
 .debug_line    0x00000000000026a4       0x29 lib/libmini.a(ctype.o)
 .debug_line    0x00000000000026cd       0x82 lib/libmini.a(printf.o)
 .debug_line    0x000000000000274f      0x122 lib/libmini.a(console.o)
 .debug_line    0x0000000000002871       0x3b lib/libmini.a(ctors.o)
 .debug_line    0x00000000000028ac       0x4e lib/libmini.a(delay.o)
 .debug_line    0x00000000000028fa      0x2c0 comm/libcomm.a(sercomm.o)
 .debug_line    0x0000000000002bba      0x191 comm/libcomm.a(sercomm_cons.o)
 .debug_line    0x0000000000002d4b      0x177 comm/libcomm.a(timer.o)
 .debug_line    0x0000000000002ec2      0x105 comm/libcomm.a(msgb.o)

.debug_frame    0x0000000000000000     0x1430
 .debug_frame   0x0000000000000000       0xc4 apps/hello_world/main.o
 .debug_frame   0x00000000000000c4      0x1b0 abb/twl3025.o
 .debug_frame   0x0000000000000274      0x1a4 rf/trf6151.o
 .debug_frame   0x0000000000000418       0xd8 flash/cfi_flash.o
 .debug_frame   0x00000000000004f0       0x30 board/gta0x/init.o
 .debug_frame   0x0000000000000520       0xbc board/gta0x/rffe_gta0x_triband.o
 .debug_frame   0x00000000000005dc       0x20 battery/dummy.o
 .debug_frame   0x00000000000005fc       0x20 fb/font.o
 .debug_frame   0x000000000000061c       0x70 fb/fb_dummy.o
 .debug_frame   0x000000000000068c       0xc0 calypso/libcalypso.a(clock.o)
 .debug_frame   0x000000000000074c       0x20 calypso/libcalypso.a(dma.o)
 .debug_frame   0x000000000000076c       0xb8 calypso/libcalypso.a(irq.o)
 .debug_frame   0x0000000000000824       0x38 calypso/libcalypso.a(rtc.o)
 .debug_frame   0x000000000000085c       0x3c calypso/libcalypso.a(spi.o)
 .debug_frame   0x0000000000000898      0x150 calypso/libcalypso.a(tpu.o)
 .debug_frame   0x00000000000009e8       0xc0 calypso/libcalypso.a(tsp.o)
 .debug_frame   0x0000000000000aa8       0xa0 calypso/libcalypso.a(keypad.o)
 .debug_frame   0x0000000000000b48       0x5c calypso/libcalypso.a(misc.o)
 .debug_frame   0x0000000000000ba4       0xa0 calypso/libcalypso.a(timer.o)
 .debug_frame   0x0000000000000c44       0x30 calypso/libcalypso.a(backlight.o)
 .debug_frame   0x0000000000000c74      0x174 calypso/libcalypso.a(uart.o)
 .debug_frame   0x0000000000000de8       0x30 calypso/libcalypso.a(arm.o)
 .debug_frame   0x0000000000000e18      0x1d0 lib/libmini.a(vsprintf.o)
 .debug_frame   0x0000000000000fe8       0x30 lib/libmini.a(string.o)
 .debug_frame   0x0000000000001018       0x38 lib/libmini.a(printf.o)
 .debug_frame   0x0000000000001050       0xfc lib/libmini.a(console.o)
 .debug_frame   0x000000000000114c       0x2c lib/libmini.a(ctors.o)
 .debug_frame   0x0000000000001178       0x38 lib/libmini.a(delay.o)
 .debug_frame   0x00000000000011b0      0x10c comm/libcomm.a(sercomm.o)
 .debug_frame   0x00000000000012bc       0x84 comm/libcomm.a(sercomm_cons.o)
 .debug_frame   0x0000000000001340       0xb0 comm/libcomm.a(timer.o)
 .debug_frame   0x00000000000013f0       0x40 comm/libcomm.a(msgb.o)

.debug_loc      0x0000000000000000     0x345b
 .debug_loc     0x0000000000000000       0xf3 apps/hello_world/main.o
 .debug_loc     0x00000000000000f3      0x30b abb/twl3025.o
 .debug_loc     0x00000000000003fe      0x4b8 rf/trf6151.o
 .debug_loc     0x00000000000008b6      0x3d1 flash/cfi_flash.o
 .debug_loc     0x0000000000000c87       0x67 board/gta0x/init.o
 .debug_loc     0x0000000000000cee       0xf8 board/gta0x/rffe_gta0x_triband.o
 .debug_loc     0x0000000000000de6       0x31 fb/font.o
 .debug_loc     0x0000000000000e17       0x13 fb/fb_dummy.o
 .debug_loc     0x0000000000000e2a      0x1fd calypso/libcalypso.a(clock.o)
 .debug_loc     0x0000000000001027      0x11e calypso/libcalypso.a(irq.o)
 .debug_loc     0x0000000000001145      0x10c calypso/libcalypso.a(spi.o)
 .debug_loc     0x0000000000001251      0x1d2 calypso/libcalypso.a(tpu.o)
 .debug_loc     0x0000000000001423      0x1bc calypso/libcalypso.a(tsp.o)
 .debug_loc     0x00000000000015df       0xd2 calypso/libcalypso.a(keypad.o)
 .debug_loc     0x00000000000016b1       0x31 calypso/libcalypso.a(misc.o)
 .debug_loc     0x00000000000016e2      0x103 calypso/libcalypso.a(timer.o)
 .debug_loc     0x00000000000017e5       0x34 calypso/libcalypso.a(backlight.o)
 .debug_loc     0x0000000000001819      0x39f calypso/libcalypso.a(uart.o)
 .debug_loc     0x0000000000001bb8       0x13 calypso/libcalypso.a(arm.o)
 .debug_loc     0x0000000000001bcb     0x1101 lib/libmini.a(vsprintf.o)
 .debug_loc     0x0000000000002ccc       0x62 lib/libmini.a(string.o)
 .debug_loc     0x0000000000002d2e       0x3f lib/libmini.a(printf.o)
 .debug_loc     0x0000000000002d6d      0x1b6 lib/libmini.a(console.o)
 .debug_loc     0x0000000000002f23       0x3c lib/libmini.a(ctors.o)
 .debug_loc     0x0000000000002f5f       0x66 lib/libmini.a(delay.o)
 .debug_loc     0x0000000000002fc5      0x168 comm/libcomm.a(sercomm.o)
 .debug_loc     0x000000000000312d      0x1aa comm/libcomm.a(sercomm_cons.o)
 .debug_loc     0x00000000000032d7       0xf9 comm/libcomm.a(timer.o)
 .debug_loc     0x00000000000033d0       0x8b comm/libcomm.a(msgb.o)

.debug_pubnames
                0x0000000000000000     0x105d
 .debug_pubnames
                0x0000000000000000       0x49 apps/hello_world/main.o
 .debug_pubnames
                0x0000000000000049      0x13c abb/twl3025.o
 .debug_pubnames
                0x0000000000000185      0x164 rf/trf6151.o
 .debug_pubnames
                0x00000000000002e9       0xa6 flash/cfi_flash.o
 .debug_pubnames
                0x000000000000038f       0x21 board/gta0x/init.o
 .debug_pubnames
                0x00000000000003b0       0xd6 board/gta0x/rffe_gta0x_triband.o
 .debug_pubnames
                0x0000000000000486       0x3c board/gta0x/rf_power.o
 .debug_pubnames
                0x00000000000004c2       0x3a battery/dummy.o
 .debug_pubnames
                0x00000000000004fc       0x34 fb/font.o
 .debug_pubnames
                0x0000000000000530       0x23 fb/helvR08.o
 .debug_pubnames
                0x0000000000000553       0x23 fb/helvB14.o
 .debug_pubnames
                0x0000000000000576       0x1f fb/c64.o
 .debug_pubnames
                0x0000000000000595       0x23 fb/symbols.o
 .debug_pubnames
                0x00000000000005b8       0x3b fb/fb_dummy.o
 .debug_pubnames
                0x00000000000005f3       0x6d board/gta0x/hello_world.highram.manifest.o
 .debug_pubnames
                0x0000000000000660       0xd0 calypso/libcalypso.a(clock.o)
 .debug_pubnames
                0x0000000000000730       0x1f calypso/libcalypso.a(dma.o)
 .debug_pubnames
                0x000000000000074f       0x95 calypso/libcalypso.a(irq.o)
 .debug_pubnames
                0x00000000000007e4       0x1f calypso/libcalypso.a(rtc.o)
 .debug_pubnames
                0x0000000000000803       0x2c calypso/libcalypso.a(spi.o)
 .debug_pubnames
                0x000000000000082f      0x12d calypso/libcalypso.a(tpu.o)
 .debug_pubnames
                0x000000000000095c       0x9a calypso/libcalypso.a(tsp.o)
 .debug_pubnames
                0x00000000000009f6       0x8a calypso/libcalypso.a(keypad.o)
 .debug_pubnames
                0x0000000000000a80       0x41 calypso/libcalypso.a(misc.o)
 .debug_pubnames
                0x0000000000000ac1       0x8a calypso/libcalypso.a(timer.o)
 .debug_pubnames
                0x0000000000000b4b       0x2f calypso/libcalypso.a(backlight.o)
 .debug_pubnames
                0x0000000000000b7a       0xa3 calypso/libcalypso.a(uart.o)
 .debug_pubnames
                0x0000000000000c1d       0x47 calypso/libcalypso.a(arm.o)
 .debug_pubnames
                0x0000000000000c64       0xb3 lib/libmini.a(vsprintf.o)
 .debug_pubnames
                0x0000000000000d17       0x29 lib/libmini.a(string.o)
 .debug_pubnames
                0x0000000000000d40       0x1d lib/libmini.a(ctype.o)
 .debug_pubnames
                0x0000000000000d5d       0x1d lib/libmini.a(printf.o)
 .debug_pubnames
                0x0000000000000d7a       0x89 lib/libmini.a(console.o)
 .debug_pubnames
                0x0000000000000e03       0x26 lib/libmini.a(ctors.o)
 .debug_pubnames
                0x0000000000000e29       0x2c lib/libmini.a(delay.o)
 .debug_pubnames
                0x0000000000000e55       0xdd comm/libcomm.a(sercomm.o)
 .debug_pubnames
                0x0000000000000f32       0x37 comm/libcomm.a(sercomm_cons.o)
 .debug_pubnames
                0x0000000000000f69       0xaf comm/libcomm.a(timer.o)
 .debug_pubnames
                0x0000000000001018       0x45 comm/libcomm.a(msgb.o)

.debug_aranges  0x0000000000000000      0xa98
 .debug_aranges
                0x0000000000000000       0x58 apps/hello_world/main.o
 .debug_aranges
                0x0000000000000058       0xb0 abb/twl3025.o
 .debug_aranges
                0x0000000000000108       0xb8 rf/trf6151.o
 .debug_aranges
                0x00000000000001c0       0x58 flash/cfi_flash.o
 .debug_aranges
                0x0000000000000218       0x28 board/gta0x/init.o
 .debug_aranges
                0x0000000000000240       0x68 board/gta0x/rffe_gta0x_triband.o
 .debug_aranges
                0x00000000000002a8       0x28 battery/dummy.o
 .debug_aranges
                0x00000000000002d0       0x28 fb/font.o
 .debug_aranges
                0x00000000000002f8       0x50 fb/fb_dummy.o
 .debug_aranges
                0x0000000000000348       0x70 calypso/libcalypso.a(clock.o)
 .debug_aranges
                0x00000000000003b8       0x28 calypso/libcalypso.a(dma.o)
 .debug_aranges
                0x00000000000003e0       0x68 calypso/libcalypso.a(irq.o)
 .debug_aranges
                0x0000000000000448       0x30 calypso/libcalypso.a(rtc.o)
 .debug_aranges
                0x0000000000000478       0x30 calypso/libcalypso.a(spi.o)
 .debug_aranges
                0x00000000000004a8       0xa8 calypso/libcalypso.a(tpu.o)
 .debug_aranges
                0x0000000000000550       0x68 calypso/libcalypso.a(tsp.o)
 .debug_aranges
                0x00000000000005b8       0x50 calypso/libcalypso.a(keypad.o)
 .debug_aranges
                0x0000000000000608       0x38 calypso/libcalypso.a(misc.o)
 .debug_aranges
                0x0000000000000640       0x60 calypso/libcalypso.a(timer.o)
 .debug_aranges
                0x00000000000006a0       0x30 calypso/libcalypso.a(backlight.o)
 .debug_aranges
                0x00000000000006d0       0x98 calypso/libcalypso.a(uart.o)
 .debug_aranges
                0x0000000000000768       0x30 calypso/libcalypso.a(arm.o)
 .debug_aranges
                0x0000000000000798       0x98 lib/libmini.a(vsprintf.o)
 .debug_aranges
                0x0000000000000830       0x30 lib/libmini.a(string.o)
 .debug_aranges
                0x0000000000000860       0x28 lib/libmini.a(printf.o)
 .debug_aranges
                0x0000000000000888       0x68 lib/libmini.a(console.o)
 .debug_aranges
                0x00000000000008f0       0x28 lib/libmini.a(ctors.o)
 .debug_aranges
                0x0000000000000918       0x30 lib/libmini.a(delay.o)
 .debug_aranges
                0x0000000000000948       0x80 comm/libcomm.a(sercomm.o)
 .debug_aranges
                0x00000000000009c8       0x40 comm/libcomm.a(sercomm_cons.o)
 .debug_aranges
                0x0000000000000a08       0x60 comm/libcomm.a(timer.o)
 .debug_aranges
                0x0000000000000a68       0x30 comm/libcomm.a(msgb.o)

.debug_str      0x0000000000000000     0x20cc
 .debug_str     0x0000000000000000      0x3e3 apps/hello_world/main.o
                                        0x4a1 (size before relaxing)
 .debug_str     0x00000000000003e3      0x337 abb/twl3025.o
                                        0x44b (size before relaxing)
 .debug_str     0x000000000000071a      0x2ee rf/trf6151.o
                                        0x458 (size before relaxing)
 .debug_str     0x0000000000000a08      0x325 flash/cfi_flash.o
                                        0x448 (size before relaxing)
 .debug_str     0x0000000000000d2d       0x3c board/gta0x/init.o
                                        0x125 (size before relaxing)
 .debug_str     0x0000000000000d69      0x119 board/gta0x/rffe_gta0x_triband.o
                                        0x253 (size before relaxing)
 .debug_str     0x0000000000000e82       0x39 board/gta0x/rf_power.o
                                        0x119 (size before relaxing)
 .debug_str     0x0000000000000ebb       0x23 battery/dummy.o
                                        0x11a (size before relaxing)
 .debug_str     0x0000000000000ede       0x11 fb/framebuffer.o
                                        0x1ae (size before relaxing)
 .debug_str     0x0000000000000eef       0xb3 fb/font.o
                                        0x1ba (size before relaxing)
 .debug_str     0x0000000000000fa2       0x34 fb/helvR08.o
                                        0x173 (size before relaxing)
 .debug_str     0x0000000000000fd6       0x34 fb/helvB14.o
                                        0x173 (size before relaxing)
 .debug_str     0x000000000000100a       0x28 fb/c64.o
                                        0x163 (size before relaxing)
 .debug_str     0x0000000000001032       0x34 fb/symbols.o
                                        0x173 (size before relaxing)
 .debug_str     0x0000000000001066       0x7e fb/fb_dummy.o
                                        0x224 (size before relaxing)
 .debug_str     0x00000000000010e4       0x5c board/gta0x/hello_world.highram.manifest.o
                                         0xb0 (size before relaxing)
 .debug_str     0x0000000000001140      0x278 calypso/libcalypso.a(clock.o)
                                        0x39c (size before relaxing)
 .debug_str     0x00000000000013b8       0x17 calypso/libcalypso.a(dma.o)
                                         0x66 (size before relaxing)
 .debug_str     0x00000000000013cf       0xd7 calypso/libcalypso.a(irq.o)
                                        0x322 (size before relaxing)
 .debug_str     0x00000000000014a6       0x2d calypso/libcalypso.a(rtc.o)
                                        0x227 (size before relaxing)
 .debug_str     0x00000000000014d3       0x57 calypso/libcalypso.a(spi.o)
                                        0x140 (size before relaxing)
 .debug_str     0x000000000000152a      0x133 calypso/libcalypso.a(tpu.o)
                                        0x25b (size before relaxing)
 .debug_str     0x000000000000165d       0xbb calypso/libcalypso.a(tsp.o)
                                        0x1da (size before relaxing)
 .debug_str     0x0000000000001718       0xd8 calypso/libcalypso.a(keypad.o)
                                        0x405 (size before relaxing)
 .debug_str     0x00000000000017f0       0x32 calypso/libcalypso.a(misc.o)
                                        0x10a (size before relaxing)
 .debug_str     0x0000000000001822       0x8b calypso/libcalypso.a(timer.o)
                                        0x296 (size before relaxing)
 .debug_str     0x00000000000018ad       0x29 calypso/libcalypso.a(backlight.o)
                                        0x113 (size before relaxing)
 .debug_str     0x00000000000018d6      0x1f6 calypso/libcalypso.a(uart.o)
                                        0x416 (size before relaxing)
 .debug_str     0x0000000000001acc       0x3b calypso/libcalypso.a(arm.o)
                                         0xa1 (size before relaxing)
 .debug_str     0x0000000000001b07       0xff lib/libmini.a(vsprintf.o)
                                        0x233 (size before relaxing)
 .debug_str     0x0000000000001c06       0x1c lib/libmini.a(string.o)
                                        0x108 (size before relaxing)
 .debug_str     0x0000000000001c22        0xc lib/libmini.a(ctype.o)
                                         0x82 (size before relaxing)
 .debug_str     0x0000000000001c2e       0x1b lib/libmini.a(printf.o)
                                        0x116 (size before relaxing)
 .debug_str     0x0000000000001c49       0xe4 lib/libmini.a(console.o)
                                        0x1f1 (size before relaxing)
 .debug_str     0x0000000000001d2d       0x41 lib/libmini.a(ctors.o)
                                         0xa1 (size before relaxing)
 .debug_str     0x0000000000001d6e       0x1e lib/libmini.a(delay.o)
                                         0x7a (size before relaxing)
 .debug_str     0x0000000000001d8c      0x1c3 comm/libcomm.a(sercomm.o)
                                        0x354 (size before relaxing)
 .debug_str     0x0000000000001f4f       0x5d comm/libcomm.a(sercomm_cons.o)
                                        0x221 (size before relaxing)
 .debug_str     0x0000000000001fac       0xca comm/libcomm.a(timer.o)
                                        0x359 (size before relaxing)
 .debug_str     0x0000000000002076       0x56 comm/libcomm.a(msgb.o)
                                        0x1ad (size before relaxing)

.comment        0x0000000000000000      0x306
 .comment       0x0000000000000000       0x12 apps/hello_world/main.o
 .comment       0x0000000000000012       0x12 abb/twl3025.o
 .comment       0x0000000000000024       0x12 rf/trf6151.o
 .comment       0x0000000000000036       0x12 flash/cfi_flash.o
 .comment       0x0000000000000048       0x12 board/gta0x/init.o
 .comment       0x000000000000005a       0x12 board/gta0x/rffe_gta0x_triband.o
 .comment       0x000000000000006c       0x12 board/gta0x/rf_power.o
 .comment       0x000000000000007e       0x12 battery/dummy.o
 .comment       0x0000000000000090       0x12 fb/framebuffer.o
 .comment       0x00000000000000a2       0x12 fb/font.o
 .comment       0x00000000000000b4       0x12 fb/helvR08.o
 .comment       0x00000000000000c6       0x12 fb/helvB14.o
 .comment       0x00000000000000d8       0x12 fb/c64.o
 .comment       0x00000000000000ea       0x12 fb/symbols.o
 .comment       0x00000000000000fc       0x12 fb/fb_dummy.o
 .comment       0x000000000000010e       0x12 board/gta0x/hello_world.highram.manifest.o
 .comment       0x0000000000000120       0x12 calypso/libcalypso.a(clock.o)
 .comment       0x0000000000000132       0x12 calypso/libcalypso.a(dma.o)
 .comment       0x0000000000000144       0x12 calypso/libcalypso.a(irq.o)
 .comment       0x0000000000000156       0x12 calypso/libcalypso.a(rtc.o)
 .comment       0x0000000000000168       0x12 calypso/libcalypso.a(spi.o)
 .comment       0x000000000000017a       0x12 calypso/libcalypso.a(tpu.o)
 .comment       0x000000000000018c       0x12 calypso/libcalypso.a(tsp.o)
 .comment       0x000000000000019e       0x12 calypso/libcalypso.a(keypad.o)
 .comment       0x00000000000001b0       0x12 calypso/libcalypso.a(misc.o)
 .comment       0x00000000000001c2       0x12 calypso/libcalypso.a(timer.o)
 .comment       0x00000000000001d4       0x12 calypso/libcalypso.a(backlight.o)
 .comment       0x00000000000001e6       0x12 calypso/libcalypso.a(uart.o)
 .comment       0x00000000000001f8       0x12 calypso/libcalypso.a(arm.o)
 .comment       0x000000000000020a       0x12 lib/libmini.a(vsprintf.o)
 .comment       0x000000000000021c       0x12 lib/libmini.a(string.o)
 .comment       0x000000000000022e       0x12 lib/libmini.a(ctype.o)
 .comment       0x0000000000000240       0x12 lib/libmini.a(printf.o)
 .comment       0x0000000000000252       0x12 lib/libmini.a(console.o)
 .comment       0x0000000000000264       0x12 lib/libmini.a(ctors.o)
 .comment       0x0000000000000276       0x12 lib/libmini.a(delay.o)
 .comment       0x0000000000000288       0x12 comm/libcomm.a(sercomm.o)
 .comment       0x000000000000029a       0x12 comm/libcomm.a(sercomm_cons.o)
 .comment       0x00000000000002ac       0x12 comm/libcomm.a(timer.o)
 .comment       0x00000000000002be       0x12 ../../shared/libosmocore/build-target/src/.libs/libosmocore.a(msgb.o)
 .comment       0x00000000000002d0       0x12 ../../shared/libosmocore/build-target/src/.libs/libosmocore.a(panic.o)
 .comment       0x00000000000002e2       0x12 ../../shared/libosmocore/build-target/src/gsm/.libs/libosmogsm.a(gsm_utils.o)
 .comment       0x00000000000002f4       0x12 comm/libcomm.a(msgb.o)

.debug_ranges   0x0000000000000000      0x198
 .debug_ranges  0x0000000000000000       0x18 abb/twl3025.o
 .debug_ranges  0x0000000000000018       0x70 flash/cfi_flash.o
 .debug_ranges  0x0000000000000088       0x18 board/gta0x/init.o
 .debug_ranges  0x00000000000000a0       0x20 calypso/libcalypso.a(uart.o)
 .debug_ranges  0x00000000000000c0       0x58 lib/libmini.a(vsprintf.o)
 .debug_ranges  0x0000000000000118       0x38 lib/libmini.a(console.o)
 .debug_ranges  0x0000000000000150       0x18 comm/libcomm.a(sercomm.o)
 .debug_ranges  0x0000000000000168       0x30 comm/libcomm.a(sercomm_cons.o)

Cross Reference Table

Symbol                                            File
_GLOBAL_OFFSET_TABLE_                             ../../shared/libosmocore/build-target/src/.libs/libosmocore.a(msgb.o)
                                                  ../../shared/libosmocore/build-target/src/gsm/.libs/libosmogsm.a(gsm_utils.o)
                                                  ../../shared/libosmocore/build-target/src/.libs/libosmocore.a(panic.o)
__aeabi_idiv                                      lib/libmini.a(lib1funcs.o)
__aeabi_idivmod                                   lib/libmini.a(lib1funcs.o)
__aeabi_uidiv                                     lib/libmini.a(lib1funcs.o)
__aeabi_uidivmod                                  lib/libmini.a(lib1funcs.o)
__bss_end                                         board/compal/start.ram.o
__bss_start                                       board/compal/start.ram.o
__div0                                            lib/libmini.a(lib1funcs.o)
                                                  lib/libmini.a(div64.o)
__divsi3                                          lib/libmini.a(lib1funcs.o)
                                                  ../../shared/libosmocore/build-target/src/gsm/.libs/libosmogsm.a(gsm_utils.o)
                                                  comm/libcomm.a(timer.o)
__do_div64                                        lib/libmini.a(div64.o)
                                                  lib/libmini.a(vsprintf.o)
__modsi3                                          lib/libmini.a(lib1funcs.o)
                                                  ../../shared/libosmocore/build-target/src/gsm/.libs/libosmogsm.a(gsm_utils.o)
                                                  calypso/libcalypso.a(tpu.o)
__udivsi3                                         lib/libmini.a(lib1funcs.o)
                                                  ../../shared/libosmocore/build-target/src/gsm/.libs/libosmogsm.a(gsm_utils.o)
                                                  rf/trf6151.o
__umodsi3                                         lib/libmini.a(lib1funcs.o)
                                                  ../../shared/libosmocore/build-target/src/gsm/.libs/libosmogsm.a(gsm_utils.o)
_ctor_end                                         board/compal/start.ram.o
_ctor_start                                       board/compal/start.ram.o
_ctype                                            lib/libmini.a(ctype.o)
                                                  ../../shared/libosmocore/build-target/src/gsm/.libs/libosmogsm.a(gsm_utils.o)
                                                  lib/libmini.a(vsprintf.o)
_exceptions                                       calypso/libcalypso.a(irq.o)
_start                                            board/compal/start.ram.o
_talloc_zero                                      comm/libcomm.a(msgb.o)
                                                  ../../shared/libosmocore/build-target/src/.libs/libosmocore.a(msgb.o)
add_mod5000                                       calypso/libcalypso.a(tpu.o)
                                                  rf/trf6151.o
arm_disable_interrupts                            calypso/libcalypso.a(arm.o)
arm_enable_interrupts                             calypso/libcalypso.a(arm.o)
                                                  calypso/libcalypso.a(irq.o)
battery_dummy_init                                battery/dummy.o
battery_info                                      battery/dummy.o
                                                  apps/hello_world/main.o
bl_level                                          calypso/libcalypso.a(backlight.o)
                                                  board/gta0x/init.o
bl_mode_pwl                                       calypso/libcalypso.a(backlight.o)
                                                  board/gta0x/init.o
board_init                                        board/gta0x/init.o
                                                  apps/hello_world/main.o
calloc                                            ../../shared/libosmocore/build-target/src/gsm/.libs/libosmogsm.a(gsm_utils.o)
calypso_bootrom                                   calypso/libcalypso.a(clock.o)
                                                  board/gta0x/init.o
calypso_clk_dump                                  calypso/libcalypso.a(clock.o)
                                                  apps/hello_world/main.o
calypso_clock_set                                 calypso/libcalypso.a(clock.o)
                                                  board/gta0x/init.o
calypso_debugunit                                 calypso/libcalypso.a(clock.o)
calypso_exceptions_install                        calypso/libcalypso.a(irq.o)
                                                  board/gta0x/init.o
calypso_mem_cfg                                   calypso/libcalypso.a(clock.o)
                                                  board/gta0x/init.o
calypso_pll_set                                   calypso/libcalypso.a(clock.o)
calypso_reset_get                                 calypso/libcalypso.a(clock.o)
calypso_reset_set                                 calypso/libcalypso.a(clock.o)
calypso_rhea_cfg                                  calypso/libcalypso.a(clock.o)
                                                  board/gta0x/init.o
cons_bind_uart                                    lib/libmini.a(console.o)
                                                  board/gta0x/init.o
cons_get_uart                                     lib/libmini.a(console.o)
                                                  calypso/libcalypso.a(uart.o)
cons_init                                         lib/libmini.a(console.o)
                                                  calypso/libcalypso.a(uart.o)
cons_putchar                                      lib/libmini.a(console.o)
cons_puts                                         lib/libmini.a(console.o)
                                                  comm/libcomm.a(msgb.o)
cons_rb_append                                    lib/libmini.a(console.o)
cons_rb_flush                                     lib/libmini.a(console.o)
                                                  calypso/libcalypso.a(uart.o)
dbm2apc_gsm900                                    board/gta0x/rf_power.o
dbm2apc_gsm900_max                                board/gta0x/rf_power.o
dbm2rxlev                                         ../../shared/libosmocore/build-target/src/gsm/.libs/libosmogsm.a(gsm_utils.o)
delay_ms                                          lib/libmini.a(delay.o)
                                                  calypso/libcalypso.a(spi.o)
                                                  abb/twl3025.o
delay_us                                          lib/libmini.a(delay.o)
                                                  calypso/libcalypso.a(tpu.o)
dispatch_buttons                                  calypso/libcalypso.a(keypad.o)
dma_init                                          calypso/libcalypso.a(dma.o)
                                                  board/gta0x/init.o
do_global_ctors                                   lib/libmini.a(ctors.o)
                                                  board/compal/start.ram.o
dump_dev_id                                       calypso/libcalypso.a(misc.o)
                                                  apps/hello_world/main.o
dump_mem                                          calypso/libcalypso.a(misc.o)
emit_key                                          calypso/libcalypso.a(keypad.o)
fb_dummy_framebuffer                              fb/fb_dummy.o
fb_font_get_char                                  fb/font.o
fb_fonts                                          fb/font.o
fiq                                               calypso/libcalypso.a(irq.o)
                                                  board/compal/handlers.o
fiq_entry                                         board/compal/handlers.o
                                                  board/compal/exceptions_redirected.o
flash_block_erase                                 flash/cfi_flash.o
flash_block_getlock                               flash/cfi_flash.o
flash_block_lock                                  flash/cfi_flash.o
flash_block_lockdown                              flash/cfi_flash.o
flash_block_unlock                                flash/cfi_flash.o
flash_init                                        flash/cfi_flash.o
flash_program                                     flash/cfi_flash.o
font_c64                                          fb/c64.o
                                                  fb/font.o
font_helvB14                                      fb/helvB14.o
                                                  fb/font.o
font_helvR08                                      fb/helvR08.o
                                                  fb/font.o
font_symbols                                      fb/symbols.o
                                                  fb/font.o
framebuffer                                       fb/fb_dummy.o
                                                  apps/hello_world/main.o
free                                              ../../shared/libosmocore/build-target/src/gsm/.libs/libosmogsm.a(gsm_utils.o)
gprs_tlli_type                                    ../../shared/libosmocore/build-target/src/gsm/.libs/libosmogsm.a(gsm_utils.o)
gprs_tmsi2tlli                                    ../../shared/libosmocore/build-target/src/gsm/.libs/libosmogsm.a(gsm_utils.o)
gsm_7bit_decode                                   ../../shared/libosmocore/build-target/src/gsm/.libs/libosmogsm.a(gsm_utils.o)
gsm_7bit_decode_hdr                               ../../shared/libosmocore/build-target/src/gsm/.libs/libosmogsm.a(gsm_utils.o)
gsm_7bit_encode                                   ../../shared/libosmocore/build-target/src/gsm/.libs/libosmogsm.a(gsm_utils.o)
gsm_arfcn2band                                    ../../shared/libosmocore/build-target/src/gsm/.libs/libosmogsm.a(gsm_utils.o)
                                                  rf/trf6151.o
gsm_arfcn2freq10                                  ../../shared/libosmocore/build-target/src/gsm/.libs/libosmogsm.a(gsm_utils.o)
                                                  rf/trf6151.o
gsm_band_name                                     ../../shared/libosmocore/build-target/src/gsm/.libs/libosmogsm.a(gsm_utils.o)
gsm_band_parse                                    ../../shared/libosmocore/build-target/src/gsm/.libs/libosmogsm.a(gsm_utils.o)
gsm_fn2gsmtime                                    ../../shared/libosmocore/build-target/src/gsm/.libs/libosmogsm.a(gsm_utils.o)
gsm_get_octet_len                                 ../../shared/libosmocore/build-target/src/gsm/.libs/libosmogsm.a(gsm_utils.o)
gsm_gsmtime2fn                                    ../../shared/libosmocore/build-target/src/gsm/.libs/libosmogsm.a(gsm_utils.o)
gsm_septet_encode                                 ../../shared/libosmocore/build-target/src/gsm/.libs/libosmogsm.a(gsm_utils.o)
gsm_septets2octets                                ../../shared/libosmocore/build-target/src/gsm/.libs/libosmogsm.a(gsm_utils.o)
handle_abort                                      board/compal/handlers.o
                                                  board/compal/exceptions_redirected.o
hr                                                apps/hello_world/main.o
hwtimer_config                                    calypso/libcalypso.a(timer.o)
                                                  comm/libcomm.a(timer.o)
hwtimer_enable                                    calypso/libcalypso.a(timer.o)
                                                  comm/libcomm.a(timer.o)
hwtimer_init                                      calypso/libcalypso.a(timer.o)
                                                  board/gta0x/init.o
hwtimer_load                                      calypso/libcalypso.a(timer.o)
                                                  comm/libcomm.a(timer.o)
hwtimer_read                                      calypso/libcalypso.a(timer.o)
irq                                               calypso/libcalypso.a(irq.o)
                                                  board/compal/handlers.o
irq_config                                        calypso/libcalypso.a(irq.o)
                                                  comm/libcomm.a(timer.o)
                                                  calypso/libcalypso.a(uart.o)
                                                  calypso/libcalypso.a(timer.o)
                                                  calypso/libcalypso.a(keypad.o)
                                                  calypso/libcalypso.a(rtc.o)
                                                  abb/twl3025.o
irq_disable                                       calypso/libcalypso.a(irq.o)
                                                  calypso/libcalypso.a(keypad.o)
irq_enable                                        calypso/libcalypso.a(irq.o)
                                                  comm/libcomm.a(timer.o)
                                                  calypso/libcalypso.a(uart.o)
                                                  calypso/libcalypso.a(timer.o)
                                                  calypso/libcalypso.a(keypad.o)
                                                  calypso/libcalypso.a(rtc.o)
                                                  abb/twl3025.o
irq_entry                                         board/compal/handlers.o
                                                  board/compal/exceptions_redirected.o
irq_init                                          calypso/libcalypso.a(irq.o)
                                                  board/gta0x/init.o
irq_register_handler                              calypso/libcalypso.a(irq.o)
                                                  comm/libcomm.a(timer.o)
                                                  calypso/libcalypso.a(uart.o)
                                                  calypso/libcalypso.a(timer.o)
                                                  calypso/libcalypso.a(keypad.o)
                                                  calypso/libcalypso.a(rtc.o)
                                                  abb/twl3025.o
jiffies                                           comm/libcomm.a(timer.o)
                                                  calypso/libcalypso.a(keypad.o)
key_handler                                       apps/hello_world/main.o
keypad_init                                       calypso/libcalypso.a(keypad.o)
                                                  board/gta0x/init.o
keypad_poll                                       calypso/libcalypso.a(keypad.o)
                                                  comm/libcomm.a(timer.o)
keypad_set_handler                                calypso/libcalypso.a(keypad.o)
                                                  apps/hello_world/main.o
lastbuttons                                       calypso/libcalypso.a(keypad.o)
main                                              apps/hello_world/main.o
                                                  board/compal/start.ram.o
manifest_application                              board/gta0x/hello_world.highram.manifest.o
manifest_board                                    board/gta0x/hello_world.highram.manifest.o
manifest_environment                              board/gta0x/hello_world.highram.manifest.o
manifest_revision                                 board/gta0x/hello_world.highram.manifest.o
memcpy                                            lib/libmini.a(memcpy.o)
                                                  ../../shared/libosmocore/build-target/src/gsm/.libs/libosmogsm.a(gsm_utils.o)
                                                  lib/libmini.a(console.o)
memdump_asm                                       board/common/calypso_uart.o
memdump_range                                     calypso/libcalypso.a(misc.o)
memset                                            lib/libmini.a(memset.o)
                                                  comm/libcomm.a(msgb.o)
                                                  ../../shared/libosmocore/build-target/src/.libs/libosmocore.a(msgb.o)
                                                  lib/libmini.a(console.o)
ms_class_gmsk_dbm                                 ../../shared/libosmocore/build-target/src/gsm/.libs/libosmogsm.a(gsm_utils.o)
ms_pwr_ctl_lvl                                    ../../shared/libosmocore/build-target/src/gsm/.libs/libosmogsm.a(gsm_utils.o)
ms_pwr_dbm                                        ../../shared/libosmocore/build-target/src/gsm/.libs/libosmogsm.a(gsm_utils.o)
msgb_alloc                                        ../../shared/libosmocore/build-target/src/.libs/libosmocore.a(msgb.o)
                                                  comm/libcomm.a(sercomm_cons.o)
                                                  comm/libcomm.a(sercomm.o)
msgb_data                                         ../../shared/libosmocore/build-target/src/.libs/libosmocore.a(msgb.o)
msgb_dequeue                                      ../../shared/libosmocore/build-target/src/.libs/libosmocore.a(msgb.o)
                                                  comm/libcomm.a(sercomm.o)
msgb_enqueue                                      ../../shared/libosmocore/build-target/src/.libs/libosmocore.a(msgb.o)
                                                  comm/libcomm.a(sercomm.o)
msgb_free                                         ../../shared/libosmocore/build-target/src/.libs/libosmocore.a(msgb.o)
                                                  comm/libcomm.a(sercomm.o)
                                                  apps/hello_world/main.o
msgb_length                                       ../../shared/libosmocore/build-target/src/.libs/libosmocore.a(msgb.o)
msgb_reset                                        ../../shared/libosmocore/build-target/src/.libs/libosmocore.a(msgb.o)
msgb_set_talloc_ctx                               ../../shared/libosmocore/build-target/src/.libs/libosmocore.a(msgb.o)
osmo_panic                                        ../../shared/libosmocore/build-target/src/.libs/libosmocore.a(panic.o)
                                                  comm/libcomm.a(sercomm_cons.o)
                                                  comm/libcomm.a(sercomm.o)
osmo_set_panic_handler                            ../../shared/libosmocore/build-target/src/.libs/libosmocore.a(panic.o)
osmo_timer_add                                    comm/libcomm.a(timer.o)
osmo_timer_del                                    comm/libcomm.a(timer.o)
osmo_timer_pending                                comm/libcomm.a(timer.o)
osmo_timer_schedule                               comm/libcomm.a(timer.o)
                                                  apps/hello_world/main.o
osmo_timers_check                                 comm/libcomm.a(timer.o)
osmo_timers_update                                comm/libcomm.a(timer.o)
                                                  apps/hello_world/main.o
phex                                              board/common/calypso_uart.o
                                                  board/compal/handlers.o
phexubf                                           board/common/calypso_uart.o
power_hold                                        calypso/libcalypso.a(keypad.o)
printf                                            lib/libmini.a(printf.o)
                                                  calypso/libcalypso.a(timer.o)
                                                  calypso/libcalypso.a(misc.o)
                                                  calypso/libcalypso.a(keypad.o)
                                                  calypso/libcalypso.a(clock.o)
                                                  flash/cfi_flash.o
                                                  abb/twl3025.o
                                                  apps/hello_world/main.o
putchar_asm                                       board/common/calypso_uart.o
                                                  board/compal/handlers.o
puts                                              lib/libmini.a(vsprintf.o)
                                                  lib/libmini.a(printf.o)
                                                  calypso/libcalypso.a(uart.o)
                                                  calypso/libcalypso.a(timer.o)
                                                  calypso/libcalypso.a(misc.o)
                                                  calypso/libcalypso.a(tpu.o)
                                                  flash/cfi_flash.o
                                                  rf/trf6151.o
                                                  abb/twl3025.o
                                                  apps/hello_world/main.o
puts_asm                                          board/common/calypso_uart.o
pwl_init                                          board/common/calypso_pwl.o
pwl_set_level                                     board/common/calypso_pwl.o
rf_arfcn                                          rf/trf6151.o
rffe_compute_gain                                 board/gta0x/rffe_gta0x_triband.o
rffe_get_gain                                     board/gta0x/rffe_gta0x_triband.o
rffe_get_rx_ports                                 board/gta0x/rffe_gta0x_triband.o
                                                  rf/trf6151.o
rffe_get_tx_ports                                 board/gta0x/rffe_gta0x_triband.o
rffe_init                                         board/gta0x/rffe_gta0x_triband.o
rffe_iq_swapped                                   board/gta0x/rffe_gta0x_triband.o
rffe_mode                                         board/gta0x/rffe_gta0x_triband.o
rffe_rx_win_ctrl                                  board/gta0x/rffe_gta0x_triband.o
rffe_set_gain                                     board/gta0x/rffe_gta0x_triband.o
rtc_init                                          calypso/libcalypso.a(rtc.o)
                                                  board/gta0x/init.o
rxlev2dbm                                         ../../shared/libosmocore/build-target/src/gsm/.libs/libosmogsm.a(gsm_utils.o)
scnprintf                                         lib/libmini.a(vsprintf.o)
sercomm_bind_uart                                 comm/libcomm.a(sercomm.o)
                                                  board/gta0x/init.o
sercomm_drv_pull                                  comm/libcomm.a(sercomm.o)
                                                  calypso/libcalypso.a(uart.o)
sercomm_drv_rx_char                               comm/libcomm.a(sercomm.o)
                                                  calypso/libcalypso.a(uart.o)
sercomm_get_uart                                  comm/libcomm.a(sercomm.o)
                                                  comm/libcomm.a(sercomm_cons.o)
                                                  calypso/libcalypso.a(uart.o)
sercomm_init                                      comm/libcomm.a(sercomm.o)
                                                  calypso/libcalypso.a(uart.o)
sercomm_initialized                               comm/libcomm.a(sercomm.o)
                                                  comm/libcomm.a(sercomm_cons.o)
sercomm_putchar                                   comm/libcomm.a(sercomm_cons.o)
                                                  calypso/libcalypso.a(misc.o)
sercomm_puts                                      comm/libcomm.a(sercomm_cons.o)
                                                  lib/libmini.a(vsprintf.o)
sercomm_register_rx_cb                            comm/libcomm.a(sercomm.o)
                                                  apps/hello_world/main.o
sercomm_sendmsg                                   comm/libcomm.a(sercomm.o)
                                                  comm/libcomm.a(sercomm_cons.o)
sercomm_tx_queue_depth                            comm/libcomm.a(sercomm.o)
                                                  comm/libcomm.a(sercomm_cons.o)
snprintf                                          lib/libmini.a(vsprintf.o)
                                                  apps/hello_world/main.o
spi_init                                          calypso/libcalypso.a(spi.o)
                                                  abb/twl3025.o
spi_xfer                                          calypso/libcalypso.a(spi.o)
                                                  abb/twl3025.o
sprintf                                           lib/libmini.a(vsprintf.o)
sscanf                                            lib/libmini.a(vsprintf.o)
strlen                                            lib/libmini.a(string.o)
                                                  ../../shared/libosmocore/build-target/src/gsm/.libs/libosmogsm.a(gsm_utils.o)
                                                  comm/libcomm.a(sercomm_cons.o)
                                                  lib/libmini.a(console.o)
strnlen                                           lib/libmini.a(string.o)
                                                  lib/libmini.a(vsprintf.o)
strtol                                            lib/libmini.a(vsprintf.o)
                                                  ../../shared/libosmocore/build-target/src/gsm/.libs/libosmogsm.a(gsm_utils.o)
strtoll                                           lib/libmini.a(vsprintf.o)
strtoul                                           lib/libmini.a(vsprintf.o)
strtoull                                          lib/libmini.a(vsprintf.o)
system_inherent_gain                              board/gta0x/rffe_gta0x_triband.o
                                                  rf/trf6151.o
tall_msgb_ctx                                     comm/libcomm.a(msgb.o)
                                                  ../../shared/libosmocore/build-target/src/.libs/libosmocore.a(msgb.o)
talloc_free                                       comm/libcomm.a(msgb.o)
                                                  ../../shared/libosmocore/build-target/src/.libs/libosmocore.a(msgb.o)
timer_init                                        comm/libcomm.a(timer.o)
                                                  board/gta0x/init.o
tpu_clk_enable                                    calypso/libcalypso.a(tpu.o)
tpu_dsp_fameirq_pending                           calypso/libcalypso.a(tpu.o)
tpu_dsp_frameirq_enable                           calypso/libcalypso.a(tpu.o)
tpu_enable                                        calypso/libcalypso.a(tpu.o)
                                                  rf/trf6151.o
tpu_enqueue                                       calypso/libcalypso.a(tpu.o)
                                                  calypso/libcalypso.a(tsp.o)
                                                  rf/trf6151.o
                                                  abb/twl3025.o
tpu_force_dsp_frame_irq                           calypso/libcalypso.a(tpu.o)
tpu_frame_irq_en                                  calypso/libcalypso.a(tpu.o)
tpu_get_offset                                    calypso/libcalypso.a(tpu.o)
tpu_get_synchro                                   calypso/libcalypso.a(tpu.o)
tpu_init                                          calypso/libcalypso.a(tpu.o)
tpu_reset                                         calypso/libcalypso.a(tpu.o)
tpu_rewind                                        calypso/libcalypso.a(tpu.o)
tpu_test                                          calypso/libcalypso.a(tpu.o)
tpu_wait_idle                                     calypso/libcalypso.a(tpu.o)
                                                  rf/trf6151.o
trf6151_calib_dc_offs                             rf/trf6151.o
trf6151_compute_gain                              rf/trf6151.o
                                                  board/gta0x/rffe_gta0x_triband.o
trf6151_get_gain                                  rf/trf6151.o
                                                  board/gta0x/rffe_gta0x_triband.o
trf6151_get_gain_reg                              rf/trf6151.o
trf6151_init                                      rf/trf6151.o
                                                  board/gta0x/rffe_gta0x_triband.o
trf6151_iq_swapped                                rf/trf6151.o
                                                  board/gta0x/rffe_gta0x_triband.o
trf6151_power                                     rf/trf6151.o
trf6151_rx_window                                 rf/trf6151.o
trf6151_set_arfcn                                 rf/trf6151.o
trf6151_set_gain                                  rf/trf6151.o
                                                  board/gta0x/rffe_gta0x_triband.o
trf6151_set_gain_reg                              rf/trf6151.o
trf6151_set_mode                                  rf/trf6151.o
trf6151_test                                      rf/trf6151.o
trf6151_tx_test                                   rf/trf6151.o
trf6151_tx_window                                 rf/trf6151.o
tsp_act_disable                                   calypso/libcalypso.a(tsp.o)
                                                  calypso/libcalypso.a(tpu.o)
                                                  rf/trf6151.o
tsp_act_enable                                    calypso/libcalypso.a(tsp.o)
                                                  calypso/libcalypso.a(tpu.o)
                                                  rf/trf6151.o
tsp_act_state                                     calypso/libcalypso.a(tsp.o)
                                                  board/gta0x/rffe_gta0x_triband.o
tsp_act_toggle                                    calypso/libcalypso.a(tsp.o)
tsp_act_update                                    calypso/libcalypso.a(tsp.o)
                                                  board/gta0x/rffe_gta0x_triband.o
tsp_init                                          calypso/libcalypso.a(tsp.o)
tsp_setup                                         calypso/libcalypso.a(tsp.o)
                                                  board/gta0x/rffe_gta0x_triband.o
                                                  rf/trf6151.o
tsp_write                                         calypso/libcalypso.a(tsp.o)
                                                  rf/trf6151.o
                                                  abb/twl3025.o
twl3025_afc_get                                   abb/twl3025.o
twl3025_afc_set                                   abb/twl3025.o
twl3025_afcout_get                                abb/twl3025.o
twl3025_afcout_set                                abb/twl3025.o
twl3025_clk13m                                    abb/twl3025.o
twl3025_default_ramp                              abb/twl3025.o
twl3025_downlink                                  abb/twl3025.o
twl3025_init                                      abb/twl3025.o
                                                  board/gta0x/init.o
twl3025_power_off                                 abb/twl3025.o
                                                  calypso/libcalypso.a(keypad.o)
twl3025_reg_read                                  abb/twl3025.o
twl3025_reg_write                                 abb/twl3025.o
twl3025_tsp_write                                 abb/twl3025.o
twl3025_unit_enable                               abb/twl3025.o
twl3025_uplink                                    abb/twl3025.o
uart_baudrate                                     calypso/libcalypso.a(uart.o)
                                                  board/gta0x/init.o
uart_getchar_nb                                   calypso/libcalypso.a(uart.o)
uart_init                                         calypso/libcalypso.a(uart.o)
                                                  board/gta0x/init.o
uart_irq_enable                                   calypso/libcalypso.a(uart.o)
                                                  comm/libcomm.a(sercomm.o)
                                                  lib/libmini.a(console.o)
uart_poll                                         calypso/libcalypso.a(uart.o)
uart_putchar_nb                                   calypso/libcalypso.a(uart.o)
                                                  lib/libmini.a(console.o)
uart_putchar_wait                                 calypso/libcalypso.a(uart.o)
                                                  comm/libcomm.a(sercomm_cons.o)
                                                  lib/libmini.a(console.o)
uart_tx_busy                                      calypso/libcalypso.a(uart.o)
                                                  lib/libmini.a(console.o)
vscnprintf                                        lib/libmini.a(vsprintf.o)
vsnprintf                                         lib/libmini.a(vsprintf.o)
                                                  lib/libmini.a(printf.o)
vsprintf                                          lib/libmini.a(vsprintf.o)
vsscanf                                           lib/libmini.a(vsprintf.o)
wdog_enable                                       calypso/libcalypso.a(timer.o)
wdog_reset                                        calypso/libcalypso.a(timer.o)
write_battery_info                                apps/hello_world/main.o
