Archive member included because of file (symbol)

calypso/libcalypso.a(clock.o)
                              fb/fb_ssd1963.o (calypso_reset_set)
calypso/libcalypso.a(dma.o)   board/se_j100/init.o (dma_init)
calypso/libcalypso.a(dsp.o)   apps/compal_dsp_dump/main.o (dsp_dump)
calypso/libcalypso.a(irq.o)   abb/twl3025.o (irq_enable)
calypso/libcalypso.a(rtc.o)   board/se_j100/init.o (rtc_init)
calypso/libcalypso.a(spi.o)   abb/twl3025.o (spi_init)
calypso/libcalypso.a(tpu.o)   abb/twl3025.o (tpu_enqueue)
calypso/libcalypso.a(tsp.o)   abb/twl3025.o (tsp_write)
calypso/libcalypso.a(keypad.o)
                              board/se_j100/init.o (keypad_init)
calypso/libcalypso.a(misc.o)  apps/compal_dsp_dump/main.o (dump_dev_id)
calypso/libcalypso.a(timer.o)
                              board/se_j100/init.o (hwtimer_init)
calypso/libcalypso.a(backlight.o)
                              board/se_j100/init.o (bl_mode_pwl)
calypso/libcalypso.a(uart.o)  board/se_j100/init.o (uart_init)
calypso/libcalypso.a(uwire.o)
                              fb/fb_ssd1963.o (uwire_init)
calypso/libcalypso.a(arm.o)   calypso/libcalypso.a(irq.o) (arm_enable_interrupts)
lib/libmini.a(vsprintf.o)     apps/compal_dsp_dump/main.o (puts)
lib/libmini.a(string.o)       lib/libmini.a(vsprintf.o) (strnlen)
lib/libmini.a(ctype.o)        lib/libmini.a(vsprintf.o) (_ctype)
lib/libmini.a(printf.o)       abb/twl3025.o (printf)
lib/libmini.a(console.o)      board/se_j100/init.o (cons_bind_uart)
lib/libmini.a(ctors.o)        board/compal/start.ram.o (do_global_ctors)
lib/libmini.a(delay.o)        calypso/libcalypso.a(tpu.o) (delay_us)
lib/libmini.a(div64.o)        lib/libmini.a(vsprintf.o) (__do_div64)
lib/libmini.a(lib1funcs.o)    rf/trf6151.o (__udivsi3)
lib/libmini.a(memcpy.o)       fb/fb_ssd1963.o (memcpy)
lib/libmini.a(memset.o)       lib/libmini.a(console.o) (memset)
comm/libcomm.a(sercomm.o)     board/se_j100/init.o (sercomm_bind_uart)
comm/libcomm.a(sercomm_cons.o)
                              lib/libmini.a(vsprintf.o) (sercomm_puts)
comm/libcomm.a(timer.o)       calypso/libcalypso.a(keypad.o) (jiffies)
../../shared/libosmocore/build-target/src/.libs/libosmocore.a(msgb.o)
                              comm/libcomm.a(sercomm.o) (msgb_alloc)
../../shared/libosmocore/build-target/src/.libs/libosmocore.a(panic.o)
                              comm/libcomm.a(sercomm.o) (osmo_panic)
../../shared/libosmocore/build-target/src/gsm/.libs/libosmogsm.a(gsm_utils.o)
                              rf/trf6151.o (gsm_arfcn2band)
comm/libcomm.a(msgb.o)        ../../shared/libosmocore/build-target/src/.libs/libosmocore.a(msgb.o) (_talloc_zero)

Allocating common symbols
Common symbol       size              file

tall_msgb_ctx       0x4               ../../shared/libosmocore/build-target/src/.libs/libosmocore.a(msgb.o)
battery_info        0x14              battery/dummy.o
jiffies             0x4               comm/libcomm.a(timer.o)

Memory Configuration

Name             Origin             Length             Attributes
XRAM             0x0000000000800000 0x0000000000020000 rw
RAM              0x0000000000820000 0x0000000000030000 rw
*default*        0x0000000000000000 0xffffffffffffffff

Linker script and memory map

                0x0000000000820000                . = 0x820000

.text.start     0x0000000000820000       0x6c
                0x0000000000820000                PROVIDE (_start, .)
 *(.text.start)
 .text.start    0x0000000000820000       0x6c board/compal/start.ram.o
                0x0000000000820000                _start
 *(.text.start)

.text.exceptions
                0x000000000080001c       0x1c load address 0x000000000082006c
 *(.text.exceptions)
 .text.exceptions
                0x000000000080001c       0x1c board/compal/exceptions_redirected.o
 *(.text.exceptions)
                0x0000000000800038                . = ALIGN (0x4)
                0x000000000082006c                PROVIDE (_exceptions, LOADADDR (.text.exceptions))
                0x0000000000800038                . = ALIGN (0x4)

.text           0x0000000000820088     0x45e0 load address 0x0000000000820088
 *(.text*)
 .text.fb_putstr
                0x0000000000820088       0x1c apps/compal_dsp_dump/main.o
 .text.main     0x00000000008200a4      0x110 apps/compal_dsp_dump/main.o
                0x00000000008200a4                main
 .text.twl3025_reg_write
                0x00000000008201b4       0x68 abb/twl3025.o
                0x00000000008201b4                twl3025_reg_write
 .text.twl3025_unit_enable
                0x000000000082021c       0x6c abb/twl3025.o
                0x000000000082021c                twl3025_unit_enable
 .text.twl3025_switch_page
                0x0000000000820288       0x30 abb/twl3025.o
 .text.twl3025_reg_read
                0x00000000008202b8       0x80 abb/twl3025.o
                0x00000000008202b8                twl3025_reg_read
 .text.twl3025_power_off
                0x0000000000820338       0x30 abb/twl3025.o
                0x0000000000820338                twl3025_power_off
 .text.twl3025_irq
                0x0000000000820368       0x4c abb/twl3025.o
 .text.twl3025_wait_ibic_access
                0x00000000008203b4        0x8 abb/twl3025.o
 .text.twl3025_clk13m
                0x00000000008203bc       0x38 abb/twl3025.o
                0x00000000008203bc                twl3025_clk13m
 .text.twl3025_init
                0x00000000008203f4       0x8c abb/twl3025.o
                0x00000000008203f4                twl3025_init
 .text          0x0000000000820480       0xfc board/common/calypso_uart.o
                0x000000000082048c                phex
                0x00000000008204c0                puts_asm
                0x000000000082050c                memdump_asm
                0x00000000008204fc                putchar_asm
 .text.board_init
                0x000000000082057c      0x1d8 board/se_j100/init.o
                0x000000000082057c                board_init
 .text.fb_font_get_char
                0x0000000000820754       0x50 fb/font.o
                0x0000000000820754                fb_font_get_char
 .text.fb_limit_fb_range
                0x00000000008207a4       0x38 fb/fb_rgb332.o
 .text.fb_sanitize_box
                0x00000000008207dc       0x50 fb/fb_rgb332.o
 .text.fb_rgb332_clear
                0x000000000082082c       0x74 fb/fb_rgb332.o
                0x000000000082082c                fb_rgb332_clear
 .text.fb_rgb332_update_damage
                0x00000000008208a0       0xd8 fb/fb_rgb332.o
 .text.rgb_to_pixel
                0x0000000000820978       0x24 fb/fb_rgb332.o
 .text.set_pix  0x000000000082099c       0x24 fb/fb_rgb332.o
 .text.fb_rgb332_boxto
                0x00000000008209c0      0x11c fb/fb_rgb332.o
                0x00000000008209c0                fb_rgb332_boxto
 .text.fb_rgb332_lineto
                0x0000000000820adc      0x138 fb/fb_rgb332.o
                0x0000000000820adc                fb_rgb332_lineto
 .text.fb_rgb332_putstr
                0x0000000000820c14      0x2b8 fb/fb_rgb332.o
                0x0000000000820c14                fb_rgb332_putstr
 .text.fb_ssd1963_send_cmdlist
                0x0000000000820ecc       0x50 fb/fb_ssd1963.o
 .text.fb_ssd1963_init
                0x0000000000820f1c       0x48 fb/fb_ssd1963.o
 .text.fb_ssd1963_flush
                0x0000000000820f64      0x184 fb/fb_ssd1963.o
 .text          0x00000000008210e8       0x90 board/compal/handlers.o
                0x00000000008210e8                handle_abort
                0x0000000000821128                irq_entry
                0x0000000000821150                fiq_entry
 .text.calypso_pll_set
                0x0000000000821178       0x38 calypso/libcalypso.a(clock.o)
                0x0000000000821178                calypso_pll_set
 .text.calypso_reset_set
                0x00000000008211b0       0x2c calypso/libcalypso.a(clock.o)
                0x00000000008211b0                calypso_reset_set
 .text.calypso_clock_set
                0x00000000008211dc       0xa0 calypso/libcalypso.a(clock.o)
                0x00000000008211dc                calypso_clock_set
 .text.calypso_mem_cfg
                0x000000000082127c       0x20 calypso/libcalypso.a(clock.o)
                0x000000000082127c                calypso_mem_cfg
 .text.calypso_bootrom
                0x000000000082129c       0x28 calypso/libcalypso.a(clock.o)
                0x000000000082129c                calypso_bootrom
 .text.calypso_rhea_cfg
                0x00000000008212c4       0x58 calypso/libcalypso.a(clock.o)
                0x00000000008212c4                calypso_rhea_cfg
 .text.dma_init
                0x000000000082131c       0x14 calypso/libcalypso.a(dma.o)
                0x000000000082131c                dma_init
 .text.dsp_upload_sections_api
                0x0000000000821330       0x88 calypso/libcalypso.a(dsp.o)
 .text.dsp_pre_boot
                0x00000000008213b8       0x90 calypso/libcalypso.a(dsp.o)
 .text.dsp_dump
                0x0000000000821448      0x1d0 calypso/libcalypso.a(dsp.o)
                0x0000000000821448                dsp_dump
 .text._irq_enable
                0x0000000000821618       0x48 calypso/libcalypso.a(irq.o)
 .text.irq_enable
                0x0000000000821660        0x8 calypso/libcalypso.a(irq.o)
                0x0000000000821660                irq_enable
 .text.irq_disable
                0x0000000000821668        0x8 calypso/libcalypso.a(irq.o)
                0x0000000000821668                irq_disable
 .text.irq_config
                0x0000000000821670       0x50 calypso/libcalypso.a(irq.o)
                0x0000000000821670                irq_config
 .text.irq      0x00000000008216c0       0x44 calypso/libcalypso.a(irq.o)
                0x00000000008216c0                irq
 .text.fiq      0x0000000000821704       0x44 calypso/libcalypso.a(irq.o)
                0x0000000000821704                fiq
 .text.irq_register_handler
                0x0000000000821748       0x14 calypso/libcalypso.a(irq.o)
                0x0000000000821748                irq_register_handler
 .text.calypso_exceptions_install
                0x000000000082175c       0x30 calypso/libcalypso.a(irq.o)
                0x000000000082175c                calypso_exceptions_install
 .text.irq_init
                0x000000000082178c       0x6c calypso/libcalypso.a(irq.o)
                0x000000000082178c                irq_init
 .text.rtc_irq_tick
                0x00000000008217f8       0x18 calypso/libcalypso.a(rtc.o)
 .text.rtc_init
                0x0000000000821810       0x5c calypso/libcalypso.a(rtc.o)
                0x0000000000821810                rtc_init
 .text.spi_init
                0x000000000082186c       0x20 calypso/libcalypso.a(spi.o)
                0x000000000082186c                spi_init
 .text.spi_xfer
                0x000000000082188c      0x120 calypso/libcalypso.a(spi.o)
                0x000000000082188c                spi_xfer
 .text.emit_key
                0x00000000008219ac       0x58 calypso/libcalypso.a(keypad.o)
                0x00000000008219ac                emit_key
 .text.dispatch_buttons
                0x0000000000821a04       0xd4 calypso/libcalypso.a(keypad.o)
                0x0000000000821a04                dispatch_buttons
 .text.keypad_irq
                0x0000000000821ad8       0x18 calypso/libcalypso.a(keypad.o)
 .text.keypad_init
                0x0000000000821af0       0x88 calypso/libcalypso.a(keypad.o)
                0x0000000000821af0                keypad_init
 .text.keypad_poll
                0x0000000000821b78      0x1d0 calypso/libcalypso.a(keypad.o)
                0x0000000000821b78                keypad_poll
 .text.dump_dev_id
                0x0000000000821d48       0xa4 calypso/libcalypso.a(misc.o)
                0x0000000000821d48                dump_dev_id
 .text.hwtimer_enable
                0x0000000000821dec       0x70 calypso/libcalypso.a(timer.o)
                0x0000000000821dec                hwtimer_enable
 .text.hwtimer_config
                0x0000000000821e5c       0x30 calypso/libcalypso.a(timer.o)
                0x0000000000821e5c                hwtimer_config
 .text.hwtimer_load
                0x0000000000821e8c       0x28 calypso/libcalypso.a(timer.o)
                0x0000000000821e8c                hwtimer_load
 .text.hwtimer_init
                0x0000000000821eb4       0x1c calypso/libcalypso.a(timer.o)
                0x0000000000821eb4                hwtimer_init
 .text.wdog_irq
                0x0000000000821ed0        0xc calypso/libcalypso.a(timer.o)
 .text.wdog_enable
                0x0000000000821edc       0x64 calypso/libcalypso.a(timer.o)
                0x0000000000821edc                wdog_enable
 .text.bl_mode_pwl
                0x0000000000821f40       0x44 calypso/libcalypso.a(backlight.o)
                0x0000000000821f40                bl_mode_pwl
 .text.bl_level
                0x0000000000821f84       0x34 calypso/libcalypso.a(backlight.o)
                0x0000000000821f84                bl_level
 .text.uart_set_lcr7bit
                0x0000000000821fb8       0x28 calypso/libcalypso.a(uart.o)
 .text.uart_set_lcr_bf
                0x0000000000821fe0       0x34 calypso/libcalypso.a(uart.o)
 .text.uart_set_mcr6bit
                0x0000000000822014       0x28 calypso/libcalypso.a(uart.o)
 .text.uart_reg_write
                0x000000000082203c       0x9c calypso/libcalypso.a(uart.o)
 .text.uart_reg_read
                0x00000000008220d8       0x9c calypso/libcalypso.a(uart.o)
 .text.uart_irq_handler_cons
                0x0000000000822174       0x5c calypso/libcalypso.a(uart.o)
 .text.uart_irq_enable
                0x00000000008221d0       0x58 calypso/libcalypso.a(uart.o)
                0x00000000008221d0                uart_irq_enable
 .text.uart_tx_busy
                0x0000000000822228       0x18 calypso/libcalypso.a(uart.o)
                0x0000000000822228                uart_tx_busy
 .text.uart_putchar_nb
                0x0000000000822240       0x34 calypso/libcalypso.a(uart.o)
                0x0000000000822240                uart_putchar_nb
 .text.uart_getchar_nb
                0x0000000000822274       0x88 calypso/libcalypso.a(uart.o)
                0x0000000000822274                uart_getchar_nb
 .text.uart_irq_handler_sercomm
                0x00000000008222fc      0x118 calypso/libcalypso.a(uart.o)
 .text.uart_init
                0x0000000000822414      0x188 calypso/libcalypso.a(uart.o)
                0x0000000000822414                uart_init
 .text.uart_putchar_wait
                0x000000000082259c       0x2c calypso/libcalypso.a(uart.o)
                0x000000000082259c                uart_putchar_wait
 .text.uart_baudrate
                0x00000000008225c8       0x74 calypso/libcalypso.a(uart.o)
                0x00000000008225c8                uart_baudrate
 .text.uwire_init
                0x000000000082263c       0x40 calypso/libcalypso.a(uwire.o)
                0x000000000082263c                uwire_init
 .text.uwire_xfer
                0x000000000082267c      0x114 calypso/libcalypso.a(uwire.o)
                0x000000000082267c                uwire_xfer
 .text.arm_enable_interrupts
                0x0000000000822790       0x10 calypso/libcalypso.a(arm.o)
                0x0000000000822790                arm_enable_interrupts
 .text.skip_atoi
                0x00000000008227a0       0x48 lib/libmini.a(vsprintf.o)
 .text.number   0x00000000008227e8      0x2a0 lib/libmini.a(vsprintf.o)
 .text.vsnprintf
                0x0000000000822a88      0x540 lib/libmini.a(vsprintf.o)
                0x0000000000822a88                vsnprintf
 .text.puts     0x0000000000822fc8        0x4 lib/libmini.a(vsprintf.o)
                0x0000000000822fc8                puts
 .text.strnlen  0x0000000000822fcc       0x2c lib/libmini.a(string.o)
                0x0000000000822fcc                strnlen
 .text.strlen   0x0000000000822ff8       0x20 lib/libmini.a(string.o)
                0x0000000000822ff8                strlen
 .text.printf   0x0000000000823018       0x50 lib/libmini.a(printf.o)
                0x0000000000823018                printf
 .text.cons_bind_uart
                0x0000000000823068       0x18 lib/libmini.a(console.o)
                0x0000000000823068                cons_bind_uart
 .text.cons_get_uart
                0x0000000000823080       0x18 lib/libmini.a(console.o)
                0x0000000000823080                cons_get_uart
 .text.cons_init
                0x0000000000823098       0x40 lib/libmini.a(console.o)
                0x0000000000823098                cons_init
 .text.cons_rb_pull
                0x00000000008230d8       0x6c lib/libmini.a(console.o)
 .text.cons_rb_flush
                0x0000000000823144       0x58 lib/libmini.a(console.o)
                0x0000000000823144                cons_rb_flush
 .text.__cons_rb_append
                0x000000000082319c       0x6c lib/libmini.a(console.o)
 .text.cons_rb_append
                0x0000000000823208       0xe4 lib/libmini.a(console.o)
                0x0000000000823208                cons_rb_append
 .text.cons_puts
                0x00000000008232ec       0x70 lib/libmini.a(console.o)
                0x00000000008232ec                cons_puts
 .text.do_global_ctors
                0x000000000082335c       0x30 lib/libmini.a(ctors.o)
                0x000000000082335c                do_global_ctors
 .text.delay_ms
                0x000000000082338c       0x3c lib/libmini.a(delay.o)
                0x000000000082338c                delay_ms
 .text          0x00000000008233c8      0x130 lib/libmini.a(div64.o)
                0x00000000008233c8                __do_div64
 .text          0x00000000008234f8      0x3d4 lib/libmini.a(lib1funcs.o)
                0x00000000008234f8                __udivsi3
                0x00000000008235e0                __umodsi3
                0x000000000082369c                __aeabi_idiv
                0x00000000008238c8                __div0
                0x00000000008234f8                __aeabi_uidiv
                0x000000000082369c                __divsi3
                0x0000000000823888                __aeabi_uidivmod
                0x00000000008237b4                __modsi3
                0x00000000008238a0                __aeabi_idivmod
 .text          0x00000000008238cc      0x29c lib/libmini.a(memcpy.o)
                0x00000000008238cc                memcpy
 *fill*         0x0000000000823b68       0x18 00
 .text          0x0000000000823b80       0xc0 lib/libmini.a(memset.o)
                0x0000000000823ba0                memset
 .text.msgb_tailroom
                0x0000000000823c40       0x18 comm/libcomm.a(sercomm.o)
 .text.msgb_put
                0x0000000000823c58       0x50 comm/libcomm.a(sercomm.o)
 .text.sercomm_alloc_msgb
                0x0000000000823ca8       0x40 comm/libcomm.a(sercomm.o)
 .text.sercomm_bind_uart
                0x0000000000823ce8       0x10 comm/libcomm.a(sercomm.o)
                0x0000000000823ce8                sercomm_bind_uart
 .text.sercomm_get_uart
                0x0000000000823cf8       0x10 comm/libcomm.a(sercomm.o)
                0x0000000000823cf8                sercomm_get_uart
 .text.sercomm_register_rx_cb
                0x0000000000823d08       0x34 comm/libcomm.a(sercomm.o)
                0x0000000000823d08                sercomm_register_rx_cb
 .text.sercomm_init
                0x0000000000823d3c       0x4c comm/libcomm.a(sercomm.o)
                0x0000000000823d3c                sercomm_init
 .text.sercomm_initialized
                0x0000000000823d88       0x10 comm/libcomm.a(sercomm.o)
                0x0000000000823d88                sercomm_initialized
 .text.sercomm_drv_rx_char
                0x0000000000823d98      0x17c comm/libcomm.a(sercomm.o)
                0x0000000000823d98                sercomm_drv_rx_char
 .text.sercomm_drv_pull
                0x0000000000823f14      0x11c comm/libcomm.a(sercomm.o)
                0x0000000000823f14                sercomm_drv_pull
 .text.sercomm_tx_queue_depth
                0x0000000000824030       0x34 comm/libcomm.a(sercomm.o)
                0x0000000000824030                sercomm_tx_queue_depth
 .text.sercomm_sendmsg
                0x0000000000824064       0x94 comm/libcomm.a(sercomm.o)
                0x0000000000824064                sercomm_sendmsg
 .text.msgb_tailroom
                0x00000000008240f8       0x18 comm/libcomm.a(sercomm_cons.o)
 .text.raw_puts
                0x0000000000824110       0x3c comm/libcomm.a(sercomm_cons.o)
 .text.sercomm_puts
                0x000000000082414c      0x180 comm/libcomm.a(sercomm_cons.o)
                0x000000000082414c                sercomm_puts
 .text.sercomm_putchar
                0x00000000008242cc       0x30 comm/libcomm.a(sercomm_cons.o)
                0x00000000008242cc                sercomm_putchar
 .text.osmo_timer_del
                0x00000000008242fc       0x4c comm/libcomm.a(timer.o)
                0x00000000008242fc                osmo_timer_del
 .text.timer_irq
                0x0000000000824348       0x18 comm/libcomm.a(timer.o)
 .text.timer_init
                0x0000000000824360       0x6c comm/libcomm.a(timer.o)
                0x0000000000824360                timer_init
 .text.osmo_timers_update
                0x00000000008243cc       0xe4 comm/libcomm.a(timer.o)
                0x00000000008243cc                osmo_timers_update
 .text.msgb_alloc
                0x00000000008244b0       0x5c ../../shared/libosmocore/build-target/src/.libs/libosmocore.a(msgb.o)
                0x00000000008244b0                msgb_alloc
 .text.msgb_free
                0x000000000082450c        0x4 ../../shared/libosmocore/build-target/src/.libs/libosmocore.a(msgb.o)
                0x000000000082450c                msgb_free
 .text.msgb_enqueue
                0x0000000000824510       0x18 ../../shared/libosmocore/build-target/src/.libs/libosmocore.a(msgb.o)
                0x0000000000824510                msgb_enqueue
 .text.msgb_dequeue
                0x0000000000824528       0x40 ../../shared/libosmocore/build-target/src/.libs/libosmocore.a(msgb.o)
                0x0000000000824528                msgb_dequeue
 .text.osmo_panic
                0x0000000000824568       0x58 ../../shared/libosmocore/build-target/src/.libs/libosmocore.a(panic.o)
                0x0000000000824568                osmo_panic
 .text._talloc_zero
                0x00000000008245c0       0x9c comm/libcomm.a(msgb.o)
                0x00000000008245c0                _talloc_zero
 .text.talloc_free
                0x000000000082465c        0xc comm/libcomm.a(msgb.o)
                0x000000000082465c                talloc_free
 *(.ramtext*)
 *(.glue_7t)
 *(.glue_7)
 *(.vfp11_veneer)
 *(.v4_bx)
                0x0000000000824668                . = ALIGN (0x4)
                0x0000000000820088                PROVIDE (_text_start, LOADADDR (.text))
                0x0000000000824668                PROVIDE (_text_end, (LOADADDR (.text) + SIZEOF (.text)))

.ctors          0x0000000000824668        0x8
                0x0000000000824668        0x4 LONG 0x0 ((SIZEOF (.ctors) / 0x4) - 0x2)
 *(SORT(.ctors))
                0x000000000082466c        0x4 LONG 0x0
                0x0000000000824668                PROVIDE (_ctor_start, LOADADDR (.ctors))
                0x0000000000824670                PROVIDE (_ctor_end, (LOADADDR (.ctors) + SIZEOF (.ctors)))

.dtors          0x0000000000824670        0x8
                0x0000000000824670        0x4 LONG 0x0 ((SIZEOF (.dtors) / 0x4) - 0x2)
 *(SORT(.dtors))
                0x0000000000824674        0x4 LONG 0x0
                0x0000000000824670                PROVIDE (_dtor_start, LOADADDR (.dtors))
                0x0000000000824678                PROVIDE (_dtor_end, (LOADADDR (.dtors) + SIZEOF (.dtors)))
                0x0000000000824678                . = ALIGN (0x4)

.rodata         0x0000000000824678     0x193d
 *(.rodata*)
 .rodata.str1.4
                0x0000000000824678       0xb3 apps/compal_dsp_dump/main.o
                                         0xb4 (size before relaxing)
 *fill*         0x000000000082472b        0x1 00
 .rodata.str1.4
                0x000000000082472c       0x5d abb/twl3025.o
                                         0x60 (size before relaxing)
 .rodata        0x0000000000824789       0x17 board/se_j100/init.o
 .rodata        0x00000000008247a0      0x4bc fb/helvR08.o
                0x00000000008247a0                font_helvR08
 .rodata        0x0000000000824c5c      0x70c fb/helvB14.o
                0x0000000000824c5c                font_helvB14
 .rodata        0x0000000000825368      0x5b0 fb/c64.o
                0x0000000000825368                font_c64
 .rodata        0x0000000000825918       0x98 fb/symbols.o
                0x0000000000825918                font_symbols
 .rodata        0x00000000008259b0       0xa0 fb/fb_ssd1963.o
 .rodata.str1.4
                0x0000000000825a50       0x27 fb/fb_ssd1963.o
                                         0x28 (size before relaxing)
 *fill*         0x0000000000825a77        0x1 00
 .rodata        0x0000000000825a78       0x98 calypso/libcalypso.a(dsp.o)
 .rodata.str1.4
                0x0000000000825b10      0x1f2 calypso/libcalypso.a(dsp.o)
                                        0x1f8 (size before relaxing)
 *fill*         0x0000000000825d02        0x2 00
 .rodata.str1.4
                0x0000000000825d04       0x1f calypso/libcalypso.a(keypad.o)
                                         0x20 (size before relaxing)
 *fill*         0x0000000000825d23        0x1 00
 .rodata.str1.4
                0x0000000000825d24      0x10d calypso/libcalypso.a(misc.o)
                                        0x118 (size before relaxing)
 *fill*         0x0000000000825e31        0x3 00
 .rodata.str1.4
                0x0000000000825e34       0x21 calypso/libcalypso.a(timer.o)
                                         0x24 (size before relaxing)
 *fill*         0x0000000000825e55        0x1 00
 .rodata        0x0000000000825e56       0x10 calypso/libcalypso.a(uart.o)
 *fill*         0x0000000000825e66        0x2 00
 .rodata.str1.4
                0x0000000000825e68       0x6d calypso/libcalypso.a(uart.o)
                                         0x70 (size before relaxing)
 *fill*         0x0000000000825ed5        0x3 00
 .rodata        0x0000000000825ed8       0x50 lib/libmini.a(vsprintf.o)
 .rodata.str1.4
                0x0000000000825f28       0x73 comm/libcomm.a(sercomm.o)
                                         0x74 (size before relaxing)
 .rodata.str1.4
                0x0000000000825f9b        0x0 comm/libcomm.a(sercomm_cons.o)
                                         0x40 (size before relaxing)
 *fill*         0x0000000000825f9b        0x1 00
 .rodata.str1.4
                0x0000000000825f9c       0x19 comm/libcomm.a(msgb.o)
                                         0x1c (size before relaxing)
                0x0000000000824678                PROVIDE (_rodata_start, LOADADDR (.rodata))
                0x0000000000825fb5                PROVIDE (_rodata_end, (LOADADDR (.rodata) + SIZEOF (.rodata)))
                0x0000000000825fb8                . = ALIGN (0x4)

.data           0x0000000000825fb8      0x378
 *(.data)
 .data          0x0000000000825fb8        0x4 apps/compal_dsp_dump/main.o
                0x0000000000825fb8                hr
 .data          0x0000000000825fbc       0x10 fb/font.o
                0x0000000000825fbc                fb_fonts
 .data          0x0000000000825fcc       0x48 fb/fb_ssd1963.o
                0x0000000000825fcc                fb_rgb332
                0x0000000000825fdc                framebuffer
 .data          0x0000000000826014      0x1fc calypso/libcalypso.a(dsp.o)
                0x0000000000826014                dsp_api
 .data          0x0000000000826210       0x15 calypso/libcalypso.a(irq.o)
 .data          0x0000000000826225      0x100 lib/libmini.a(ctype.o)
                0x0000000000826225                _ctype
 *fill*         0x0000000000826325        0x3 00
 .data          0x0000000000826328        0x8 comm/libcomm.a(timer.o)
                0x0000000000825fb8                PROVIDE (_data_start, LOADADDR (.data))
                0x0000000000826330                PROVIDE (_data_end, (LOADADDR (.data) + SIZEOF (.data)))
                0x0000000000826330                . = ALIGN (0x4)

.got            0x0000000000826330       0x14
 *(.got)
 .got           0x0000000000826330        0x8 ../../shared/libosmocore/build-target/src/.libs/libosmocore.a(msgb.o)
 *(.got.plt)
 .got.plt       0x0000000000826338        0xc ../../shared/libosmocore/build-target/src/.libs/libosmocore.a(msgb.o)
                0x0000000000826338                _GLOBAL_OFFSET_TABLE_
 *(.igot.plt)
 *(.got)
 *(.igot)
                0x0000000000826330                PROVIDE (_got_start, LOADADDR (.got))
                0x0000000000826344                PROVIDE (_got_end, (LOADADDR (.got) + SIZEOF (.got)))

.bss            0x0000000000826344     0x5c80
                0x0000000000826344                . = ALIGN (0x4)
                0x0000000000826344                __bss_start = .
 *(.bss)
 .bss           0x0000000000826344        0x4 abb/twl3025.o
 .bss           0x0000000000826348     0x1800 fb/fb_ssd1963.o
 .bss           0x0000000000827b48        0x4 calypso/libcalypso.a(dsp.o)
 .bss           0x0000000000827b4c       0x80 calypso/libcalypso.a(irq.o)
 .bss           0x0000000000827bcc        0x4 calypso/libcalypso.a(rtc.o)
 .bss           0x0000000000827bd0       0x24 calypso/libcalypso.a(keypad.o)
                0x0000000000827bd0                power_hold
                0x0000000000827bd4                lastbuttons
 .bss           0x0000000000827bf4        0x1 calypso/libcalypso.a(uart.o)
 .bss           0x0000000000827bf5      0x400 lib/libmini.a(printf.o)
 *fill*         0x0000000000827ff5        0x3 00
 .bss           0x0000000000827ff8     0x1010 lib/libmini.a(console.o)
 .bss           0x0000000000829008      0x62c comm/libcomm.a(sercomm.o)
 .bss           0x0000000000829634        0x4 comm/libcomm.a(sercomm_cons.o)
 .bss           0x0000000000829638        0x4 ../../shared/libosmocore/build-target/src/.libs/libosmocore.a(panic.o)
 .bss           0x000000000082963c     0x2980 comm/libcomm.a(msgb.o)
 COMMON         0x000000000082bfbc        0x4 comm/libcomm.a(timer.o)
                0x000000000082bfbc                jiffies
 COMMON         0x000000000082bfc0        0x4 ../../shared/libosmocore/build-target/src/.libs/libosmocore.a(msgb.o)
                0x000000000082bfc0                tall_msgb_ctx
                0x000000000082bfc4                . = ALIGN (0x4)
                0x000000000082bfc4                __bss_end = .
                0x0000000000826344                PROVIDE (_bss_start, __bss_start)
                0x000000000082bfc4                PROVIDE (_bss_end, __bss_end)
                0x000000000082bfc4                . = ALIGN (0x4)
                0x000000000082bfc4                _end = .
                0x000000000082bfc4                PROVIDE (end, .)

.rel.dyn
START GROUP
LOAD apps/compal_dsp_dump/main.o
LOAD abb/twl3025.o
LOAD rf/trf6151.o
LOAD flash/cfi_flash.o
LOAD board/common/calypso_uart.o
LOAD board/common/calypso_pwl.o
LOAD board/compal/rffe_dualband.o
LOAD board/compal/rf_power.o
LOAD board/se_j100/init.o
LOAD battery/dummy.o
LOAD fb/framebuffer.o
LOAD fb/font.o
LOAD fb/helvR08.o
LOAD fb/helvB14.o
LOAD fb/c64.o
LOAD fb/symbols.o
LOAD fb/fb_rgb332.o
LOAD fb/fb_ssd1963.o
LOAD board/compal/start.ram.o
LOAD board/compal/exceptions_redirected.o
LOAD board/compal/handlers.o
LOAD board/se_j100/compal_dsp_dump.highram.manifest.o
LOAD calypso/libcalypso.a
LOAD layer1/liblayer1.a
LOAD lib/libmini.a
LOAD comm/libcomm.a
LOAD ../../shared/libosmocore/build-target/src/.libs/libosmocore.a
LOAD ../../shared/libosmocore/build-target/src/gsm/.libs/libosmogsm.a
END GROUP
OUTPUT(board/se_j100/compal_dsp_dump.highram.elf elf32-littlearm)

.debug_abbrev   0x0000000000000000     0x34cd
 .debug_abbrev  0x0000000000000000      0x179 apps/compal_dsp_dump/main.o
 .debug_abbrev  0x0000000000000179      0x279 abb/twl3025.o
 .debug_abbrev  0x00000000000003f2      0x250 rf/trf6151.o
 .debug_abbrev  0x0000000000000642      0x27d flash/cfi_flash.o
 .debug_abbrev  0x00000000000008bf       0xf5 board/compal/rffe_dualband.o
 .debug_abbrev  0x00000000000009b4       0x61 board/compal/rf_power.o
 .debug_abbrev  0x0000000000000a15      0x14d board/se_j100/init.o
 .debug_abbrev  0x0000000000000b62       0x75 battery/dummy.o
 .debug_abbrev  0x0000000000000bd7       0xc0 fb/framebuffer.o
 .debug_abbrev  0x0000000000000c97       0xe2 fb/font.o
 .debug_abbrev  0x0000000000000d79       0xaf fb/helvR08.o
 .debug_abbrev  0x0000000000000e28       0xaf fb/helvB14.o
 .debug_abbrev  0x0000000000000ed7       0xaf fb/c64.o
 .debug_abbrev  0x0000000000000f86       0x97 fb/symbols.o
 .debug_abbrev  0x000000000000101d      0x245 fb/fb_rgb332.o
 .debug_abbrev  0x0000000000001262      0x182 fb/fb_ssd1963.o
 .debug_abbrev  0x00000000000013e4       0x40 board/se_j100/compal_dsp_dump.highram.manifest.o
 .debug_abbrev  0x0000000000001424      0x137 calypso/libcalypso.a(clock.o)
 .debug_abbrev  0x000000000000155b       0x25 calypso/libcalypso.a(dma.o)
 .debug_abbrev  0x0000000000001580      0x370 calypso/libcalypso.a(dsp.o)
 .debug_abbrev  0x00000000000018f0      0x196 calypso/libcalypso.a(irq.o)
 .debug_abbrev  0x0000000000001a86       0x86 calypso/libcalypso.a(rtc.o)
 .debug_abbrev  0x0000000000001b0c       0xbf calypso/libcalypso.a(spi.o)
 .debug_abbrev  0x0000000000001bcb      0x222 calypso/libcalypso.a(tpu.o)
 .debug_abbrev  0x0000000000001ded       0xe1 calypso/libcalypso.a(tsp.o)
 .debug_abbrev  0x0000000000001ece      0x145 calypso/libcalypso.a(keypad.o)
 .debug_abbrev  0x0000000000002013       0xa4 calypso/libcalypso.a(misc.o)
 .debug_abbrev  0x00000000000020b7       0xfd calypso/libcalypso.a(timer.o)
 .debug_abbrev  0x00000000000021b4       0x8c calypso/libcalypso.a(backlight.o)
 .debug_abbrev  0x0000000000002240      0x1dc calypso/libcalypso.a(uart.o)
 .debug_abbrev  0x000000000000241c       0xef calypso/libcalypso.a(uwire.o)
 .debug_abbrev  0x000000000000250b       0x74 calypso/libcalypso.a(arm.o)
 .debug_abbrev  0x000000000000257f      0x25a lib/libmini.a(vsprintf.o)
 .debug_abbrev  0x00000000000027d9       0xa8 lib/libmini.a(string.o)
 .debug_abbrev  0x0000000000002881       0x42 lib/libmini.a(ctype.o)
 .debug_abbrev  0x00000000000028c3       0xb6 lib/libmini.a(printf.o)
 .debug_abbrev  0x0000000000002979      0x1e4 lib/libmini.a(console.o)
 .debug_abbrev  0x0000000000002b5d       0x81 lib/libmini.a(ctors.o)
 .debug_abbrev  0x0000000000002bde       0x6c lib/libmini.a(delay.o)
 .debug_abbrev  0x0000000000002c4a      0x2ab comm/libcomm.a(sercomm.o)
 .debug_abbrev  0x0000000000002ef5      0x24f comm/libcomm.a(sercomm_cons.o)
 .debug_abbrev  0x0000000000003144      0x1f9 comm/libcomm.a(timer.o)
 .debug_abbrev  0x000000000000333d      0x190 comm/libcomm.a(msgb.o)

.debug_info     0x0000000000000000     0x9fe5
 .debug_info    0x0000000000000000      0x41f apps/compal_dsp_dump/main.o
 .debug_info    0x000000000000041f      0x567 abb/twl3025.o
 .debug_info    0x0000000000000986      0x892 rf/trf6151.o
 .debug_info    0x0000000000001218      0xafd flash/cfi_flash.o
 .debug_info    0x0000000000001d15      0x275 board/compal/rffe_dualband.o
 .debug_info    0x0000000000001f8a       0xc3 board/compal/rf_power.o
 .debug_info    0x000000000000204d      0x293 board/se_j100/init.o
 .debug_info    0x00000000000022e0       0xc2 battery/dummy.o
 .debug_info    0x00000000000023a2      0x1ee fb/framebuffer.o
 .debug_info    0x0000000000002590      0x23a fb/font.o
 .debug_info    0x00000000000027ca      0x186 fb/helvR08.o
 .debug_info    0x0000000000002950      0x186 fb/helvB14.o
 .debug_info    0x0000000000002ad6      0x186 fb/c64.o
 .debug_info    0x0000000000002c5c      0x183 fb/symbols.o
 .debug_info    0x0000000000002ddf      0x7f3 fb/fb_rgb332.o
 .debug_info    0x00000000000035d2      0x45e fb/fb_ssd1963.o
 .debug_info    0x0000000000003a30       0x80 board/se_j100/compal_dsp_dump.highram.manifest.o
 .debug_info    0x0000000000003ab0      0x402 calypso/libcalypso.a(clock.o)
 .debug_info    0x0000000000003eb2       0x32 calypso/libcalypso.a(dma.o)
 .debug_info    0x0000000000003ee4     0x1a9f calypso/libcalypso.a(dsp.o)
 .debug_info    0x0000000000005983      0x41f calypso/libcalypso.a(irq.o)
 .debug_info    0x0000000000005da2      0x14c calypso/libcalypso.a(rtc.o)
 .debug_info    0x0000000000005eee      0x132 calypso/libcalypso.a(spi.o)
 .debug_info    0x0000000000006020      0x451 calypso/libcalypso.a(tpu.o)
 .debug_info    0x0000000000006471      0x2a9 calypso/libcalypso.a(tsp.o)
 .debug_info    0x000000000000671a      0x427 calypso/libcalypso.a(keypad.o)
 .debug_info    0x0000000000006b41      0x110 calypso/libcalypso.a(misc.o)
 .debug_info    0x0000000000006c51      0x290 calypso/libcalypso.a(timer.o)
 .debug_info    0x0000000000006ee1       0xd0 calypso/libcalypso.a(backlight.o)
 .debug_info    0x0000000000006fb1      0x689 calypso/libcalypso.a(uart.o)
 .debug_info    0x000000000000763a      0x1ae calypso/libcalypso.a(uwire.o)
 .debug_info    0x00000000000077e8       0x8b calypso/libcalypso.a(arm.o)
 .debug_info    0x0000000000007873      0xa94 lib/libmini.a(vsprintf.o)
 .debug_info    0x0000000000008307      0x11d lib/libmini.a(string.o)
 .debug_info    0x0000000000008424       0x56 lib/libmini.a(ctype.o)
 .debug_info    0x000000000000847a       0xfe lib/libmini.a(printf.o)
 .debug_info    0x0000000000008578      0x383 lib/libmini.a(console.o)
 .debug_info    0x00000000000088fb       0x98 lib/libmini.a(ctors.o)
 .debug_info    0x0000000000008993       0x8e lib/libmini.a(delay.o)
 .debug_info    0x0000000000008a21      0x81a comm/libcomm.a(sercomm.o)
 .debug_info    0x000000000000923b      0x50e comm/libcomm.a(sercomm_cons.o)
 .debug_info    0x0000000000009749      0x57d comm/libcomm.a(timer.o)
 .debug_info    0x0000000000009cc6      0x31f comm/libcomm.a(msgb.o)

.debug_line     0x0000000000000000     0x35d5
 .debug_line    0x0000000000000000      0x153 apps/compal_dsp_dump/main.o
 .debug_line    0x0000000000000153      0x2c4 abb/twl3025.o
 .debug_line    0x0000000000000417      0x329 rf/trf6151.o
 .debug_line    0x0000000000000740      0x221 flash/cfi_flash.o
 .debug_line    0x0000000000000961      0x182 board/compal/rffe_dualband.o
 .debug_line    0x0000000000000ae3       0x90 board/compal/rf_power.o
 .debug_line    0x0000000000000b73      0x12b board/se_j100/init.o
 .debug_line    0x0000000000000c9e       0x59 battery/dummy.o
 .debug_line    0x0000000000000cf7       0x9b fb/framebuffer.o
 .debug_line    0x0000000000000d92       0xb2 fb/font.o
 .debug_line    0x0000000000000e44       0x9a fb/helvR08.o
 .debug_line    0x0000000000000ede       0x9a fb/helvB14.o
 .debug_line    0x0000000000000f78       0x96 fb/c64.o
 .debug_line    0x000000000000100e       0x9a fb/symbols.o
 .debug_line    0x00000000000010a8      0x252 fb/fb_rgb332.o
 .debug_line    0x00000000000012fa      0x12a fb/fb_ssd1963.o
 .debug_line    0x0000000000001424       0x2e board/se_j100/compal_dsp_dump.highram.manifest.o
 .debug_line    0x0000000000001452      0x196 calypso/libcalypso.a(clock.o)
 .debug_line    0x00000000000015e8       0x3c calypso/libcalypso.a(dma.o)
 .debug_line    0x0000000000001624      0x40a calypso/libcalypso.a(dsp.o)
 .debug_line    0x0000000000001a2e      0x17d calypso/libcalypso.a(irq.o)
 .debug_line    0x0000000000001bab       0x6c calypso/libcalypso.a(rtc.o)
 .debug_line    0x0000000000001c17       0xd5 calypso/libcalypso.a(spi.o)
 .debug_line    0x0000000000001cec      0x250 calypso/libcalypso.a(tpu.o)
 .debug_line    0x0000000000001f3c      0x177 calypso/libcalypso.a(tsp.o)
 .debug_line    0x00000000000020b3      0x189 calypso/libcalypso.a(keypad.o)
 .debug_line    0x000000000000223c       0x78 calypso/libcalypso.a(misc.o)
 .debug_line    0x00000000000022b4      0x159 calypso/libcalypso.a(timer.o)
 .debug_line    0x000000000000240d       0xc2 calypso/libcalypso.a(backlight.o)
 .debug_line    0x00000000000024cf      0x285 calypso/libcalypso.a(uart.o)
 .debug_line    0x0000000000002754       0xe2 calypso/libcalypso.a(uwire.o)
 .debug_line    0x0000000000002836       0x49 calypso/libcalypso.a(arm.o)
 .debug_line    0x000000000000287f      0x38f lib/libmini.a(vsprintf.o)
 .debug_line    0x0000000000002c0e       0xa4 lib/libmini.a(string.o)
 .debug_line    0x0000000000002cb2       0x29 lib/libmini.a(ctype.o)
 .debug_line    0x0000000000002cdb       0x82 lib/libmini.a(printf.o)
 .debug_line    0x0000000000002d5d      0x122 lib/libmini.a(console.o)
 .debug_line    0x0000000000002e7f       0x3b lib/libmini.a(ctors.o)
 .debug_line    0x0000000000002eba       0x4e lib/libmini.a(delay.o)
 .debug_line    0x0000000000002f08      0x2c0 comm/libcomm.a(sercomm.o)
 .debug_line    0x00000000000031c8      0x191 comm/libcomm.a(sercomm_cons.o)
 .debug_line    0x0000000000003359      0x177 comm/libcomm.a(timer.o)
 .debug_line    0x00000000000034d0      0x105 comm/libcomm.a(msgb.o)

.debug_frame    0x0000000000000000     0x1658
 .debug_frame   0x0000000000000000       0x44 apps/compal_dsp_dump/main.o
 .debug_frame   0x0000000000000044      0x1b0 abb/twl3025.o
 .debug_frame   0x00000000000001f4      0x1a4 rf/trf6151.o
 .debug_frame   0x0000000000000398       0xd8 flash/cfi_flash.o
 .debug_frame   0x0000000000000470       0xbc board/compal/rffe_dualband.o
 .debug_frame   0x000000000000052c       0x30 board/se_j100/init.o
 .debug_frame   0x000000000000055c       0x20 battery/dummy.o
 .debug_frame   0x000000000000057c       0x20 fb/font.o
 .debug_frame   0x000000000000059c      0x100 fb/fb_rgb332.o
 .debug_frame   0x000000000000069c       0x68 fb/fb_ssd1963.o
 .debug_frame   0x0000000000000704       0xc0 calypso/libcalypso.a(clock.o)
 .debug_frame   0x00000000000007c4       0x20 calypso/libcalypso.a(dma.o)
 .debug_frame   0x00000000000007e4      0x180 calypso/libcalypso.a(dsp.o)
 .debug_frame   0x0000000000000964       0xb8 calypso/libcalypso.a(irq.o)
 .debug_frame   0x0000000000000a1c       0x38 calypso/libcalypso.a(rtc.o)
 .debug_frame   0x0000000000000a54       0x3c calypso/libcalypso.a(spi.o)
 .debug_frame   0x0000000000000a90      0x150 calypso/libcalypso.a(tpu.o)
 .debug_frame   0x0000000000000be0       0xc0 calypso/libcalypso.a(tsp.o)
 .debug_frame   0x0000000000000ca0       0xa0 calypso/libcalypso.a(keypad.o)
 .debug_frame   0x0000000000000d40       0x5c calypso/libcalypso.a(misc.o)
 .debug_frame   0x0000000000000d9c       0xa0 calypso/libcalypso.a(timer.o)
 .debug_frame   0x0000000000000e3c       0x30 calypso/libcalypso.a(backlight.o)
 .debug_frame   0x0000000000000e6c      0x174 calypso/libcalypso.a(uart.o)
 .debug_frame   0x0000000000000fe0       0x30 calypso/libcalypso.a(uwire.o)
 .debug_frame   0x0000000000001010       0x30 calypso/libcalypso.a(arm.o)
 .debug_frame   0x0000000000001040      0x1d0 lib/libmini.a(vsprintf.o)
 .debug_frame   0x0000000000001210       0x30 lib/libmini.a(string.o)
 .debug_frame   0x0000000000001240       0x38 lib/libmini.a(printf.o)
 .debug_frame   0x0000000000001278       0xfc lib/libmini.a(console.o)
 .debug_frame   0x0000000000001374       0x2c lib/libmini.a(ctors.o)
 .debug_frame   0x00000000000013a0       0x38 lib/libmini.a(delay.o)
 .debug_frame   0x00000000000013d8      0x10c comm/libcomm.a(sercomm.o)
 .debug_frame   0x00000000000014e4       0x84 comm/libcomm.a(sercomm_cons.o)
 .debug_frame   0x0000000000001568       0xb0 comm/libcomm.a(timer.o)
 .debug_frame   0x0000000000001618       0x40 comm/libcomm.a(msgb.o)

.debug_loc      0x0000000000000000     0x3dcb
 .debug_loc     0x0000000000000000       0x26 apps/compal_dsp_dump/main.o
 .debug_loc     0x0000000000000026      0x30b abb/twl3025.o
 .debug_loc     0x0000000000000331      0x4b8 rf/trf6151.o
 .debug_loc     0x00000000000007e9      0x3d1 flash/cfi_flash.o
 .debug_loc     0x0000000000000bba       0xed board/compal/rffe_dualband.o
 .debug_loc     0x0000000000000ca7       0x72 board/se_j100/init.o
 .debug_loc     0x0000000000000d19       0x31 fb/font.o
 .debug_loc     0x0000000000000d4a      0x503 fb/fb_rgb332.o
 .debug_loc     0x000000000000124d       0x8f fb/fb_ssd1963.o
 .debug_loc     0x00000000000012dc      0x1fd calypso/libcalypso.a(clock.o)
 .debug_loc     0x00000000000014d9      0x3fc calypso/libcalypso.a(dsp.o)
 .debug_loc     0x00000000000018d5      0x11e calypso/libcalypso.a(irq.o)
 .debug_loc     0x00000000000019f3      0x10c calypso/libcalypso.a(spi.o)
 .debug_loc     0x0000000000001aff      0x1d2 calypso/libcalypso.a(tpu.o)
 .debug_loc     0x0000000000001cd1      0x1bc calypso/libcalypso.a(tsp.o)
 .debug_loc     0x0000000000001e8d       0xd2 calypso/libcalypso.a(keypad.o)
 .debug_loc     0x0000000000001f5f       0x31 calypso/libcalypso.a(misc.o)
 .debug_loc     0x0000000000001f90      0x103 calypso/libcalypso.a(timer.o)
 .debug_loc     0x0000000000002093       0x34 calypso/libcalypso.a(backlight.o)
 .debug_loc     0x00000000000020c7      0x39f calypso/libcalypso.a(uart.o)
 .debug_loc     0x0000000000002466       0xc2 calypso/libcalypso.a(uwire.o)
 .debug_loc     0x0000000000002528       0x13 calypso/libcalypso.a(arm.o)
 .debug_loc     0x000000000000253b     0x1101 lib/libmini.a(vsprintf.o)
 .debug_loc     0x000000000000363c       0x62 lib/libmini.a(string.o)
 .debug_loc     0x000000000000369e       0x3f lib/libmini.a(printf.o)
 .debug_loc     0x00000000000036dd      0x1b6 lib/libmini.a(console.o)
 .debug_loc     0x0000000000003893       0x3c lib/libmini.a(ctors.o)
 .debug_loc     0x00000000000038cf       0x66 lib/libmini.a(delay.o)
 .debug_loc     0x0000000000003935      0x168 comm/libcomm.a(sercomm.o)
 .debug_loc     0x0000000000003a9d      0x1aa comm/libcomm.a(sercomm_cons.o)
 .debug_loc     0x0000000000003c47       0xf9 comm/libcomm.a(timer.o)
 .debug_loc     0x0000000000003d40       0x8b comm/libcomm.a(msgb.o)

.debug_pubnames
                0x0000000000000000     0x11ea
 .debug_pubnames
                0x0000000000000000       0x22 apps/compal_dsp_dump/main.o
 .debug_pubnames
                0x0000000000000022      0x13c abb/twl3025.o
 .debug_pubnames
                0x000000000000015e      0x164 rf/trf6151.o
 .debug_pubnames
                0x00000000000002c2       0xa6 flash/cfi_flash.o
 .debug_pubnames
                0x0000000000000368       0xd6 board/compal/rffe_dualband.o
 .debug_pubnames
                0x000000000000043e       0x3c board/compal/rf_power.o
 .debug_pubnames
                0x000000000000047a       0x21 board/se_j100/init.o
 .debug_pubnames
                0x000000000000049b       0x3a battery/dummy.o
 .debug_pubnames
                0x00000000000004d5       0x34 fb/font.o
 .debug_pubnames
                0x0000000000000509       0x23 fb/helvR08.o
 .debug_pubnames
                0x000000000000052c       0x23 fb/helvB14.o
 .debug_pubnames
                0x000000000000054f       0x1f fb/c64.o
 .debug_pubnames
                0x000000000000056e       0x23 fb/symbols.o
 .debug_pubnames
                0x0000000000000591       0x64 fb/fb_rgb332.o
 .debug_pubnames
                0x00000000000005f5       0x30 fb/fb_ssd1963.o
 .debug_pubnames
                0x0000000000000625       0x6d board/se_j100/compal_dsp_dump.highram.manifest.o
 .debug_pubnames
                0x0000000000000692       0xd0 calypso/libcalypso.a(clock.o)
 .debug_pubnames
                0x0000000000000762       0x1f calypso/libcalypso.a(dma.o)
 .debug_pubnames
                0x0000000000000781      0x12b calypso/libcalypso.a(dsp.o)
 .debug_pubnames
                0x00000000000008ac       0x95 calypso/libcalypso.a(irq.o)
 .debug_pubnames
                0x0000000000000941       0x1f calypso/libcalypso.a(rtc.o)
 .debug_pubnames
                0x0000000000000960       0x2c calypso/libcalypso.a(spi.o)
 .debug_pubnames
                0x000000000000098c      0x12d calypso/libcalypso.a(tpu.o)
 .debug_pubnames
                0x0000000000000ab9       0x9a calypso/libcalypso.a(tsp.o)
 .debug_pubnames
                0x0000000000000b53       0x8a calypso/libcalypso.a(keypad.o)
 .debug_pubnames
                0x0000000000000bdd       0x41 calypso/libcalypso.a(misc.o)
 .debug_pubnames
                0x0000000000000c1e       0x8a calypso/libcalypso.a(timer.o)
 .debug_pubnames
                0x0000000000000ca8       0x2f calypso/libcalypso.a(backlight.o)
 .debug_pubnames
                0x0000000000000cd7       0xa3 calypso/libcalypso.a(uart.o)
 .debug_pubnames
                0x0000000000000d7a       0x30 calypso/libcalypso.a(uwire.o)
 .debug_pubnames
                0x0000000000000daa       0x47 calypso/libcalypso.a(arm.o)
 .debug_pubnames
                0x0000000000000df1       0xb3 lib/libmini.a(vsprintf.o)
 .debug_pubnames
                0x0000000000000ea4       0x29 lib/libmini.a(string.o)
 .debug_pubnames
                0x0000000000000ecd       0x1d lib/libmini.a(ctype.o)
 .debug_pubnames
                0x0000000000000eea       0x1d lib/libmini.a(printf.o)
 .debug_pubnames
                0x0000000000000f07       0x89 lib/libmini.a(console.o)
 .debug_pubnames
                0x0000000000000f90       0x26 lib/libmini.a(ctors.o)
 .debug_pubnames
                0x0000000000000fb6       0x2c lib/libmini.a(delay.o)
 .debug_pubnames
                0x0000000000000fe2       0xdd comm/libcomm.a(sercomm.o)
 .debug_pubnames
                0x00000000000010bf       0x37 comm/libcomm.a(sercomm_cons.o)
 .debug_pubnames
                0x00000000000010f6       0xaf comm/libcomm.a(timer.o)
 .debug_pubnames
                0x00000000000011a5       0x45 comm/libcomm.a(msgb.o)

.debug_aranges  0x0000000000000000      0xb90
 .debug_aranges
                0x0000000000000000       0x30 apps/compal_dsp_dump/main.o
 .debug_aranges
                0x0000000000000030       0xb0 abb/twl3025.o
 .debug_aranges
                0x00000000000000e0       0xb8 rf/trf6151.o
 .debug_aranges
                0x0000000000000198       0x58 flash/cfi_flash.o
 .debug_aranges
                0x00000000000001f0       0x68 board/compal/rffe_dualband.o
 .debug_aranges
                0x0000000000000258       0x28 board/se_j100/init.o
 .debug_aranges
                0x0000000000000280       0x28 battery/dummy.o
 .debug_aranges
                0x00000000000002a8       0x28 fb/font.o
 .debug_aranges
                0x00000000000002d0       0x68 fb/fb_rgb332.o
 .debug_aranges
                0x0000000000000338       0x38 fb/fb_ssd1963.o
 .debug_aranges
                0x0000000000000370       0x70 calypso/libcalypso.a(clock.o)
 .debug_aranges
                0x00000000000003e0       0x28 calypso/libcalypso.a(dma.o)
 .debug_aranges
                0x0000000000000408       0xa0 calypso/libcalypso.a(dsp.o)
 .debug_aranges
                0x00000000000004a8       0x68 calypso/libcalypso.a(irq.o)
 .debug_aranges
                0x0000000000000510       0x30 calypso/libcalypso.a(rtc.o)
 .debug_aranges
                0x0000000000000540       0x30 calypso/libcalypso.a(spi.o)
 .debug_aranges
                0x0000000000000570       0xa8 calypso/libcalypso.a(tpu.o)
 .debug_aranges
                0x0000000000000618       0x68 calypso/libcalypso.a(tsp.o)
 .debug_aranges
                0x0000000000000680       0x50 calypso/libcalypso.a(keypad.o)
 .debug_aranges
                0x00000000000006d0       0x38 calypso/libcalypso.a(misc.o)
 .debug_aranges
                0x0000000000000708       0x60 calypso/libcalypso.a(timer.o)
 .debug_aranges
                0x0000000000000768       0x30 calypso/libcalypso.a(backlight.o)
 .debug_aranges
                0x0000000000000798       0x98 calypso/libcalypso.a(uart.o)
 .debug_aranges
                0x0000000000000830       0x30 calypso/libcalypso.a(uwire.o)
 .debug_aranges
                0x0000000000000860       0x30 calypso/libcalypso.a(arm.o)
 .debug_aranges
                0x0000000000000890       0x98 lib/libmini.a(vsprintf.o)
 .debug_aranges
                0x0000000000000928       0x30 lib/libmini.a(string.o)
 .debug_aranges
                0x0000000000000958       0x28 lib/libmini.a(printf.o)
 .debug_aranges
                0x0000000000000980       0x68 lib/libmini.a(console.o)
 .debug_aranges
                0x00000000000009e8       0x28 lib/libmini.a(ctors.o)
 .debug_aranges
                0x0000000000000a10       0x30 lib/libmini.a(delay.o)
 .debug_aranges
                0x0000000000000a40       0x80 comm/libcomm.a(sercomm.o)
 .debug_aranges
                0x0000000000000ac0       0x40 comm/libcomm.a(sercomm_cons.o)
 .debug_aranges
                0x0000000000000b00       0x60 comm/libcomm.a(timer.o)
 .debug_aranges
                0x0000000000000b60       0x30 comm/libcomm.a(msgb.o)

.debug_str      0x0000000000000000     0x324b
 .debug_str     0x0000000000000000      0x19e apps/compal_dsp_dump/main.o
                                        0x219 (size before relaxing)
 .debug_str     0x000000000000019e      0x33a abb/twl3025.o
                                        0x44b (size before relaxing)
 .debug_str     0x00000000000004d8      0x2de rf/trf6151.o
                                        0x458 (size before relaxing)
 .debug_str     0x00000000000007b6      0x325 flash/cfi_flash.o
                                        0x448 (size before relaxing)
 .debug_str     0x0000000000000adb      0x115 board/compal/rffe_dualband.o
                                        0x24f (size before relaxing)
 .debug_str     0x0000000000000bf0       0x3a board/compal/rf_power.o
                                        0x11a (size before relaxing)
 .debug_str     0x0000000000000c2a       0x46 board/se_j100/init.o
                                        0x1eb (size before relaxing)
 .debug_str     0x0000000000000c70       0xc5 battery/dummy.o
                                        0x11a (size before relaxing)
 .debug_str     0x0000000000000d35       0x11 fb/framebuffer.o
                                        0x1ae (size before relaxing)
 .debug_str     0x0000000000000d46       0xb3 fb/font.o
                                        0x1ba (size before relaxing)
 .debug_str     0x0000000000000df9       0x34 fb/helvR08.o
                                        0x173 (size before relaxing)
 .debug_str     0x0000000000000e2d       0x34 fb/helvB14.o
                                        0x173 (size before relaxing)
 .debug_str     0x0000000000000e61       0x28 fb/c64.o
                                        0x163 (size before relaxing)
 .debug_str     0x0000000000000e89       0x34 fb/symbols.o
                                        0x173 (size before relaxing)
 .debug_str     0x0000000000000ebd      0x186 fb/fb_rgb332.o
                                        0x3b9 (size before relaxing)
 .debug_str     0x0000000000001043       0xe6 fb/fb_ssd1963.o
                                        0x2c7 (size before relaxing)
 .debug_str     0x0000000000001129       0x5c board/se_j100/compal_dsp_dump.highram.manifest.o
                                         0xb0 (size before relaxing)
 .debug_str     0x0000000000001185      0x273 calypso/libcalypso.a(clock.o)
                                        0x39c (size before relaxing)
 .debug_str     0x00000000000013f8       0x17 calypso/libcalypso.a(dma.o)
                                         0x66 (size before relaxing)
 .debug_str     0x000000000000140f      0xfbb calypso/libcalypso.a(dsp.o)
                                       0x10ea (size before relaxing)
 .debug_str     0x00000000000023ca       0xd7 calypso/libcalypso.a(irq.o)
                                        0x322 (size before relaxing)
 .debug_str     0x00000000000024a1       0x2d calypso/libcalypso.a(rtc.o)
                                        0x227 (size before relaxing)
 .debug_str     0x00000000000024ce       0x57 calypso/libcalypso.a(spi.o)
                                        0x140 (size before relaxing)
 .debug_str     0x0000000000002525      0x133 calypso/libcalypso.a(tpu.o)
                                        0x25b (size before relaxing)
 .debug_str     0x0000000000002658       0xbb calypso/libcalypso.a(tsp.o)
                                        0x1da (size before relaxing)
 .debug_str     0x0000000000002713      0x1c9 calypso/libcalypso.a(keypad.o)
                                        0x405 (size before relaxing)
 .debug_str     0x00000000000028dc       0x32 calypso/libcalypso.a(misc.o)
                                        0x10a (size before relaxing)
 .debug_str     0x000000000000290e       0x8b calypso/libcalypso.a(timer.o)
                                        0x296 (size before relaxing)
 .debug_str     0x0000000000002999       0x29 calypso/libcalypso.a(backlight.o)
                                        0x113 (size before relaxing)
 .debug_str     0x00000000000029c2      0x1f6 calypso/libcalypso.a(uart.o)
                                        0x416 (size before relaxing)
 .debug_str     0x0000000000002bb8       0x32 calypso/libcalypso.a(uwire.o)
                                        0x124 (size before relaxing)
 .debug_str     0x0000000000002bea       0x3b calypso/libcalypso.a(arm.o)
                                         0xa1 (size before relaxing)
 .debug_str     0x0000000000002c25       0xfe lib/libmini.a(vsprintf.o)
                                        0x233 (size before relaxing)
 .debug_str     0x0000000000002d23       0x1c lib/libmini.a(string.o)
                                        0x108 (size before relaxing)
 .debug_str     0x0000000000002d3f        0xc lib/libmini.a(ctype.o)
                                         0x82 (size before relaxing)
 .debug_str     0x0000000000002d4b       0x1b lib/libmini.a(printf.o)
                                        0x116 (size before relaxing)
 .debug_str     0x0000000000002d66       0xe4 lib/libmini.a(console.o)
                                        0x1f1 (size before relaxing)
 .debug_str     0x0000000000002e4a       0x41 lib/libmini.a(ctors.o)
                                         0xa1 (size before relaxing)
 .debug_str     0x0000000000002e8b       0x1e lib/libmini.a(delay.o)
                                         0x7a (size before relaxing)
 .debug_str     0x0000000000002ea9      0x1f7 comm/libcomm.a(sercomm.o)
                                        0x354 (size before relaxing)
 .debug_str     0x00000000000030a0       0x5d comm/libcomm.a(sercomm_cons.o)
                                        0x221 (size before relaxing)
 .debug_str     0x00000000000030fd       0xf8 comm/libcomm.a(timer.o)
                                        0x359 (size before relaxing)
 .debug_str     0x00000000000031f5       0x56 comm/libcomm.a(msgb.o)
                                        0x1ad (size before relaxing)

.comment        0x0000000000000000      0x33c
 .comment       0x0000000000000000       0x12 apps/compal_dsp_dump/main.o
 .comment       0x0000000000000012       0x12 abb/twl3025.o
 .comment       0x0000000000000024       0x12 rf/trf6151.o
 .comment       0x0000000000000036       0x12 flash/cfi_flash.o
 .comment       0x0000000000000048       0x12 board/compal/rffe_dualband.o
 .comment       0x000000000000005a       0x12 board/compal/rf_power.o
 .comment       0x000000000000006c       0x12 board/se_j100/init.o
 .comment       0x000000000000007e       0x12 battery/dummy.o
 .comment       0x0000000000000090       0x12 fb/framebuffer.o
 .comment       0x00000000000000a2       0x12 fb/font.o
 .comment       0x00000000000000b4       0x12 fb/helvR08.o
 .comment       0x00000000000000c6       0x12 fb/helvB14.o
 .comment       0x00000000000000d8       0x12 fb/c64.o
 .comment       0x00000000000000ea       0x12 fb/symbols.o
 .comment       0x00000000000000fc       0x12 fb/fb_rgb332.o
 .comment       0x000000000000010e       0x12 fb/fb_ssd1963.o
 .comment       0x0000000000000120       0x12 board/se_j100/compal_dsp_dump.highram.manifest.o
 .comment       0x0000000000000132       0x12 calypso/libcalypso.a(clock.o)
 .comment       0x0000000000000144       0x12 calypso/libcalypso.a(dma.o)
 .comment       0x0000000000000156       0x12 calypso/libcalypso.a(dsp.o)
 .comment       0x0000000000000168       0x12 calypso/libcalypso.a(irq.o)
 .comment       0x000000000000017a       0x12 calypso/libcalypso.a(rtc.o)
 .comment       0x000000000000018c       0x12 calypso/libcalypso.a(spi.o)
 .comment       0x000000000000019e       0x12 calypso/libcalypso.a(tpu.o)
 .comment       0x00000000000001b0       0x12 calypso/libcalypso.a(tsp.o)
 .comment       0x00000000000001c2       0x12 calypso/libcalypso.a(keypad.o)
 .comment       0x00000000000001d4       0x12 calypso/libcalypso.a(misc.o)
 .comment       0x00000000000001e6       0x12 calypso/libcalypso.a(timer.o)
 .comment       0x00000000000001f8       0x12 calypso/libcalypso.a(backlight.o)
 .comment       0x000000000000020a       0x12 calypso/libcalypso.a(uart.o)
 .comment       0x000000000000021c       0x12 calypso/libcalypso.a(uwire.o)
 .comment       0x000000000000022e       0x12 calypso/libcalypso.a(arm.o)
 .comment       0x0000000000000240       0x12 lib/libmini.a(vsprintf.o)
 .comment       0x0000000000000252       0x12 lib/libmini.a(string.o)
 .comment       0x0000000000000264       0x12 lib/libmini.a(ctype.o)
 .comment       0x0000000000000276       0x12 lib/libmini.a(printf.o)
 .comment       0x0000000000000288       0x12 lib/libmini.a(console.o)
 .comment       0x000000000000029a       0x12 lib/libmini.a(ctors.o)
 .comment       0x00000000000002ac       0x12 lib/libmini.a(delay.o)
 .comment       0x00000000000002be       0x12 comm/libcomm.a(sercomm.o)
 .comment       0x00000000000002d0       0x12 comm/libcomm.a(sercomm_cons.o)
 .comment       0x00000000000002e2       0x12 comm/libcomm.a(timer.o)
 .comment       0x00000000000002f4       0x12 ../../shared/libosmocore/build-target/src/.libs/libosmocore.a(msgb.o)
 .comment       0x0000000000000306       0x12 ../../shared/libosmocore/build-target/src/.libs/libosmocore.a(panic.o)
 .comment       0x0000000000000318       0x12 ../../shared/libosmocore/build-target/src/gsm/.libs/libosmogsm.a(gsm_utils.o)
 .comment       0x000000000000032a       0x12 comm/libcomm.a(msgb.o)

.debug_ranges   0x0000000000000000      0x258
 .debug_ranges  0x0000000000000000       0x18 abb/twl3025.o
 .debug_ranges  0x0000000000000018       0x70 flash/cfi_flash.o
 .debug_ranges  0x0000000000000088       0x18 board/se_j100/init.o
 .debug_ranges  0x00000000000000a0       0x40 fb/fb_ssd1963.o
 .debug_ranges  0x00000000000000e0       0x80 calypso/libcalypso.a(dsp.o)
 .debug_ranges  0x0000000000000160       0x20 calypso/libcalypso.a(uart.o)
 .debug_ranges  0x0000000000000180       0x58 lib/libmini.a(vsprintf.o)
 .debug_ranges  0x00000000000001d8       0x38 lib/libmini.a(console.o)
 .debug_ranges  0x0000000000000210       0x18 comm/libcomm.a(sercomm.o)
 .debug_ranges  0x0000000000000228       0x30 comm/libcomm.a(sercomm_cons.o)

Cross Reference Table

Symbol                                            File
_GLOBAL_OFFSET_TABLE_                             ../../shared/libosmocore/build-target/src/.libs/libosmocore.a(msgb.o)
                                                  ../../shared/libosmocore/build-target/src/gsm/.libs/libosmogsm.a(gsm_utils.o)
                                                  ../../shared/libosmocore/build-target/src/.libs/libosmocore.a(panic.o)
__aeabi_idiv                                      lib/libmini.a(lib1funcs.o)
__aeabi_idivmod                                   lib/libmini.a(lib1funcs.o)
__aeabi_uidiv                                     lib/libmini.a(lib1funcs.o)
__aeabi_uidivmod                                  lib/libmini.a(lib1funcs.o)
__bss_end                                         board/compal/start.ram.o
__bss_start                                       board/compal/start.ram.o
__div0                                            lib/libmini.a(lib1funcs.o)
                                                  lib/libmini.a(div64.o)
__divsi3                                          lib/libmini.a(lib1funcs.o)
                                                  ../../shared/libosmocore/build-target/src/gsm/.libs/libosmogsm.a(gsm_utils.o)
                                                  comm/libcomm.a(timer.o)
__do_div64                                        lib/libmini.a(div64.o)
                                                  lib/libmini.a(vsprintf.o)
__modsi3                                          lib/libmini.a(lib1funcs.o)
                                                  ../../shared/libosmocore/build-target/src/gsm/.libs/libosmogsm.a(gsm_utils.o)
                                                  calypso/libcalypso.a(tpu.o)
__udivsi3                                         lib/libmini.a(lib1funcs.o)
                                                  ../../shared/libosmocore/build-target/src/gsm/.libs/libosmogsm.a(gsm_utils.o)
                                                  rf/trf6151.o
__umodsi3                                         lib/libmini.a(lib1funcs.o)
                                                  ../../shared/libosmocore/build-target/src/gsm/.libs/libosmogsm.a(gsm_utils.o)
                                                  calypso/libcalypso.a(dsp.o)
_ctor_end                                         board/compal/start.ram.o
_ctor_start                                       board/compal/start.ram.o
_ctype                                            lib/libmini.a(ctype.o)
                                                  ../../shared/libosmocore/build-target/src/gsm/.libs/libosmogsm.a(gsm_utils.o)
                                                  lib/libmini.a(vsprintf.o)
_exceptions                                       calypso/libcalypso.a(irq.o)
_start                                            board/compal/start.ram.o
_talloc_zero                                      comm/libcomm.a(msgb.o)
                                                  ../../shared/libosmocore/build-target/src/.libs/libosmocore.a(msgb.o)
add_mod5000                                       calypso/libcalypso.a(tpu.o)
                                                  rf/trf6151.o
arm_disable_interrupts                            calypso/libcalypso.a(arm.o)
arm_enable_interrupts                             calypso/libcalypso.a(arm.o)
                                                  calypso/libcalypso.a(irq.o)
battery_dummy_init                                battery/dummy.o
battery_info                                      battery/dummy.o
bl_level                                          calypso/libcalypso.a(backlight.o)
                                                  board/se_j100/init.o
bl_mode_pwl                                       calypso/libcalypso.a(backlight.o)
                                                  board/se_j100/init.o
board_init                                        board/se_j100/init.o
                                                  apps/compal_dsp_dump/main.o
calloc                                            ../../shared/libosmocore/build-target/src/gsm/.libs/libosmogsm.a(gsm_utils.o)
calypso_bootrom                                   calypso/libcalypso.a(clock.o)
                                                  board/se_j100/init.o
calypso_clk_dump                                  calypso/libcalypso.a(clock.o)
calypso_clock_set                                 calypso/libcalypso.a(clock.o)
                                                  board/se_j100/init.o
calypso_debugunit                                 calypso/libcalypso.a(clock.o)
calypso_exceptions_install                        calypso/libcalypso.a(irq.o)
                                                  board/se_j100/init.o
calypso_mem_cfg                                   calypso/libcalypso.a(clock.o)
                                                  board/se_j100/init.o
calypso_pll_set                                   calypso/libcalypso.a(clock.o)
calypso_reset_get                                 calypso/libcalypso.a(clock.o)
calypso_reset_set                                 calypso/libcalypso.a(clock.o)
                                                  calypso/libcalypso.a(dsp.o)
                                                  fb/fb_ssd1963.o
calypso_rhea_cfg                                  calypso/libcalypso.a(clock.o)
                                                  board/se_j100/init.o
cons_bind_uart                                    lib/libmini.a(console.o)
                                                  board/se_j100/init.o
cons_get_uart                                     lib/libmini.a(console.o)
                                                  calypso/libcalypso.a(uart.o)
cons_init                                         lib/libmini.a(console.o)
                                                  calypso/libcalypso.a(uart.o)
cons_putchar                                      lib/libmini.a(console.o)
cons_puts                                         lib/libmini.a(console.o)
                                                  comm/libcomm.a(msgb.o)
cons_rb_append                                    lib/libmini.a(console.o)
cons_rb_flush                                     lib/libmini.a(console.o)
                                                  calypso/libcalypso.a(uart.o)
dbm2apc_gsm900                                    board/compal/rf_power.o
dbm2apc_gsm900_max                                board/compal/rf_power.o
dbm2rxlev                                         ../../shared/libosmocore/build-target/src/gsm/.libs/libosmogsm.a(gsm_utils.o)
delay_ms                                          lib/libmini.a(delay.o)
                                                  calypso/libcalypso.a(spi.o)
                                                  calypso/libcalypso.a(dsp.o)
                                                  fb/fb_ssd1963.o
                                                  abb/twl3025.o
delay_us                                          lib/libmini.a(delay.o)
                                                  calypso/libcalypso.a(tpu.o)
dispatch_buttons                                  calypso/libcalypso.a(keypad.o)
dma_init                                          calypso/libcalypso.a(dma.o)
                                                  board/se_j100/init.o
do_global_ctors                                   lib/libmini.a(ctors.o)
                                                  board/compal/start.ram.o
dsp_api                                           calypso/libcalypso.a(dsp.o)
dsp_api_memset                                    calypso/libcalypso.a(dsp.o)
dsp_checksum_task                                 calypso/libcalypso.a(dsp.o)
dsp_dump                                          calypso/libcalypso.a(dsp.o)
                                                  apps/compal_dsp_dump/main.o
dsp_dump_version                                  calypso/libcalypso.a(dsp.o)
dsp_end_scenario                                  calypso/libcalypso.a(dsp.o)
dsp_load_apc_dac                                  calypso/libcalypso.a(dsp.o)
dsp_load_ciph_param                               calypso/libcalypso.a(dsp.o)
dsp_load_rx_task                                  calypso/libcalypso.a(dsp.o)
dsp_load_tch_param                                calypso/libcalypso.a(dsp.o)
dsp_load_tx_task                                  calypso/libcalypso.a(dsp.o)
dsp_memcpy_from_api                               calypso/libcalypso.a(dsp.o)
dsp_memcpy_to_api                                 calypso/libcalypso.a(dsp.o)
dsp_power_on                                      calypso/libcalypso.a(dsp.o)
dump_dev_id                                       calypso/libcalypso.a(misc.o)
                                                  apps/compal_dsp_dump/main.o
dump_mem                                          calypso/libcalypso.a(misc.o)
emit_key                                          calypso/libcalypso.a(keypad.o)
fb_font_get_char                                  fb/font.o
                                                  fb/fb_rgb332.o
fb_fonts                                          fb/font.o
                                                  fb/fb_rgb332.o
fb_rgb332                                         fb/fb_ssd1963.o
                                                  fb/fb_rgb332.o
fb_rgb332_boxto                                   fb/fb_rgb332.o
                                                  fb/fb_ssd1963.o
fb_rgb332_clear                                   fb/fb_rgb332.o
                                                  fb/fb_ssd1963.o
fb_rgb332_lineto                                  fb/fb_rgb332.o
                                                  fb/fb_ssd1963.o
fb_rgb332_putstr                                  fb/fb_rgb332.o
                                                  fb/fb_ssd1963.o
fiq                                               calypso/libcalypso.a(irq.o)
                                                  board/compal/handlers.o
fiq_entry                                         board/compal/handlers.o
                                                  board/compal/exceptions_redirected.o
flash_block_erase                                 flash/cfi_flash.o
flash_block_getlock                               flash/cfi_flash.o
flash_block_lock                                  flash/cfi_flash.o
flash_block_lockdown                              flash/cfi_flash.o
flash_block_unlock                                flash/cfi_flash.o
flash_init                                        flash/cfi_flash.o
flash_program                                     flash/cfi_flash.o
font_c64                                          fb/c64.o
                                                  fb/font.o
font_helvB14                                      fb/helvB14.o
                                                  fb/font.o
font_helvR08                                      fb/helvR08.o
                                                  fb/font.o
font_symbols                                      fb/symbols.o
                                                  fb/font.o
framebuffer                                       fb/fb_ssd1963.o
                                                  fb/fb_rgb332.o
                                                  board/se_j100/init.o
                                                  apps/compal_dsp_dump/main.o
free                                              ../../shared/libosmocore/build-target/src/gsm/.libs/libosmogsm.a(gsm_utils.o)
gprs_tlli_type                                    ../../shared/libosmocore/build-target/src/gsm/.libs/libosmogsm.a(gsm_utils.o)
gprs_tmsi2tlli                                    ../../shared/libosmocore/build-target/src/gsm/.libs/libosmogsm.a(gsm_utils.o)
gsm_7bit_decode                                   ../../shared/libosmocore/build-target/src/gsm/.libs/libosmogsm.a(gsm_utils.o)
gsm_7bit_decode_hdr                               ../../shared/libosmocore/build-target/src/gsm/.libs/libosmogsm.a(gsm_utils.o)
gsm_7bit_encode                                   ../../shared/libosmocore/build-target/src/gsm/.libs/libosmogsm.a(gsm_utils.o)
gsm_arfcn2band                                    ../../shared/libosmocore/build-target/src/gsm/.libs/libosmogsm.a(gsm_utils.o)
                                                  rf/trf6151.o
gsm_arfcn2freq10                                  ../../shared/libosmocore/build-target/src/gsm/.libs/libosmogsm.a(gsm_utils.o)
                                                  rf/trf6151.o
gsm_band_name                                     ../../shared/libosmocore/build-target/src/gsm/.libs/libosmogsm.a(gsm_utils.o)
gsm_band_parse                                    ../../shared/libosmocore/build-target/src/gsm/.libs/libosmogsm.a(gsm_utils.o)
gsm_fn2gsmtime                                    ../../shared/libosmocore/build-target/src/gsm/.libs/libosmogsm.a(gsm_utils.o)
gsm_get_octet_len                                 ../../shared/libosmocore/build-target/src/gsm/.libs/libosmogsm.a(gsm_utils.o)
gsm_gsmtime2fn                                    ../../shared/libosmocore/build-target/src/gsm/.libs/libosmogsm.a(gsm_utils.o)
gsm_septet_encode                                 ../../shared/libosmocore/build-target/src/gsm/.libs/libosmogsm.a(gsm_utils.o)
gsm_septets2octets                                ../../shared/libosmocore/build-target/src/gsm/.libs/libosmogsm.a(gsm_utils.o)
handle_abort                                      board/compal/handlers.o
                                                  board/compal/exceptions_redirected.o
hr                                                apps/compal_dsp_dump/main.o
hwtimer_config                                    calypso/libcalypso.a(timer.o)
                                                  comm/libcomm.a(timer.o)
hwtimer_enable                                    calypso/libcalypso.a(timer.o)
                                                  comm/libcomm.a(timer.o)
hwtimer_init                                      calypso/libcalypso.a(timer.o)
                                                  board/se_j100/init.o
hwtimer_load                                      calypso/libcalypso.a(timer.o)
                                                  comm/libcomm.a(timer.o)
hwtimer_read                                      calypso/libcalypso.a(timer.o)
irq                                               calypso/libcalypso.a(irq.o)
                                                  board/compal/handlers.o
irq_config                                        calypso/libcalypso.a(irq.o)
                                                  comm/libcomm.a(timer.o)
                                                  calypso/libcalypso.a(uart.o)
                                                  calypso/libcalypso.a(timer.o)
                                                  calypso/libcalypso.a(keypad.o)
                                                  calypso/libcalypso.a(rtc.o)
                                                  abb/twl3025.o
irq_disable                                       calypso/libcalypso.a(irq.o)
                                                  calypso/libcalypso.a(keypad.o)
irq_enable                                        calypso/libcalypso.a(irq.o)
                                                  comm/libcomm.a(timer.o)
                                                  calypso/libcalypso.a(uart.o)
                                                  calypso/libcalypso.a(timer.o)
                                                  calypso/libcalypso.a(keypad.o)
                                                  calypso/libcalypso.a(rtc.o)
                                                  abb/twl3025.o
irq_entry                                         board/compal/handlers.o
                                                  board/compal/exceptions_redirected.o
irq_init                                          calypso/libcalypso.a(irq.o)
                                                  board/se_j100/init.o
irq_register_handler                              calypso/libcalypso.a(irq.o)
                                                  comm/libcomm.a(timer.o)
                                                  calypso/libcalypso.a(uart.o)
                                                  calypso/libcalypso.a(timer.o)
                                                  calypso/libcalypso.a(keypad.o)
                                                  calypso/libcalypso.a(rtc.o)
                                                  abb/twl3025.o
jiffies                                           comm/libcomm.a(timer.o)
                                                  calypso/libcalypso.a(keypad.o)
keypad_init                                       calypso/libcalypso.a(keypad.o)
                                                  board/se_j100/init.o
keypad_poll                                       calypso/libcalypso.a(keypad.o)
                                                  comm/libcomm.a(timer.o)
keypad_set_handler                                calypso/libcalypso.a(keypad.o)
lastbuttons                                       calypso/libcalypso.a(keypad.o)
main                                              apps/compal_dsp_dump/main.o
                                                  board/compal/start.ram.o
manifest_application                              board/se_j100/compal_dsp_dump.highram.manifest.o
manifest_board                                    board/se_j100/compal_dsp_dump.highram.manifest.o
manifest_environment                              board/se_j100/compal_dsp_dump.highram.manifest.o
manifest_revision                                 board/se_j100/compal_dsp_dump.highram.manifest.o
memcpy                                            lib/libmini.a(memcpy.o)
                                                  ../../shared/libosmocore/build-target/src/gsm/.libs/libosmogsm.a(gsm_utils.o)
                                                  lib/libmini.a(console.o)
                                                  fb/fb_ssd1963.o
memdump_asm                                       board/common/calypso_uart.o
memdump_range                                     calypso/libcalypso.a(misc.o)
memset                                            lib/libmini.a(memset.o)
                                                  comm/libcomm.a(msgb.o)
                                                  ../../shared/libosmocore/build-target/src/.libs/libosmocore.a(msgb.o)
                                                  lib/libmini.a(console.o)
ms_class_gmsk_dbm                                 ../../shared/libosmocore/build-target/src/gsm/.libs/libosmogsm.a(gsm_utils.o)
ms_pwr_ctl_lvl                                    ../../shared/libosmocore/build-target/src/gsm/.libs/libosmogsm.a(gsm_utils.o)
ms_pwr_dbm                                        ../../shared/libosmocore/build-target/src/gsm/.libs/libosmogsm.a(gsm_utils.o)
msgb_alloc                                        ../../shared/libosmocore/build-target/src/.libs/libosmocore.a(msgb.o)
                                                  comm/libcomm.a(sercomm_cons.o)
                                                  comm/libcomm.a(sercomm.o)
msgb_data                                         ../../shared/libosmocore/build-target/src/.libs/libosmocore.a(msgb.o)
msgb_dequeue                                      ../../shared/libosmocore/build-target/src/.libs/libosmocore.a(msgb.o)
                                                  comm/libcomm.a(sercomm.o)
msgb_enqueue                                      ../../shared/libosmocore/build-target/src/.libs/libosmocore.a(msgb.o)
                                                  comm/libcomm.a(sercomm.o)
msgb_free                                         ../../shared/libosmocore/build-target/src/.libs/libosmocore.a(msgb.o)
                                                  comm/libcomm.a(sercomm.o)
msgb_length                                       ../../shared/libosmocore/build-target/src/.libs/libosmocore.a(msgb.o)
msgb_reset                                        ../../shared/libosmocore/build-target/src/.libs/libosmocore.a(msgb.o)
msgb_set_talloc_ctx                               ../../shared/libosmocore/build-target/src/.libs/libosmocore.a(msgb.o)
osmo_panic                                        ../../shared/libosmocore/build-target/src/.libs/libosmocore.a(panic.o)
                                                  comm/libcomm.a(sercomm_cons.o)
                                                  comm/libcomm.a(sercomm.o)
osmo_set_panic_handler                            ../../shared/libosmocore/build-target/src/.libs/libosmocore.a(panic.o)
osmo_timer_add                                    comm/libcomm.a(timer.o)
osmo_timer_del                                    comm/libcomm.a(timer.o)
osmo_timer_pending                                comm/libcomm.a(timer.o)
osmo_timer_schedule                               comm/libcomm.a(timer.o)
osmo_timers_check                                 comm/libcomm.a(timer.o)
osmo_timers_update                                comm/libcomm.a(timer.o)
                                                  apps/compal_dsp_dump/main.o
phex                                              board/common/calypso_uart.o
                                                  board/compal/handlers.o
phexubf                                           board/common/calypso_uart.o
power_hold                                        calypso/libcalypso.a(keypad.o)
printf                                            lib/libmini.a(printf.o)
                                                  calypso/libcalypso.a(timer.o)
                                                  calypso/libcalypso.a(misc.o)
                                                  calypso/libcalypso.a(keypad.o)
                                                  calypso/libcalypso.a(dsp.o)
                                                  calypso/libcalypso.a(clock.o)
                                                  fb/fb_ssd1963.o
                                                  flash/cfi_flash.o
                                                  abb/twl3025.o
putchar_asm                                       board/common/calypso_uart.o
                                                  board/compal/handlers.o
puts                                              lib/libmini.a(vsprintf.o)
                                                  lib/libmini.a(printf.o)
                                                  calypso/libcalypso.a(uart.o)
                                                  calypso/libcalypso.a(timer.o)
                                                  calypso/libcalypso.a(misc.o)
                                                  calypso/libcalypso.a(tpu.o)
                                                  calypso/libcalypso.a(dsp.o)
                                                  flash/cfi_flash.o
                                                  rf/trf6151.o
                                                  abb/twl3025.o
                                                  apps/compal_dsp_dump/main.o
puts_asm                                          board/common/calypso_uart.o
pwl_init                                          board/common/calypso_pwl.o
pwl_set_level                                     board/common/calypso_pwl.o
rf_arfcn                                          rf/trf6151.o
rffe_compute_gain                                 board/compal/rffe_dualband.o
rffe_get_gain                                     board/compal/rffe_dualband.o
rffe_get_rx_ports                                 board/compal/rffe_dualband.o
                                                  rf/trf6151.o
rffe_get_tx_ports                                 board/compal/rffe_dualband.o
rffe_init                                         board/compal/rffe_dualband.o
rffe_iq_swapped                                   board/compal/rffe_dualband.o
rffe_mode                                         board/compal/rffe_dualband.o
rffe_rx_win_ctrl                                  board/compal/rffe_dualband.o
rffe_set_gain                                     board/compal/rffe_dualband.o
rtc_init                                          calypso/libcalypso.a(rtc.o)
                                                  board/se_j100/init.o
rxlev2dbm                                         ../../shared/libosmocore/build-target/src/gsm/.libs/libosmogsm.a(gsm_utils.o)
scnprintf                                         lib/libmini.a(vsprintf.o)
sercomm_bind_uart                                 comm/libcomm.a(sercomm.o)
                                                  board/se_j100/init.o
sercomm_drv_pull                                  comm/libcomm.a(sercomm.o)
                                                  calypso/libcalypso.a(uart.o)
sercomm_drv_rx_char                               comm/libcomm.a(sercomm.o)
                                                  calypso/libcalypso.a(uart.o)
sercomm_get_uart                                  comm/libcomm.a(sercomm.o)
                                                  comm/libcomm.a(sercomm_cons.o)
                                                  calypso/libcalypso.a(uart.o)
sercomm_init                                      comm/libcomm.a(sercomm.o)
                                                  calypso/libcalypso.a(uart.o)
sercomm_initialized                               comm/libcomm.a(sercomm.o)
                                                  comm/libcomm.a(sercomm_cons.o)
sercomm_putchar                                   comm/libcomm.a(sercomm_cons.o)
                                                  calypso/libcalypso.a(misc.o)
sercomm_puts                                      comm/libcomm.a(sercomm_cons.o)
                                                  lib/libmini.a(vsprintf.o)
sercomm_register_rx_cb                            comm/libcomm.a(sercomm.o)
sercomm_sendmsg                                   comm/libcomm.a(sercomm.o)
                                                  comm/libcomm.a(sercomm_cons.o)
sercomm_tx_queue_depth                            comm/libcomm.a(sercomm.o)
                                                  comm/libcomm.a(sercomm_cons.o)
snprintf                                          lib/libmini.a(vsprintf.o)
spi_init                                          calypso/libcalypso.a(spi.o)
                                                  abb/twl3025.o
spi_xfer                                          calypso/libcalypso.a(spi.o)
                                                  abb/twl3025.o
sprintf                                           lib/libmini.a(vsprintf.o)
sscanf                                            lib/libmini.a(vsprintf.o)
strlen                                            lib/libmini.a(string.o)
                                                  ../../shared/libosmocore/build-target/src/gsm/.libs/libosmogsm.a(gsm_utils.o)
                                                  comm/libcomm.a(sercomm_cons.o)
                                                  lib/libmini.a(console.o)
strnlen                                           lib/libmini.a(string.o)
                                                  lib/libmini.a(vsprintf.o)
strtol                                            lib/libmini.a(vsprintf.o)
                                                  ../../shared/libosmocore/build-target/src/gsm/.libs/libosmogsm.a(gsm_utils.o)
strtoll                                           lib/libmini.a(vsprintf.o)
strtoul                                           lib/libmini.a(vsprintf.o)
strtoull                                          lib/libmini.a(vsprintf.o)
system_inherent_gain                              board/compal/rffe_dualband.o
                                                  rf/trf6151.o
tall_msgb_ctx                                     comm/libcomm.a(msgb.o)
                                                  ../../shared/libosmocore/build-target/src/.libs/libosmocore.a(msgb.o)
talloc_free                                       comm/libcomm.a(msgb.o)
                                                  ../../shared/libosmocore/build-target/src/.libs/libosmocore.a(msgb.o)
timer_init                                        comm/libcomm.a(timer.o)
                                                  board/se_j100/init.o
tpu_clk_enable                                    calypso/libcalypso.a(tpu.o)
tpu_dsp_fameirq_pending                           calypso/libcalypso.a(tpu.o)
tpu_dsp_frameirq_enable                           calypso/libcalypso.a(tpu.o)
                                                  calypso/libcalypso.a(dsp.o)
tpu_enable                                        calypso/libcalypso.a(tpu.o)
                                                  rf/trf6151.o
tpu_enqueue                                       calypso/libcalypso.a(tpu.o)
                                                  calypso/libcalypso.a(tsp.o)
                                                  rf/trf6151.o
                                                  abb/twl3025.o
tpu_force_dsp_frame_irq                           calypso/libcalypso.a(tpu.o)
tpu_frame_irq_en                                  calypso/libcalypso.a(tpu.o)
                                                  calypso/libcalypso.a(dsp.o)
tpu_get_offset                                    calypso/libcalypso.a(tpu.o)
tpu_get_synchro                                   calypso/libcalypso.a(tpu.o)
tpu_init                                          calypso/libcalypso.a(tpu.o)
tpu_reset                                         calypso/libcalypso.a(tpu.o)
tpu_rewind                                        calypso/libcalypso.a(tpu.o)
tpu_test                                          calypso/libcalypso.a(tpu.o)
tpu_wait_idle                                     calypso/libcalypso.a(tpu.o)
                                                  rf/trf6151.o
trf6151_calib_dc_offs                             rf/trf6151.o
trf6151_compute_gain                              rf/trf6151.o
                                                  board/compal/rffe_dualband.o
trf6151_get_gain                                  rf/trf6151.o
                                                  board/compal/rffe_dualband.o
trf6151_get_gain_reg                              rf/trf6151.o
trf6151_init                                      rf/trf6151.o
                                                  board/compal/rffe_dualband.o
trf6151_iq_swapped                                rf/trf6151.o
                                                  board/compal/rffe_dualband.o
trf6151_power                                     rf/trf6151.o
trf6151_rx_window                                 rf/trf6151.o
trf6151_set_arfcn                                 rf/trf6151.o
trf6151_set_gain                                  rf/trf6151.o
                                                  board/compal/rffe_dualband.o
trf6151_set_gain_reg                              rf/trf6151.o
trf6151_set_mode                                  rf/trf6151.o
trf6151_test                                      rf/trf6151.o
trf6151_tx_test                                   rf/trf6151.o
trf6151_tx_window                                 rf/trf6151.o
tsp_act_disable                                   calypso/libcalypso.a(tsp.o)
                                                  calypso/libcalypso.a(tpu.o)
                                                  rf/trf6151.o
tsp_act_enable                                    calypso/libcalypso.a(tsp.o)
                                                  calypso/libcalypso.a(tpu.o)
                                                  rf/trf6151.o
tsp_act_state                                     calypso/libcalypso.a(tsp.o)
                                                  board/compal/rffe_dualband.o
tsp_act_toggle                                    calypso/libcalypso.a(tsp.o)
tsp_act_update                                    calypso/libcalypso.a(tsp.o)
                                                  board/compal/rffe_dualband.o
tsp_init                                          calypso/libcalypso.a(tsp.o)
tsp_setup                                         calypso/libcalypso.a(tsp.o)
                                                  board/compal/rffe_dualband.o
                                                  rf/trf6151.o
tsp_write                                         calypso/libcalypso.a(tsp.o)
                                                  rf/trf6151.o
                                                  abb/twl3025.o
twl3025_afc_get                                   abb/twl3025.o
twl3025_afc_set                                   abb/twl3025.o
twl3025_afcout_get                                abb/twl3025.o
twl3025_afcout_set                                abb/twl3025.o
twl3025_clk13m                                    abb/twl3025.o
twl3025_default_ramp                              abb/twl3025.o
twl3025_downlink                                  abb/twl3025.o
twl3025_init                                      abb/twl3025.o
                                                  board/se_j100/init.o
twl3025_power_off                                 abb/twl3025.o
                                                  calypso/libcalypso.a(keypad.o)
twl3025_reg_read                                  abb/twl3025.o
twl3025_reg_write                                 abb/twl3025.o
twl3025_tsp_write                                 abb/twl3025.o
twl3025_unit_enable                               abb/twl3025.o
twl3025_uplink                                    abb/twl3025.o
uart_baudrate                                     calypso/libcalypso.a(uart.o)
                                                  board/se_j100/init.o
uart_getchar_nb                                   calypso/libcalypso.a(uart.o)
uart_init                                         calypso/libcalypso.a(uart.o)
                                                  board/se_j100/init.o
uart_irq_enable                                   calypso/libcalypso.a(uart.o)
                                                  comm/libcomm.a(sercomm.o)
                                                  lib/libmini.a(console.o)
uart_poll                                         calypso/libcalypso.a(uart.o)
uart_putchar_nb                                   calypso/libcalypso.a(uart.o)
                                                  lib/libmini.a(console.o)
uart_putchar_wait                                 calypso/libcalypso.a(uart.o)
                                                  comm/libcomm.a(sercomm_cons.o)
                                                  lib/libmini.a(console.o)
uart_tx_busy                                      calypso/libcalypso.a(uart.o)
                                                  lib/libmini.a(console.o)
uwire_init                                        calypso/libcalypso.a(uwire.o)
                                                  fb/fb_ssd1963.o
uwire_xfer                                        calypso/libcalypso.a(uwire.o)
                                                  fb/fb_ssd1963.o
vscnprintf                                        lib/libmini.a(vsprintf.o)
vsnprintf                                         lib/libmini.a(vsprintf.o)
                                                  lib/libmini.a(printf.o)
vsprintf                                          lib/libmini.a(vsprintf.o)
vsscanf                                           lib/libmini.a(vsprintf.o)
wdog_enable                                       calypso/libcalypso.a(timer.o)
                                                  board/se_j100/init.o
wdog_reset                                        calypso/libcalypso.a(timer.o)
