Archive member included because of file (symbol)

calypso/libcalypso.a(clock.o)
                              apps/layer1/main.o (calypso_clk_dump)
calypso/libcalypso.a(dma.o)   board/compal_e99/init.o (dma_init)
calypso/libcalypso.a(irq.o)   abb/twl3025.o (irq_enable)
calypso/libcalypso.a(rtc.o)   board/compal_e99/init.o (rtc_init)
calypso/libcalypso.a(sim.o)   apps/layer1/main.o (calypso_sim_init)
calypso/libcalypso.a(spi.o)   abb/twl3025.o (spi_init)
calypso/libcalypso.a(tpu.o)   apps/layer1/main.o (tpu_enqueue)
calypso/libcalypso.a(tsp.o)   abb/twl3025.o (tsp_write)
calypso/libcalypso.a(keypad.o)
                              board/compal_e99/init.o (keypad_init)
calypso/libcalypso.a(misc.o)  apps/layer1/main.o (dump_dev_id)
calypso/libcalypso.a(timer.o)
                              board/compal_e99/init.o (hwtimer_init)
calypso/libcalypso.a(backlight.o)
                              board/compal_e99/init.o (bl_mode_pwl)
calypso/libcalypso.a(uart.o)  board/compal_e99/init.o (uart_init)
calypso/libcalypso.a(uwire.o)
                              fb/fb_ssd1783.o (uwire_init)
calypso/libcalypso.a(arm.o)   calypso/libcalypso.a(irq.o) (arm_enable_interrupts)
layer1/liblayer1.a(init.o)    apps/layer1/main.o (layer1_init)
layer1/liblayer1.a(l23_api.o)
                              calypso/libcalypso.a(sim.o) (l1_queue_for_l2)
layer1/liblayer1.a(mframe_sched.o)
                              layer1/liblayer1.a(l23_api.o) (mframe_enable)
layer1/liblayer1.a(sched_gsmtime.o)
                              layer1/liblayer1.a(l23_api.o) (sched_gsmtime_reset)
layer1/liblayer1.a(async.o)   layer1/liblayer1.a(l23_api.o) (l1a_txq_msgb_enq)
layer1/liblayer1.a(prim_pm.o)
                              layer1/liblayer1.a(mframe_sched.o) (neigh_pm_sched_set)
layer1/liblayer1.a(prim_rach.o)
                              layer1/liblayer1.a(l23_api.o) (l1a_rach_req)
layer1/liblayer1.a(prim_tx_nb.o)
                              layer1/liblayer1.a(mframe_sched.o) (nb_sched_set_ul)
layer1/liblayer1.a(prim_rx_nb.o)
                              layer1/liblayer1.a(mframe_sched.o) (nb_sched_set)
layer1/liblayer1.a(prim_fbsb.o)
                              layer1/liblayer1.a(l23_api.o) (l1s_fbsb_req)
layer1/liblayer1.a(prim_freq.o)
                              layer1/liblayer1.a(l23_api.o) (l1a_freq_req)
layer1/liblayer1.a(prim_utils.o)
                              layer1/liblayer1.a(prim_tx_nb.o) (pu_get_idle_frame)
layer1/liblayer1.a(prim_tch.o)
                              layer1/liblayer1.a(mframe_sched.o) (tch_a_sched_set)
layer1/liblayer1.a(agc.o)     layer1/liblayer1.a(prim_pm.o) (agc_inp_dbm8_by_pm)
layer1/liblayer1.a(afc.o)     layer1/liblayer1.a(prim_fbsb.o) (afc_correct)
layer1/liblayer1.a(toa.o)     layer1/liblayer1.a(prim_rx_nb.o) (toa_input)
layer1/liblayer1.a(sync.o)    layer1/liblayer1.a(prim_fbsb.o) (l1s_time_inc)
layer1/liblayer1.a(tdma_sched.o)
                              layer1/liblayer1.a(prim_pm.o) (tdma_end_set)
layer1/liblayer1.a(tpu_window.o)
                              layer1/liblayer1.a(sync.o) (l1s_win_init)
layer1/liblayer1.a(rfch.o)    layer1/liblayer1.a(prim_tx_nb.o) (rfch_get_params)
layer1/liblayer1.a(apc.o)     layer1/liblayer1.a(sync.o) (apc_tx_pwrlvl2auxapc)
layer1/liblayer1.a(avg.o)     layer1/liblayer1.a(afc.o) (runavg_input)
lib/libmini.a(vsprintf.o)     apps/layer1/main.o (puts)
lib/libmini.a(string.o)       lib/libmini.a(vsprintf.o) (strnlen)
lib/libmini.a(ctype.o)        lib/libmini.a(vsprintf.o) (_ctype)
lib/libmini.a(printf.o)       apps/layer1/main.o (printf)
lib/libmini.a(console.o)      board/compal_e99/init.o (cons_bind_uart)
lib/libmini.a(ctors.o)        board/compal/start.ram.o (do_global_ctors)
lib/libmini.a(delay.o)        calypso/libcalypso.a(tpu.o) (delay_us)
lib/libmini.a(div64.o)        lib/libmini.a(vsprintf.o) (__do_div64)
lib/libmini.a(lib1funcs.o)    rf/trf6151.o (__udivsi3)
lib/libmini.a(memcpy.o)       fb/fb_ssd1783.o (memcpy)
lib/libmini.a(memset.o)       apps/layer1/main.o (memset)
comm/libcomm.a(sercomm.o)     board/compal_e99/init.o (sercomm_bind_uart)
comm/libcomm.a(sercomm_cons.o)
                              lib/libmini.a(vsprintf.o) (sercomm_puts)
comm/libcomm.a(timer.o)       calypso/libcalypso.a(keypad.o) (jiffies)
../../shared/libosmocore/build-target/src/.libs/libosmocore.a(msgb.o)
                              calypso/libcalypso.a(sim.o) (msgb_alloc)
../../shared/libosmocore/build-target/src/.libs/libosmocore.a(utils.o)
                              calypso/libcalypso.a(sim.o) (osmo_hexdump)
../../shared/libosmocore/build-target/src/.libs/libosmocore.a(panic.o)
                              calypso/libcalypso.a(sim.o) (osmo_panic)
../../shared/libosmocore/build-target/src/gsm/.libs/libosmogsm.a(gsm_utils.o)
                              layer1/liblayer1.a(apc.o) (ms_pwr_dbm)
calypso/libcalypso.a(dsp.o)   layer1/liblayer1.a(prim_pm.o) (dsp_api)
[...]
Memory Configuration

Name             Origin             Length             Attributes
XRAM             0x0000000000800000 0x0000000000020000 rw
RAM              0x0000000000820000 0x0000000000030000 rw
*default*        0x0000000000000000 0xffffffffffffffff

Linker script and memory map

                0x0000000000820000                . = 0x820000

.text.start     0x0000000000820000       0x6c
                0x0000000000820000                PROVIDE (_start, .)
 *(.text.start)
 .text.start    0x0000000000820000       0x6c board/compal/start.ram.o
                0x0000000000820000                _start
 *(.text.start)

.text.exceptions
                0x000000000080001c       0x1c load address 0x000000000082006c
 *(.text.exceptions)
 .text.exceptions
                0x000000000080001c       0x1c board/compal/exceptions_redirected.o
 *(.text.exceptions)
                0x0000000000800038                . = ALIGN (0x4)
                0x000000000082006c                PROVIDE (_exceptions, LOADADDR (.text.exceptions))
                0x0000000000800038                . = ALIGN (0x4)

.text           0x0000000000820088     0xb29c load address 0x0000000000820088
 *(.text*)
 .text.fb_putstr
                0x0000000000820088       0x1c apps/layer1/main.o
 .text.tspact_toggle
                0x00000000008200a4       0x44 apps/layer1/main.o
 .text.key_handler
                0x00000000008200e8       0xbc apps/layer1/main.o
 .text.main     0x00000000008201a4      0x16c apps/layer1/main.o
                0x00000000008201a4                main
 .text.tpu_enq_at
                0x0000000000820310       0x4c abb/twl3025.o
 .text.tpu_enq_wait
                0x000000000082035c       0x10 abb/twl3025.o
 .text.twl3025_reg_write
                0x000000000082036c       0x68 abb/twl3025.o
                0x000000000082036c                twl3025_reg_write
 .text.twl3025_unit_enable
                0x00000000008203d4       0x6c abb/twl3025.o
                0x00000000008203d4                twl3025_unit_enable
 .text.twl3025_switch_page
                0x0000000000820440       0x30 abb/twl3025.o
 .text.twl3025_tsp_write
                0x0000000000820470       0x10 abb/twl3025.o
                0x0000000000820470                twl3025_tsp_write
 .text.twl3025_reg_read
                0x0000000000820480       0x80 abb/twl3025.o
                0x0000000000820480                twl3025_reg_read
 .text.twl3025_power_off
                0x0000000000820500       0x30 abb/twl3025.o
                0x0000000000820500                twl3025_power_off
 .text.twl3025_irq
                0x0000000000820530       0x4c abb/twl3025.o
 .text.twl3025_wait_ibic_access
                0x000000000082057c        0x8 abb/twl3025.o
 .text.twl3025_clk13m
                0x0000000000820584       0x38 abb/twl3025.o
                0x0000000000820584                twl3025_clk13m
 .text.twl3025_init
                0x00000000008205bc       0x8c abb/twl3025.o
                0x00000000008205bc                twl3025_init
 .text.twl3025_downlink
                0x0000000000820648       0x90 abb/twl3025.o
                0x0000000000820648                twl3025_downlink
 .text.twl3025_uplink
                0x00000000008206d8       0xa4 abb/twl3025.o
                0x00000000008206d8                twl3025_uplink
 .text.twl3025_afc_set
                0x000000000082077c       0x6c abb/twl3025.o
                0x000000000082077c                twl3025_afc_set
 .text.twl3025_afcout_get
                0x00000000008207e8       0x14 abb/twl3025.o
                0x00000000008207e8                twl3025_afcout_get
 .text.tpu_enq_at
                0x00000000008207fc       0x4c rf/trf6151.o
 .text.tpu_enq_wait
                0x0000000000820848       0x10 rf/trf6151.o
 .text.trf6151_reg_write
                0x0000000000820858       0x40 rf/trf6151.o
 .text.trf6151_set_gain_reg
                0x0000000000820898       0x6c rf/trf6151.o
                0x0000000000820898                trf6151_set_gain_reg
 .text.trf6151_set_gain
                0x0000000000820904       0x6c rf/trf6151.o
                0x0000000000820904                trf6151_set_gain
 .text.trf6151_power
                0x0000000000820970       0x64 rf/trf6151.o
                0x0000000000820970                trf6151_power
 .text.trf6151_init
                0x00000000008209d4       0x60 rf/trf6151.o
                0x00000000008209d4                trf6151_init
 .text.trf6151_set_mode
                0x0000000000820a34       0x34 rf/trf6151.o
                0x0000000000820a34                trf6151_set_mode
 .text.trf6151_set_arfcn
                0x0000000000820a68      0x224 rf/trf6151.o
                0x0000000000820a68                trf6151_set_arfcn
 .text.trf6151_get_gain
                0x0000000000820c8c       0x30 rf/trf6151.o
                0x0000000000820c8c                trf6151_get_gain
 .text.trf6151_rx_window
                0x0000000000820cbc       0x5c rf/trf6151.o
                0x0000000000820cbc                trf6151_rx_window
 .text.trf6151_tx_window
                0x0000000000820d18       0x44 rf/trf6151.o
                0x0000000000820d18                trf6151_tx_window
 .text.trf6151_compute_gain
                0x0000000000820d5c       0x20 rf/trf6151.o
                0x0000000000820d5c                trf6151_compute_gain
 .text.trf6151_iq_swapped
                0x0000000000820d7c       0x28 rf/trf6151.o
                0x0000000000820d7c                trf6151_iq_swapped
 .text          0x0000000000820da4       0xfc board/common/calypso_uart.o
                0x0000000000820db0                phex
                0x0000000000820de4                puts_asm
                0x0000000000820e30                memdump_asm
                0x0000000000820e20                putchar_asm
 .text.rffe_mode
                0x0000000000820ea0       0x54 board/compal/rffe_dualband.o
                0x0000000000820ea0                rffe_mode
 .text.rffe_get_rx_ports
                0x0000000000820ef4        0x8 board/compal/rffe_dualband.o
                0x0000000000820ef4                rffe_get_rx_ports
 .text.rffe_iq_swapped
                0x0000000000820efc        0xc board/compal/rffe_dualband.o
                0x0000000000820efc                rffe_iq_swapped
 .text.rffe_init
                0x0000000000820f08       0x58 board/compal/rffe_dualband.o
                0x0000000000820f08                rffe_init
 .text.rffe_get_gain
                0x0000000000820f60        0xc board/compal/rffe_dualband.o
                0x0000000000820f60                rffe_get_gain
 .text.rffe_set_gain
                0x0000000000820f6c        0x8 board/compal/rffe_dualband.o
                0x0000000000820f6c                rffe_set_gain
 .text.rffe_compute_gain
                0x0000000000820f74       0x14 board/compal/rffe_dualband.o
                0x0000000000820f74                rffe_compute_gain
 .text.board_init
                0x0000000000820f88      0x1d8 board/compal_e99/init.o
                0x0000000000820f88                board_init
 .text.fb_font_get_char
                0x0000000000821160       0x50 fb/font.o
                0x0000000000821160                fb_font_get_char
 .text.fb_limit_fb_range
                0x00000000008211b0       0x38 fb/fb_rgb332.o
 .text.fb_sanitize_box
                0x00000000008211e8       0x50 fb/fb_rgb332.o
 .text.fb_rgb332_clear
                0x0000000000821238       0x74 fb/fb_rgb332.o
                0x0000000000821238                fb_rgb332_clear
 .text.fb_rgb332_update_damage
                0x00000000008212ac       0xd8 fb/fb_rgb332.o
 .text.rgb_to_pixel
                0x0000000000821384       0x24 fb/fb_rgb332.o
 .text.set_pix  0x00000000008213a8       0x24 fb/fb_rgb332.o
 .text.fb_rgb332_boxto
                0x00000000008213cc      0x11c fb/fb_rgb332.o
                0x00000000008213cc                fb_rgb332_boxto
 .text.fb_rgb332_lineto
                0x00000000008214e8      0x138 fb/fb_rgb332.o
                0x00000000008214e8                fb_rgb332_lineto
 .text.fb_rgb332_putstr
                0x0000000000821620      0x2b8 fb/fb_rgb332.o
                0x0000000000821620                fb_rgb332_putstr
 .text.fb_ssd1783_send_cmdlist
                0x00000000008218d8       0x50 fb/fb_ssd1783.o
 .text.fb_ssd1783_init
                0x0000000000821928       0x48 fb/fb_ssd1783.o
 .text.fb_ssd1783_flush
                0x0000000000821970      0x198 fb/fb_ssd1783.o
 .text          0x0000000000821b08       0x90 board/compal/handlers.o
                0x0000000000821b08                handle_abort
                0x0000000000821b48                irq_entry
                0x0000000000821b70                fiq_entry
 .text.dump_reg16
                0x0000000000821b98       0x10 calypso/libcalypso.a(clock.o)
 .text.calypso_clk_dump
                0x0000000000821ba8       0x6c calypso/libcalypso.a(clock.o)
                0x0000000000821ba8                calypso_clk_dump
 .text.calypso_pll_set
                0x0000000000821c14       0x38 calypso/libcalypso.a(clock.o)
                0x0000000000821c14                calypso_pll_set
 .text.calypso_reset_set
                0x0000000000821c4c       0x2c calypso/libcalypso.a(clock.o)
                0x0000000000821c4c                calypso_reset_set
 .text.calypso_clock_set
                0x0000000000821c78       0xa0 calypso/libcalypso.a(clock.o)
                0x0000000000821c78                calypso_clock_set
 .text.calypso_mem_cfg
                0x0000000000821d18       0x20 calypso/libcalypso.a(clock.o)
                0x0000000000821d18                calypso_mem_cfg
 .text.calypso_bootrom
                0x0000000000821d38       0x28 calypso/libcalypso.a(clock.o)
                0x0000000000821d38                calypso_bootrom
 .text.calypso_rhea_cfg
                0x0000000000821d60       0x58 calypso/libcalypso.a(clock.o)
                0x0000000000821d60                calypso_rhea_cfg
 .text.dma_init
                0x0000000000821db8       0x14 calypso/libcalypso.a(dma.o)
                0x0000000000821db8                dma_init
 .text._irq_enable
                0x0000000000821dcc       0x48 calypso/libcalypso.a(irq.o)
 .text.irq_enable
                0x0000000000821e14        0x8 calypso/libcalypso.a(irq.o)
                0x0000000000821e14                irq_enable
 .text.irq_disable
                0x0000000000821e1c        0x8 calypso/libcalypso.a(irq.o)
                0x0000000000821e1c                irq_disable
 .text.irq_config
                0x0000000000821e24       0x50 calypso/libcalypso.a(irq.o)
                0x0000000000821e24                irq_config
 .text.irq      0x0000000000821e74       0x44 calypso/libcalypso.a(irq.o)
                0x0000000000821e74                irq
 .text.fiq      0x0000000000821eb8       0x44 calypso/libcalypso.a(irq.o)
                0x0000000000821eb8                fiq
 .text.irq_register_handler
                0x0000000000821efc       0x14 calypso/libcalypso.a(irq.o)
                0x0000000000821efc                irq_register_handler
 .text.calypso_exceptions_install
                0x0000000000821f10       0x30 calypso/libcalypso.a(irq.o)
                0x0000000000821f10                calypso_exceptions_install
 .text.irq_init
                0x0000000000821f40       0x6c calypso/libcalypso.a(irq.o)
                0x0000000000821f40                irq_init
 .text.rtc_irq_tick
                0x0000000000821fac       0x18 calypso/libcalypso.a(rtc.o)
 .text.rtc_init
                0x0000000000821fc4       0x5c calypso/libcalypso.a(rtc.o)
                0x0000000000821fc4                rtc_init
 .text.msgb_tailroom
                0x0000000000822020       0x18 calypso/libcalypso.a(sim.o)
 .text.msgb_pull
                0x0000000000822038       0x20 calypso/libcalypso.a(sim.o)
 .text.calypso_sim_receive
                0x0000000000822058       0x6c calypso/libcalypso.a(sim.o)
                0x0000000000822058                calypso_sim_receive
 .text.calypso_sim_transmit
                0x00000000008220c4       0x80 calypso/libcalypso.a(sim.o)
                0x00000000008220c4                calypso_sim_transmit
 .text.sim_irq_handler
                0x0000000000822144      0x140 calypso/libcalypso.a(sim.o)
                0x0000000000822144                sim_irq_handler
 .text.sim_apdu
                0x0000000000822284       0x50 calypso/libcalypso.a(sim.o)
                0x0000000000822284                sim_apdu
 .text.calypso_sim_init
                0x00000000008222d4       0x34 calypso/libcalypso.a(sim.o)
                0x00000000008222d4                calypso_sim_init
 .text.calypso_sim_powerup
                0x0000000000822308       0x78 calypso/libcalypso.a(sim.o)
                0x0000000000822308                calypso_sim_powerup
 .text.calypso_sim_powerdown
                0x0000000000822380       0x68 calypso/libcalypso.a(sim.o)
                0x0000000000822380                calypso_sim_powerdown
 .text.sim_handler
                0x00000000008223e8      0x4c0 calypso/libcalypso.a(sim.o)
                0x00000000008223e8                sim_handler
 .text.spi_init
                0x00000000008228a8       0x20 calypso/libcalypso.a(spi.o)
                0x00000000008228a8                spi_init
 .text.spi_xfer
                0x00000000008228c8      0x120 calypso/libcalypso.a(spi.o)
                0x00000000008228c8                spi_xfer
 .text.tpu_enqueue
                0x00000000008229e8       0x28 calypso/libcalypso.a(tpu.o)
                0x00000000008229e8                tpu_enqueue
 .text.tpu_wait_ctrl_bit
                0x0000000000822a10       0x64 calypso/libcalypso.a(tpu.o)
 .text.tpu_reset
                0x0000000000822a74       0x38 calypso/libcalypso.a(tpu.o)
                0x0000000000822a74                tpu_reset
 .text.tpu_rewind
                0x0000000000822aac       0x18 calypso/libcalypso.a(tpu.o)
                0x0000000000822aac                tpu_rewind
 .text.tpu_clk_enable
                0x0000000000822ac4       0x44 calypso/libcalypso.a(tpu.o)
                0x0000000000822ac4                tpu_clk_enable
 .text.tpu_dsp_frameirq_enable
                0x0000000000822b08       0x20 calypso/libcalypso.a(tpu.o)
                0x0000000000822b08                tpu_dsp_frameirq_enable
 .text.tpu_wait_idle
                0x0000000000822b28       0x24 calypso/libcalypso.a(tpu.o)
                0x0000000000822b28                tpu_wait_idle
 .text.tpu_frame_irq_en
                0x0000000000822b4c       0x34 calypso/libcalypso.a(tpu.o)
                0x0000000000822b4c                tpu_frame_irq_en
 .text.add_mod5000
                0x0000000000822b80       0x38 calypso/libcalypso.a(tpu.o)
                0x0000000000822b80                add_mod5000
 .text.tpu_enable
                0x0000000000822bb8       0x40 calypso/libcalypso.a(tpu.o)
                0x0000000000822bb8                tpu_enable
 .text.tpu_init
                0x0000000000822bf8       0x68 calypso/libcalypso.a(tpu.o)
                0x0000000000822bf8                tpu_init
 .text.tpu_enq_move
                0x0000000000822c60       0x14 calypso/libcalypso.a(tsp.o)
 .text.tsp_write
                0x0000000000822c74       0xd4 calypso/libcalypso.a(tsp.o)
                0x0000000000822c74                tsp_write
 .text.tsp_setup
                0x0000000000822d48       0x3c calypso/libcalypso.a(tsp.o)
                0x0000000000822d48                tsp_setup
 .text.tsp_act_update
                0x0000000000822d84       0x48 calypso/libcalypso.a(tsp.o)
                0x0000000000822d84                tsp_act_update
 .text.tsp_act_enable
                0x0000000000822dcc       0x1c calypso/libcalypso.a(tsp.o)
                0x0000000000822dcc                tsp_act_enable
 .text.tsp_act_disable
                0x0000000000822de8       0x14 calypso/libcalypso.a(tsp.o)
                0x0000000000822de8                tsp_act_disable
 .text.tsp_act_state
                0x0000000000822dfc       0x10 calypso/libcalypso.a(tsp.o)
                0x0000000000822dfc                tsp_act_state
 .text.tsp_act_toggle
                0x0000000000822e0c       0x1c calypso/libcalypso.a(tsp.o)
                0x0000000000822e0c                tsp_act_toggle
 .text.tsp_init
                0x0000000000822e28        0x8 calypso/libcalypso.a(tsp.o)
                0x0000000000822e28                tsp_init
 .text.emit_key
                0x0000000000822e30       0x58 calypso/libcalypso.a(keypad.o)
                0x0000000000822e30                emit_key
 .text.dispatch_buttons
                0x0000000000822e88       0xd4 calypso/libcalypso.a(keypad.o)
                0x0000000000822e88                dispatch_buttons
 .text.keypad_irq
                0x0000000000822f5c       0x18 calypso/libcalypso.a(keypad.o)
 .text.keypad_init
                0x0000000000822f74       0x88 calypso/libcalypso.a(keypad.o)
                0x0000000000822f74                keypad_init
 .text.keypad_set_handler
                0x0000000000822ffc       0x10 calypso/libcalypso.a(keypad.o)
                0x0000000000822ffc                keypad_set_handler
 .text.keypad_poll
                0x000000000082300c      0x1d0 calypso/libcalypso.a(keypad.o)
                0x000000000082300c                keypad_poll
 .text.dump_dev_id
                0x00000000008231dc       0xa4 calypso/libcalypso.a(misc.o)
                0x00000000008231dc                dump_dev_id
 .text.hwtimer_enable
                0x0000000000823280       0x70 calypso/libcalypso.a(timer.o)
                0x0000000000823280                hwtimer_enable
 .text.hwtimer_config
                0x00000000008232f0       0x30 calypso/libcalypso.a(timer.o)
                0x00000000008232f0                hwtimer_config
 .text.hwtimer_load
                0x0000000000823320       0x28 calypso/libcalypso.a(timer.o)
                0x0000000000823320                hwtimer_load
 .text.hwtimer_read
                0x0000000000823348       0x58 calypso/libcalypso.a(timer.o)
                0x0000000000823348                hwtimer_read
 .text.hwtimer_init
                0x00000000008233a0       0x1c calypso/libcalypso.a(timer.o)
                0x00000000008233a0                hwtimer_init
 .text.wdog_irq
                0x00000000008233bc        0xc calypso/libcalypso.a(timer.o)
 .text.wdog_enable
                0x00000000008233c8       0x64 calypso/libcalypso.a(timer.o)
                0x00000000008233c8                wdog_enable
 .text.bl_mode_pwl
                0x000000000082342c       0x44 calypso/libcalypso.a(backlight.o)
                0x000000000082342c                bl_mode_pwl
 .text.bl_level
                0x0000000000823470       0x34 calypso/libcalypso.a(backlight.o)
                0x0000000000823470                bl_level
 .text.uart_set_lcr7bit
                0x00000000008234a4       0x28 calypso/libcalypso.a(uart.o)
 .text.uart_set_lcr_bf
                0x00000000008234cc       0x34 calypso/libcalypso.a(uart.o)
 .text.uart_set_mcr6bit
                0x0000000000823500       0x28 calypso/libcalypso.a(uart.o)
 .text.uart_reg_write
                0x0000000000823528       0x9c calypso/libcalypso.a(uart.o)
 .text.uart_reg_read
                0x00000000008235c4       0x9c calypso/libcalypso.a(uart.o)
 .text.uart_irq_handler_cons
                0x0000000000823660       0x5c calypso/libcalypso.a(uart.o)
 .text.uart_irq_enable
                0x00000000008236bc       0x58 calypso/libcalypso.a(uart.o)
                0x00000000008236bc                uart_irq_enable
 .text.uart_tx_busy
                0x0000000000823714       0x18 calypso/libcalypso.a(uart.o)
                0x0000000000823714                uart_tx_busy
 .text.uart_putchar_nb
                0x000000000082372c       0x34 calypso/libcalypso.a(uart.o)
                0x000000000082372c                uart_putchar_nb
 .text.uart_getchar_nb
                0x0000000000823760       0x88 calypso/libcalypso.a(uart.o)
                0x0000000000823760                uart_getchar_nb
 .text.uart_irq_handler_sercomm
                0x00000000008237e8      0x118 calypso/libcalypso.a(uart.o)
 .text.uart_init
                0x0000000000823900      0x188 calypso/libcalypso.a(uart.o)
                0x0000000000823900                uart_init
 .text.uart_putchar_wait
                0x0000000000823a88       0x2c calypso/libcalypso.a(uart.o)
                0x0000000000823a88                uart_putchar_wait
 .text.uart_baudrate
                0x0000000000823ab4       0x74 calypso/libcalypso.a(uart.o)
                0x0000000000823ab4                uart_baudrate
 .text.uwire_init
                0x0000000000823b28       0x40 calypso/libcalypso.a(uwire.o)
                0x0000000000823b28                uwire_init
 .text.uwire_xfer
                0x0000000000823b68      0x114 calypso/libcalypso.a(uwire.o)
                0x0000000000823b68                uwire_xfer
 .text.arm_enable_interrupts
                0x0000000000823c7c       0x10 calypso/libcalypso.a(arm.o)
                0x0000000000823c7c                arm_enable_interrupts
 .text.layer1_init
                0x0000000000823c8c       0x48 layer1/liblayer1.a(init.o)
                0x0000000000823c8c                layer1_init
 .text.__fswab16
                0x0000000000823cd4       0x18 layer1/liblayer1.a(l23_api.o)
 .text.msgb_tailroom
                0x0000000000823cec       0x18 layer1/liblayer1.a(l23_api.o)
 .text.msgb_put
                0x0000000000823d04       0x50 layer1/liblayer1.a(l23_api.o)
 .text.l1_queue_for_l2
                0x0000000000823d54       0x34 layer1/liblayer1.a(l23_api.o)
                0x0000000000823d54                l1_queue_for_l2
 .text.audio_set_enabled
                0x0000000000823d88       0x48 layer1/liblayer1.a(l23_api.o)
 .text.l1ctl_msgb_alloc
                0x0000000000823dd0       0x6c layer1/liblayer1.a(l23_api.o)
                0x0000000000823dd0                l1ctl_msgb_alloc
 .text.l1_create_l2_msg
                0x0000000000823e3c       0x7c layer1/liblayer1.a(l23_api.o)
                0x0000000000823e3c                l1_create_l2_msg
 .text.l1ctl_tx_reset
                0x0000000000823eb8       0x2c layer1/liblayer1.a(l23_api.o)
                0x0000000000823eb8                l1ctl_tx_reset
 .text.l1a_l23_rx
                0x0000000000823ee4       0x24 layer1/liblayer1.a(l23_api.o)
                0x0000000000823ee4                l1a_l23_rx
 .text.l1a_l23_handler
                0x0000000000823f08      0x93c layer1/liblayer1.a(l23_api.o)
                0x0000000000823f08                l1a_l23_handler
 .text.l1a_l23api_init
                0x0000000000824844       0x10 layer1/liblayer1.a(l23_api.o)
                0x0000000000824844                l1a_l23api_init
 .text.mframe_task2chan_nr
                0x0000000000824854      0x110 layer1/liblayer1.a(mframe_sched.o)
                0x0000000000824854                mframe_task2chan_nr
 .text.mframe_enable
                0x0000000000824964       0x1c layer1/liblayer1.a(mframe_sched.o)
                0x0000000000824964                mframe_enable
 .text.mframe_disable
                0x0000000000824980       0x1c layer1/liblayer1.a(mframe_sched.o)
                0x0000000000824980                mframe_disable
 .text.mframe_set
                0x000000000082499c       0x10 layer1/liblayer1.a(mframe_sched.o)
                0x000000000082499c                mframe_set
 .text.mframe_schedule
                0x00000000008249ac      0x128 layer1/liblayer1.a(mframe_sched.o)
                0x00000000008249ac                mframe_schedule
 .text.mframe_reset
                0x0000000000824ad4       0x20 layer1/liblayer1.a(mframe_sched.o)
                0x0000000000824ad4                mframe_reset
 .text.llist_add
                0x0000000000824af4       0x18 layer1/liblayer1.a(sched_gsmtime.o)
 .text.llist_del
                0x0000000000824b0c       0x2c layer1/liblayer1.a(sched_gsmtime.o)
 .text.sched_gsmtime_execute
                0x0000000000824b38       0x84 layer1/liblayer1.a(sched_gsmtime.o)
                0x0000000000824b38                sched_gsmtime_execute
 .text.sched_gsmtime_init
                0x0000000000824bbc       0x34 layer1/liblayer1.a(sched_gsmtime.o)
                0x0000000000824bbc                sched_gsmtime_init
 .text.sched_gsmtime_reset
                0x0000000000824bf0       0x48 layer1/liblayer1.a(sched_gsmtime.o)
                0x0000000000824bf0                sched_gsmtime_reset
 .text.llist_add_tail
                0x0000000000824c38       0x18 layer1/liblayer1.a(sched_gsmtime.o)
 .text.sched_gsmtime
                0x0000000000824c50       0x94 layer1/liblayer1.a(sched_gsmtime.o)
                0x0000000000824c50                sched_gsmtime
 .text.l1a_txq_msgb_enq
                0x0000000000824ce4       0x1c layer1/liblayer1.a(async.o)
                0x0000000000824ce4                l1a_txq_msgb_enq
 .text.l1a_meas_msgb_set
                0x0000000000824d00       0x34 layer1/liblayer1.a(async.o)
                0x0000000000824d00                l1a_meas_msgb_set
 .text.l1a_txq_msgb_flush
                0x0000000000824d34       0x34 layer1/liblayer1.a(async.o)
                0x0000000000824d34                l1a_txq_msgb_flush
 .text.l1a_mftask_set
                0x0000000000824d68        0x4 layer1/liblayer1.a(async.o)
                0x0000000000824d68                l1a_mftask_set
 .text.l1a_tch_mode_set
                0x0000000000824d6c       0x3c layer1/liblayer1.a(async.o)
                0x0000000000824d6c                l1a_tch_mode_set
 .text.l1a_audio_mode_set
                0x0000000000824da8       0x14 layer1/liblayer1.a(async.o)
                0x0000000000824da8                l1a_audio_mode_set
 .text.l1a_init
                0x0000000000824dbc        0x4 layer1/liblayer1.a(async.o)
                0x0000000000824dbc                l1a_init
 .text.l1a_compl_execute
                0x0000000000824dc0       0x58 layer1/liblayer1.a(async.o)
                0x0000000000824dc0                l1a_compl_execute
 .text.l1a_txq_msgb_count
                0x0000000000824e18       0x34 layer1/liblayer1.a(async.o)
                0x0000000000824e18                l1a_txq_msgb_count
 .text.__fswab16
                0x0000000000824e4c       0x18 layer1/liblayer1.a(prim_pm.o)
 .text.msgb_tailroom
                0x0000000000824e64       0x18 layer1/liblayer1.a(prim_pm.o)
 .text.msgb_put
                0x0000000000824e7c       0x50 layer1/liblayer1.a(prim_pm.o)
 .text.l1s_pm_cmd
                0x0000000000824ecc       0x50 layer1/liblayer1.a(prim_pm.o)
 .text.l1s_pm_test
                0x0000000000824f1c       0x30 layer1/liblayer1.a(prim_pm.o)
                0x0000000000824f1c                l1s_pm_test
 .text.l1s_pm_resp
                0x0000000000824f4c      0x1e0 layer1/liblayer1.a(prim_pm.o)
 .text.l1s_neigh_pm_cmd
                0x000000000082512c       0x80 layer1/liblayer1.a(prim_pm.o)
 .text.l1s_neigh_pm_resp
                0x00000000008251ac      0x134 layer1/liblayer1.a(prim_pm.o)
 .text.l1s_tx_rach_cmd
                0x00000000008252e0       0x80 layer1/liblayer1.a(prim_rach.o)
 .text.l1s_tx_rach_resp
                0x0000000000825360       0x48 layer1/liblayer1.a(prim_rach.o)
 .text.l1a_rach_compl
                0x00000000008253a8       0x28 layer1/liblayer1.a(prim_rach.o)
 .text.l1a_rach_req
                0x00000000008253d0       0xd0 layer1/liblayer1.a(prim_rach.o)
                0x00000000008253d0                l1a_rach_req
 .text.prim_rach_init
                0x00000000008254a0       0x18 layer1/liblayer1.a(prim_rach.o)
 .text.l1s_tx_resp
                0x00000000008254b8       0x4c layer1/liblayer1.a(prim_tx_nb.o)
 .text.l1s_tx_cmd
                0x0000000000825504      0x170 layer1/liblayer1.a(prim_tx_nb.o)
 .text.l1a_tx_nb_compl
                0x0000000000825674       0x28 layer1/liblayer1.a(prim_tx_nb.o)
 .text.prim_tx_nb_init
                0x000000000082569c       0x18 layer1/liblayer1.a(prim_tx_nb.o)
 .text.msgb_tailroom
                0x00000000008256b4       0x18 layer1/liblayer1.a(prim_rx_nb.o)
 .text.msgb_put
                0x00000000008256cc       0x50 layer1/liblayer1.a(prim_rx_nb.o)
 .text.l1s_nb_resp
                0x000000000082571c      0x308 layer1/liblayer1.a(prim_rx_nb.o)
 .text.l1s_nb_cmd
                0x0000000000825a24      0x104 layer1/liblayer1.a(prim_rx_nb.o)
 .text.__fswab16
                0x0000000000825b28       0x18 layer1/liblayer1.a(prim_fbsb.o)
 .text.msgb_tailroom
                0x0000000000825b40       0x18 layer1/liblayer1.a(prim_fbsb.o)
 .text.dump_mon_state
                0x0000000000825b58       0x7c layer1/liblayer1.a(prim_fbsb.o)
 .text.l1ctl_fbsb_resp
                0x0000000000825bd4       0xb4 layer1/liblayer1.a(prim_fbsb.o)
 .text.l1s_sbdet_resp
                0x0000000000825c88      0x2f8 layer1/liblayer1.a(prim_fbsb.o)
 .text.l1s_sbdet_cmd
                0x0000000000825f80       0x54 layer1/liblayer1.a(prim_fbsb.o)
 .text.fbinfo2cellinfo
                0x0000000000825fd4       0xf8 layer1/liblayer1.a(prim_fbsb.o)
 .text.l1s_fbdet_cmd
                0x00000000008260cc       0x6c layer1/liblayer1.a(prim_fbsb.o)
 .text.l1s_fbdet_resp
                0x0000000000826138      0x304 layer1/liblayer1.a(prim_fbsb.o)
 .text.l1a_fb_compl
                0x000000000082643c       0x3c layer1/liblayer1.a(prim_fbsb.o)
 .text.l1s_fbsb_req
                0x0000000000826478       0xf0 layer1/liblayer1.a(prim_fbsb.o)
                0x0000000000826478                l1s_fbsb_req
 .text.l1s_prim_fbsb_init
                0x0000000000826568       0x18 layer1/liblayer1.a(prim_fbsb.o)
 .text.l1s_freq_cmd
                0x0000000000826580       0x50 layer1/liblayer1.a(prim_freq.o)
 .text.l1a_freq_req
                0x00000000008265d0       0xc4 layer1/liblayer1.a(prim_freq.o)
                0x00000000008265d0                l1a_freq_req
 .text.pu_get_idle_frame
                0x0000000000826694        0xc layer1/liblayer1.a(prim_utils.o)
                0x0000000000826694                pu_get_idle_frame
 .text.pu_update_rx_level
                0x00000000008266a0       0x18 layer1/liblayer1.a(prim_utils.o)
                0x00000000008266a0                pu_update_rx_level
 .text.pu_get_meas_frame
                0x00000000008266b8       0x34 layer1/liblayer1.a(prim_utils.o)
                0x00000000008266b8                pu_get_meas_frame
 .text.__fswab16
                0x00000000008266ec       0x18 layer1/liblayer1.a(prim_tch.o)
 .text.__fswab32
                0x0000000000826704       0x18 layer1/liblayer1.a(prim_tch.o)
 .text.msgb_tailroom
                0x000000000082671c       0x18 layer1/liblayer1.a(prim_tch.o)
 .text.msgb_put
                0x0000000000826734       0x50 layer1/liblayer1.a(prim_tch.o)
 .text.dsp_task_iq_swap
                0x0000000000826784       0x2c layer1/liblayer1.a(prim_tch.o)
 .text.tch_get_params
                0x00000000008267b0       0xc8 layer1/liblayer1.a(prim_tch.o)
 .text.l1a_tx_tch_compl
                0x0000000000826878       0x6c layer1/liblayer1.a(prim_tch.o)
 .text.prim_tch_init
                0x00000000008268e4       0x18 layer1/liblayer1.a(prim_tch.o)
 .text.l1s_tch_resp
                0x00000000008268fc      0x4d4 layer1/liblayer1.a(prim_tch.o)
 .text.l1s_tch_cmd
                0x0000000000826dd0      0x364 layer1/liblayer1.a(prim_tch.o)
 .text.l1s_tch_d_resp
                0x0000000000827134       0x18 layer1/liblayer1.a(prim_tch.o)
 .text.l1s_tch_d_cmd
                0x000000000082714c       0xbc layer1/liblayer1.a(prim_tch.o)
 .text.l1s_tch_a_resp
                0x0000000000827208      0x2a8 layer1/liblayer1.a(prim_tch.o)
 .text.l1s_tch_a_cmd
                0x00000000008274b0      0x274 layer1/liblayer1.a(prim_tch.o)
 .text.agc_inp_dbm8_by_pm
                0x0000000000827724       0x30 layer1/liblayer1.a(agc.o)
                0x0000000000827724                agc_inp_dbm8_by_pm
 .text.afc_correct
                0x0000000000827754       0x84 layer1/liblayer1.a(afc.o)
                0x0000000000827754                afc_correct
 .text.afc_reset
                0x00000000008277d8       0x18 layer1/liblayer1.a(afc.o)
                0x00000000008277d8                afc_reset
 .text.afc_input
                0x00000000008277f0       0x28 layer1/liblayer1.a(afc.o)
                0x00000000008277f0                afc_input
 .text.afc_ravg_output
                0x0000000000827818       0x18 layer1/liblayer1.a(afc.o)
 .text.afc_load_dsp
                0x0000000000827830       0x2c layer1/liblayer1.a(afc.o)
                0x0000000000827830                afc_load_dsp
 .text.toa_input
                0x000000000082785c       0x44 layer1/liblayer1.a(toa.o)
                0x000000000082785c                toa_input
 .text.toa_reset
                0x00000000008278a0       0x1c layer1/liblayer1.a(toa.o)
                0x00000000008278a0                toa_reset
 .text.toa_ravg_output
                0x00000000008278bc       0x30 layer1/liblayer1.a(toa.o)
 .text.tpu_enq_sync
                0x00000000008278ec       0x10 layer1/liblayer1.a(sync.o)
 .text.l1s_time_inc
                0x00000000008278fc       0xc8 layer1/liblayer1.a(sync.o)
                0x00000000008278fc                l1s_time_inc
 .text.l1s_time_dump
                0x00000000008279c4       0x30 layer1/liblayer1.a(sync.o)
                0x00000000008279c4                l1s_time_dump
 .text.l1s_snr_int
                0x00000000008279f4        0xc layer1/liblayer1.a(sync.o)
                0x00000000008279f4                l1s_snr_int
 .text.synchronize_tdma
                0x0000000000827a00       0xa4 layer1/liblayer1.a(sync.o)
                0x0000000000827a00                synchronize_tdma
 .text.l1s_reset_hw
                0x0000000000827aa4       0x78 layer1/liblayer1.a(sync.o)
                0x0000000000827aa4                l1s_reset_hw
 .text.l1s_compl_sched
                0x0000000000827b1c       0x2c layer1/liblayer1.a(sync.o)
                0x0000000000827b1c                l1s_compl_sched
 .text.l1s_abort_cmd
                0x0000000000827b48       0x5c layer1/liblayer1.a(sync.o)
 .text.l1s_dsp_abort
                0x0000000000827ba4       0x38 layer1/liblayer1.a(sync.o)
                0x0000000000827ba4                l1s_dsp_abort
 .text.l1s_tx_apc_helper
                0x0000000000827bdc       0x9c layer1/liblayer1.a(sync.o)
                0x0000000000827bdc                l1s_tx_apc_helper
 .text.frame_irq
                0x0000000000827c78      0x16c layer1/liblayer1.a(sync.o)
 .text.l1s_reset
                0x0000000000827de4       0x40 layer1/liblayer1.a(sync.o)
                0x0000000000827de4                l1s_reset
 .text.l1s_init
                0x0000000000827e24       0xac layer1/liblayer1.a(sync.o)
                0x0000000000827e24                l1s_init
 .text.tdma_end_set
                0x0000000000827ed0        0x8 layer1/liblayer1.a(tdma_sched.o)
                0x0000000000827ed0                tdma_end_set
 .text.wrap_bucket
                0x0000000000827ed8       0x28 layer1/liblayer1.a(tdma_sched.o)
 .text.tdma_schedule
                0x0000000000827f00       0x80 layer1/liblayer1.a(tdma_sched.o)
                0x0000000000827f00                tdma_schedule
 .text.tdma_schedule_set
                0x0000000000827f80       0xc4 layer1/liblayer1.a(tdma_sched.o)
                0x0000000000827f80                tdma_schedule_set
 .text.tdma_sched_advance
                0x0000000000828044       0x1c layer1/liblayer1.a(tdma_sched.o)
                0x0000000000828044                tdma_sched_advance
 .text.tdma_sched_flag_scan
                0x0000000000828060       0x50 layer1/liblayer1.a(tdma_sched.o)
                0x0000000000828060                tdma_sched_flag_scan
 .text.tdma_sched_execute
                0x00000000008280b0      0x130 layer1/liblayer1.a(tdma_sched.o)
                0x00000000008280b0                tdma_sched_execute
 .text.tdma_sched_reset
                0x00000000008281e0       0x38 layer1/liblayer1.a(tdma_sched.o)
                0x00000000008281e0                tdma_sched_reset
 .text.tpu_enq_at
                0x0000000000828218       0x4c layer1/liblayer1.a(tpu_window.o)
 .text._win_setup
                0x0000000000828264       0x9c layer1/liblayer1.a(tpu_window.o)
 .text._win_cleanup
                0x0000000000828300       0x6c layer1/liblayer1.a(tpu_window.o)
 .text.l1s_win_init
                0x000000000082836c       0x54 layer1/liblayer1.a(tpu_window.o)
                0x000000000082836c                l1s_win_init
 .text.l1s_rx_win_ctrl
                0x00000000008283c0       0xbc layer1/liblayer1.a(tpu_window.o)
                0x00000000008283c0                l1s_rx_win_ctrl
 .text.l1s_tx_win_ctrl
                0x000000000082847c       0xb4 layer1/liblayer1.a(tpu_window.o)
                0x000000000082847c                l1s_tx_win_ctrl
 .text.tpu_end_scenario
                0x0000000000828530       0x18 layer1/liblayer1.a(tpu_window.o)
                0x0000000000828530                tpu_end_scenario
 .text.rfch_get_params
                0x0000000000828548      0x138 layer1/liblayer1.a(rfch.o)
                0x0000000000828548                rfch_get_params
 .text.apc_tx_dbm2auxapc
                0x0000000000828680       0x40 layer1/liblayer1.a(apc.o)
                0x0000000000828680                apc_tx_dbm2auxapc
 .text.apc_tx_pwrlvl2auxapc
                0x00000000008286c0       0x3c layer1/liblayer1.a(apc.o)
                0x00000000008286c0                apc_tx_pwrlvl2auxapc
 .text.runavg_input
                0x00000000008286fc       0x30 layer1/liblayer1.a(avg.o)
                0x00000000008286fc                runavg_input
 .text.runavg_check_output
                0x000000000082872c       0x64 layer1/liblayer1.a(avg.o)
                0x000000000082872c                runavg_check_output
 .text.skip_atoi
                0x0000000000828790       0x48 lib/libmini.a(vsprintf.o)
 .text.number   0x00000000008287d8      0x2a0 lib/libmini.a(vsprintf.o)
 .text.vsnprintf
                0x0000000000828a78      0x540 lib/libmini.a(vsprintf.o)
                0x0000000000828a78                vsnprintf
 .text.snprintf
                0x0000000000828fb8       0x30 lib/libmini.a(vsprintf.o)
                0x0000000000828fb8                snprintf
 .text.puts     0x0000000000828fe8        0x4 lib/libmini.a(vsprintf.o)
                0x0000000000828fe8                puts
 .text.strnlen  0x0000000000828fec       0x2c lib/libmini.a(string.o)
                0x0000000000828fec                strnlen
 .text.strlen   0x0000000000829018       0x20 lib/libmini.a(string.o)
                0x0000000000829018                strlen
 .text.printf   0x0000000000829038       0x50 lib/libmini.a(printf.o)
                0x0000000000829038                printf
 .text.cons_bind_uart
                0x0000000000829088       0x18 lib/libmini.a(console.o)
                0x0000000000829088                cons_bind_uart
 .text.cons_get_uart
                0x00000000008290a0       0x18 lib/libmini.a(console.o)
                0x00000000008290a0                cons_get_uart
 .text.cons_init
                0x00000000008290b8       0x40 lib/libmini.a(console.o)
                0x00000000008290b8                cons_init
 .text.cons_rb_pull
                0x00000000008290f8       0x6c lib/libmini.a(console.o)
 .text.cons_rb_flush
                0x0000000000829164       0x58 lib/libmini.a(console.o)
                0x0000000000829164                cons_rb_flush
 .text.__cons_rb_append
                0x00000000008291bc       0x6c lib/libmini.a(console.o)
 .text.cons_rb_append
                0x0000000000829228       0xe4 lib/libmini.a(console.o)
                0x0000000000829228                cons_rb_append
 .text.cons_puts
                0x000000000082930c       0x70 lib/libmini.a(console.o)
                0x000000000082930c                cons_puts
 .text.do_global_ctors
                0x000000000082937c       0x30 lib/libmini.a(ctors.o)
                0x000000000082937c                do_global_ctors
 .text.delay_us
                0x00000000008293ac       0x34 lib/libmini.a(delay.o)
                0x00000000008293ac                delay_us
 .text.delay_ms
                0x00000000008293e0       0x3c lib/libmini.a(delay.o)
                0x00000000008293e0                delay_ms
 .text          0x000000000082941c      0x130 lib/libmini.a(div64.o)
                0x000000000082941c                __do_div64
 .text          0x000000000082954c      0x3d4 lib/libmini.a(lib1funcs.o)
                0x000000000082954c                __udivsi3
                0x0000000000829634                __umodsi3
                0x00000000008296f0                __aeabi_idiv
                0x000000000082991c                __div0
                0x000000000082954c                __aeabi_uidiv
                0x00000000008296f0                __divsi3
                0x00000000008298dc                __aeabi_uidivmod
                0x0000000000829808                __modsi3
                0x00000000008298f4                __aeabi_idivmod
 .text          0x0000000000829920      0x29c lib/libmini.a(memcpy.o)
                0x0000000000829920                memcpy
 *fill*         0x0000000000829bbc        0x4 00
 .text          0x0000000000829bc0       0xc0 lib/libmini.a(memset.o)
                0x0000000000829be0                memset
 .text.msgb_tailroom
                0x0000000000829c80       0x18 comm/libcomm.a(sercomm.o)
 .text.msgb_put
                0x0000000000829c98       0x50 comm/libcomm.a(sercomm.o)
 .text.sercomm_alloc_msgb
                0x0000000000829ce8       0x40 comm/libcomm.a(sercomm.o)
 .text.sercomm_bind_uart
                0x0000000000829d28       0x10 comm/libcomm.a(sercomm.o)
                0x0000000000829d28                sercomm_bind_uart
 .text.sercomm_get_uart
                0x0000000000829d38       0x10 comm/libcomm.a(sercomm.o)
                0x0000000000829d38                sercomm_get_uart
 .text.sercomm_register_rx_cb
                0x0000000000829d48       0x34 comm/libcomm.a(sercomm.o)
                0x0000000000829d48                sercomm_register_rx_cb
 .text.sercomm_init
                0x0000000000829d7c       0x4c comm/libcomm.a(sercomm.o)
                0x0000000000829d7c                sercomm_init
 .text.sercomm_initialized
                0x0000000000829dc8       0x10 comm/libcomm.a(sercomm.o)
                0x0000000000829dc8                sercomm_initialized
 .text.sercomm_drv_rx_char
                0x0000000000829dd8      0x17c comm/libcomm.a(sercomm.o)
                0x0000000000829dd8                sercomm_drv_rx_char
 .text.sercomm_drv_pull
                0x0000000000829f54      0x11c comm/libcomm.a(sercomm.o)
                0x0000000000829f54                sercomm_drv_pull
 .text.sercomm_tx_queue_depth
                0x000000000082a070       0x34 comm/libcomm.a(sercomm.o)
                0x000000000082a070                sercomm_tx_queue_depth
 .text.sercomm_sendmsg
                0x000000000082a0a4       0x94 comm/libcomm.a(sercomm.o)
                0x000000000082a0a4                sercomm_sendmsg
 .text.msgb_tailroom
                0x000000000082a138       0x18 comm/libcomm.a(sercomm_cons.o)
 .text.raw_puts
                0x000000000082a150       0x3c comm/libcomm.a(sercomm_cons.o)
 .text.sercomm_puts
                0x000000000082a18c      0x180 comm/libcomm.a(sercomm_cons.o)
                0x000000000082a18c                sercomm_puts
 .text.sercomm_putchar
                0x000000000082a30c       0x30 comm/libcomm.a(sercomm_cons.o)
                0x000000000082a30c                sercomm_putchar
 .text.osmo_timer_del
                0x000000000082a33c       0x4c comm/libcomm.a(timer.o)
                0x000000000082a33c                osmo_timer_del
 .text.timer_irq
                0x000000000082a388       0x18 comm/libcomm.a(timer.o)
 .text.timer_init
                0x000000000082a3a0       0x6c comm/libcomm.a(timer.o)
                0x000000000082a3a0                timer_init
 .text.osmo_timers_update
                0x000000000082a40c       0xe4 comm/libcomm.a(timer.o)
                0x000000000082a40c                osmo_timers_update
 .text.msgb_alloc
                0x000000000082a4f0       0x5c ../../shared/libosmocore/build-target/src/.libs/libosmocore.a(msgb.o)
                0x000000000082a4f0                msgb_alloc
 .text.msgb_free
                0x000000000082a54c        0x4 ../../shared/libosmocore/build-target/src/.libs/libosmocore.a(msgb.o)
                0x000000000082a54c                msgb_free
 .text.msgb_enqueue
                0x000000000082a550       0x18 ../../shared/libosmocore/build-target/src/.libs/libosmocore.a(msgb.o)
                0x000000000082a550                msgb_enqueue
 .text.msgb_dequeue
                0x000000000082a568       0x40 ../../shared/libosmocore/build-target/src/.libs/libosmocore.a(msgb.o)
                0x000000000082a568                msgb_dequeue
 .text._osmo_hexdump
                0x000000000082a5a8       0xa4 ../../shared/libosmocore/build-target/src/.libs/libosmocore.a(utils.o)
 .text.osmo_hexdump
                0x000000000082a64c       0x24 ../../shared/libosmocore/build-target/src/.libs/libosmocore.a(utils.o)
                0x000000000082a64c                osmo_hexdump
 .text.osmo_panic
                0x000000000082a670       0x58 ../../shared/libosmocore/build-target/src/.libs/libosmocore.a(panic.o)
                0x000000000082a670                osmo_panic
 .text.ms_pwr_dbm
                0x000000000082a6c8       0xbc ../../shared/libosmocore/build-target/src/gsm/.libs/libosmogsm.a(gsm_utils.o)
                0x000000000082a6c8                ms_pwr_dbm
 .text.rxlev2dbm
                0x000000000082a784       0x14 ../../shared/libosmocore/build-target/src/gsm/.libs/libosmogsm.a(gsm_utils.o)
                0x000000000082a784                rxlev2dbm
 .text.dbm2rxlev
                0x000000000082a798       0x20 ../../shared/libosmocore/build-target/src/gsm/.libs/libosmogsm.a(gsm_utils.o)
                0x000000000082a798                dbm2rxlev
 .text.gsm_arfcn2band
                0x000000000082a7b8       0xd8 ../../shared/libosmocore/build-target/src/gsm/.libs/libosmogsm.a(gsm_utils.o)
                0x000000000082a7b8                gsm_arfcn2band
 .text.gsm_arfcn2freq10
                0x000000000082a890      0x168 ../../shared/libosmocore/build-target/src/gsm/.libs/libosmogsm.a(gsm_utils.o)
                0x000000000082a890                gsm_arfcn2freq10
 .text.gsm_fn2gsmtime
                0x000000000082a9f8       0x5c ../../shared/libosmocore/build-target/src/gsm/.libs/libosmogsm.a(gsm_utils.o)
                0x000000000082a9f8                gsm_fn2gsmtime
 .text.gsm_gsmtime2fn
                0x000000000082aa54       0x40 ../../shared/libosmocore/build-target/src/gsm/.libs/libosmogsm.a(gsm_utils.o)
                0x000000000082aa54                gsm_gsmtime2fn
 .text.dsp_dump_version
                0x000000000082aa94       0x40 calypso/libcalypso.a(dsp.o)
                0x000000000082aa94                dsp_dump_version
 .text.dsp_upload_sections_api
                0x000000000082aad4       0x88 calypso/libcalypso.a(dsp.o)
 .text.dsp_api_memset
                0x000000000082ab5c       0x2c calypso/libcalypso.a(dsp.o)
                0x000000000082ab5c                dsp_api_memset
 .text.dsp_memcpy_to_api
                0x000000000082ab88       0x88 calypso/libcalypso.a(dsp.o)
                0x000000000082ab88                dsp_memcpy_to_api
 .text.dsp_memcpy_from_api
                0x000000000082ac10       0x8c calypso/libcalypso.a(dsp.o)
                0x000000000082ac10                dsp_memcpy_from_api
 .text.dsp_end_scenario
                0x000000000082ac9c       0x38 calypso/libcalypso.a(dsp.o)
                0x000000000082ac9c                dsp_end_scenario
 .text.dsp_load_rx_task
                0x000000000082acd4       0x2c calypso/libcalypso.a(dsp.o)
                0x000000000082acd4                dsp_load_rx_task
 .text.dsp_load_tx_task
                0x000000000082ad00       0x2c calypso/libcalypso.a(dsp.o)
                0x000000000082ad00                dsp_load_tx_task
 .text.dsp_load_tch_param
                0x000000000082ad2c       0xe4 calypso/libcalypso.a(dsp.o)
                0x000000000082ad2c                dsp_load_tch_param
 .text.dsp_load_ciph_param
                0x000000000082ae10       0x80 calypso/libcalypso.a(dsp.o)
                0x000000000082ae10                dsp_load_ciph_param
 .text.dsp_pre_boot
                0x000000000082ae90       0x90 calypso/libcalypso.a(dsp.o)
 .text.dsp_power_on
                0x000000000082af20      0x35c calypso/libcalypso.a(dsp.o)
                0x000000000082af20                dsp_power_on
 .text._talloc_zero
                0x000000000082b27c       0x9c comm/libcomm.a(msgb.o)
                0x000000000082b27c                _talloc_zero
 .text.talloc_free
                0x000000000082b318        0xc comm/libcomm.a(msgb.o)
                0x000000000082b318                talloc_free
 *(.ramtext*)
 *(.glue_7t)
 *(.glue_7)
 *(.vfp11_veneer)
 *(.v4_bx)
                0x000000000082b324                . = ALIGN (0x4)
                0x0000000000820088                PROVIDE (_text_start, LOADADDR (.text))
                0x000000000082b324                PROVIDE (_text_end, (LOADADDR (.text) + SIZEOF (.text)))

.ctors          0x000000000082b324       0x18
                0x000000000082b324        0x4 LONG 0x4 ((SIZEOF (.ctors) / 0x4) - 0x2)
 *(SORT(.ctors))
 .ctors         0x000000000082b328        0x4 layer1/liblayer1.a(prim_rach.o)
 .ctors         0x000000000082b32c        0x4 layer1/liblayer1.a(prim_tx_nb.o)
 .ctors         0x000000000082b330        0x4 layer1/liblayer1.a(prim_fbsb.o)
 .ctors         0x000000000082b334        0x4 layer1/liblayer1.a(prim_tch.o)
                0x000000000082b338        0x4 LONG 0x0
                0x000000000082b324                PROVIDE (_ctor_start, LOADADDR (.ctors))
                0x000000000082b33c                PROVIDE (_ctor_end, (LOADADDR (.ctors) + SIZEOF (.ctors)))

.dtors          0x000000000082b33c        0x8
                0x000000000082b33c        0x4 LONG 0x0 ((SIZEOF (.dtors) / 0x4) - 0x2)
 *(SORT(.dtors))
                0x000000000082b340        0x4 LONG 0x0
                0x000000000082b33c                PROVIDE (_dtor_start, LOADADDR (.dtors))
                0x000000000082b344                PROVIDE (_dtor_end, (LOADADDR (.dtors) + SIZEOF (.dtors)))
                0x000000000082b344                . = ALIGN (0x4)

.rodata         0x000000000082b344     0x2e31
 *(.rodata*)
 .rodata.str1.4
                0x000000000082b344       0xdb apps/layer1/main.o
                                         0xdc (size before relaxing)
 *fill*         0x000000000082b41f        0x1 00
 .rodata        0x000000000082b420       0x20 abb/twl3025.o
                0x000000000082b420                twl3025_default_ramp
 .rodata.str1.4
                0x000000000082b440       0x5d abb/twl3025.o
                                         0x60 (size before relaxing)
 *fill*         0x000000000082b49d        0x3 00
 .rodata.str1.4
                0x000000000082b4a0       0x19 rf/trf6151.o
                                         0x1c (size before relaxing)
 .rodata        0x000000000082b4b9        0x1 board/compal/rffe_dualband.o
                0x000000000082b4b9                system_inherent_gain
 *fill*         0x000000000082b4ba        0x2 00
 .rodata        0x000000000082b4bc       0x44 board/compal/rf_power.o
                0x000000000082b4c0                dbm2apc_gsm900
                0x000000000082b4bc                dbm2apc_gsm900_max
 .rodata        0x000000000082b500       0x17 board/compal_e99/init.o
 *fill*         0x000000000082b517        0x1 00
 .rodata        0x000000000082b518      0x4bc fb/helvR08.o
                0x000000000082b518                font_helvR08
 .rodata        0x000000000082b9d4      0x70c fb/helvB14.o
                0x000000000082b9d4                font_helvB14
 .rodata        0x000000000082c0e0      0x5b0 fb/c64.o
                0x000000000082c0e0                font_c64
 .rodata        0x000000000082c690       0x98 fb/symbols.o
                0x000000000082c690                font_symbols
 .rodata        0x000000000082c728       0x94 fb/fb_ssd1783.o
 .rodata.str1.4
                0x000000000082c7bc       0x27 fb/fb_ssd1783.o
                                         0x28 (size before relaxing)
 *fill*         0x000000000082c7e3        0x1 00
 .rodata.str1.4
                0x000000000082c7e4       0x4d calypso/libcalypso.a(clock.o)
                                         0x50 (size before relaxing)
 *fill*         0x000000000082c831        0x3 00
 .rodata.str1.4
                0x000000000082c834      0x133 calypso/libcalypso.a(sim.o)
                                        0x134 (size before relaxing)
 *fill*         0x000000000082c967        0x1 00
 .rodata.str1.4
                0x000000000082c968       0x7a calypso/libcalypso.a(tpu.o)
                                         0x7c (size before relaxing)
 *fill*         0x000000000082c9e2        0x2 00
 .rodata.str1.4
                0x000000000082c9e4       0x1f calypso/libcalypso.a(keypad.o)
                                         0x20 (size before relaxing)
 *fill*         0x000000000082ca03        0x1 00
 .rodata.str1.4
                0x000000000082ca04      0x10d calypso/libcalypso.a(misc.o)
                                        0x118 (size before relaxing)
 *fill*         0x000000000082cb11        0x3 00
 .rodata.str1.4
                0x000000000082cb14       0x21 calypso/libcalypso.a(timer.o)
                                         0x24 (size before relaxing)
 *fill*         0x000000000082cb35        0x1 00
 .rodata        0x000000000082cb36       0x10 calypso/libcalypso.a(uart.o)
 *fill*         0x000000000082cb46        0x2 00
 .rodata.str1.4
                0x000000000082cb48       0x6d calypso/libcalypso.a(uart.o)
                                         0x70 (size before relaxing)
 *fill*         0x000000000082cbb5        0x3 00
 .rodata.str1.4
                0x000000000082cbb8      0x33e layer1/liblayer1.a(l23_api.o)
                                        0x378 (size before relaxing)
 *fill*         0x000000000082cef6        0x2 00
 .rodata        0x000000000082cef8      0x6f0 layer1/liblayer1.a(mframe_sched.o)
 .rodata        0x000000000082d5e8       0x90 layer1/liblayer1.a(prim_pm.o)
                0x000000000082d5e8                neigh_pm_sched_set
 .rodata.str1.4
                0x000000000082d678       0x39 layer1/liblayer1.a(prim_pm.o)
                                         0x70 (size before relaxing)
 *fill*         0x000000000082d6b1        0x3 00
 .rodata        0x000000000082d6b4       0x48 layer1/liblayer1.a(prim_rach.o)
                0x000000000082d6b4                rach_sched_set_ul
 .rodata        0x000000000082d6fc       0xb4 layer1/liblayer1.a(prim_tx_nb.o)
                0x000000000082d6fc                nb_sched_set_ul
 .rodata        0x000000000082d7b0       0xb4 layer1/liblayer1.a(prim_rx_nb.o)
                0x000000000082d7b0                nb_sched_set
 .rodata.str1.4
                0x000000000082d864       0x5f layer1/liblayer1.a(prim_rx_nb.o)
                                         0x94 (size before relaxing)
 *fill*         0x000000000082d8c3        0x1 00
 .rodata        0x000000000082d8c4      0x1c8 layer1/liblayer1.a(prim_fbsb.o)
 .rodata.str1.4
                0x000000000082da8c      0x19a layer1/liblayer1.a(prim_fbsb.o)
                                        0x1d0 (size before relaxing)
 *fill*         0x000000000082dc26        0x2 00
 .rodata        0x000000000082dc28       0x18 layer1/liblayer1.a(prim_freq.o)
                0x000000000082dc28                freq_sched_set
 .rodata.str1.4
                0x000000000082dc40       0x67 layer1/liblayer1.a(prim_freq.o)
                                         0x68 (size before relaxing)
 .rodata        0x000000000082dca7       0x17 layer1/liblayer1.a(prim_utils.o)
 *fill*         0x000000000082dcbe        0x2 00
 .rodata        0x000000000082dcc0       0xd8 layer1/liblayer1.a(prim_tch.o)
                0x000000000082dd08                tch_d_sched_set
                0x000000000082dcc0                tch_a_sched_set
                0x000000000082dd50                tch_sched_set
 .rodata.str1.4
                0x000000000082dd98       0x72 layer1/liblayer1.a(prim_tch.o)
                                         0xa8 (size before relaxing)
 *fill*         0x000000000082de0a        0x2 00
 .rodata.str1.4
                0x000000000082de0c       0x2f layer1/liblayer1.a(toa.o)
                                         0x30 (size before relaxing)
 *fill*         0x000000000082de3b        0x1 00
 .rodata.str1.4
                0x000000000082de3c       0x4a layer1/liblayer1.a(sync.o)
                                         0x4c (size before relaxing)
 *fill*         0x000000000082de86        0x2 00
 .rodata.str1.4
                0x000000000082de88       0x60 layer1/liblayer1.a(tdma_sched.o)
 .rodata        0x000000000082dee8        0xc layer1/liblayer1.a(tpu_window.o)
 .rodata        0x000000000082def4       0x50 lib/libmini.a(vsprintf.o)
 .rodata.str1.4
                0x000000000082df44        0xb comm/libcomm.a(sercomm.o)
                                         0x74 (size before relaxing)
 .rodata.str1.4
                0x000000000082df4f        0x0 comm/libcomm.a(sercomm_cons.o)
                                         0x40 (size before relaxing)
 *fill*         0x000000000082df4f        0x1 00
 .rodata.str1.4
                0x000000000082df50       0x17 ../../shared/libosmocore/build-target/src/.libs/libosmocore.a(utils.o)
                                         0x20 (size before relaxing)
 *fill*         0x000000000082df67        0x1 00
 .rodata.str1.4
                0x000000000082df68      0x1f2 calypso/libcalypso.a(dsp.o)
                                        0x1f8 (size before relaxing)
 *fill*         0x000000000082e15a        0x2 00
 .rodata.str1.4
                0x000000000082e15c       0x19 comm/libcomm.a(msgb.o)
                                         0x1c (size before relaxing)
                0x000000000082b344                PROVIDE (_rodata_start, LOADADDR (.rodata))
                0x000000000082e175                PROVIDE (_rodata_end, (LOADADDR (.rodata) + SIZEOF (.rodata)))
                0x000000000082e178                . = ALIGN (0x4)

.data           0x000000000082e178      0x53c
 *(.data)
 .data          0x000000000082e178        0x4 apps/layer1/main.o
                0x000000000082e178                hr
 .data          0x000000000082e17c       0x1c rf/trf6151.o
                0x000000000082e17c                rf_arfcn
 .data          0x000000000082e198       0x10 fb/font.o
                0x000000000082e198                fb_fonts
 .data          0x000000000082e1a8       0x48 fb/fb_ssd1783.o
                0x000000000082e1a8                fb_rgb332
                0x000000000082e1b8                framebuffer
 .data          0x000000000082e1f0       0x15 calypso/libcalypso.a(irq.o)
 *fill*         0x000000000082e205        0x3 00
 .data          0x000000000082e208        0x4 calypso/libcalypso.a(tpu.o)
 .data          0x000000000082e20c        0x8 layer1/liblayer1.a(l23_api.o)
 .data          0x000000000082e214       0x80 layer1/liblayer1.a(mframe_sched.o)
 .data          0x000000000082e294       0x10 layer1/liblayer1.a(sched_gsmtime.o)
 .data          0x000000000082e2a4       0x4e layer1/liblayer1.a(prim_rach.o)
 *fill*         0x000000000082e2f2        0x2 00
 .data          0x000000000082e2f4        0x4 layer1/liblayer1.a(prim_fbsb.o)
 .data          0x000000000082e2f8       0x17 layer1/liblayer1.a(prim_utils.o)
 *fill*         0x000000000082e30f        0x1 00
 .data          0x000000000082e310       0x18 layer1/liblayer1.a(afc.o)
 .data          0x000000000082e328       0x14 layer1/liblayer1.a(toa.o)
 .data          0x000000000082e33c       0x72 layer1/liblayer1.a(rfch.o)
 .data          0x000000000082e3ae      0x100 lib/libmini.a(ctype.o)
                0x000000000082e3ae                _ctype
 *fill*         0x000000000082e4ae        0x2 00
 .data          0x000000000082e4b0        0x8 comm/libcomm.a(timer.o)
 .data          0x000000000082e4b8      0x1fc calypso/libcalypso.a(dsp.o)
                0x000000000082e4b8                dsp_api
                0x000000000082e178                PROVIDE (_data_start, LOADADDR (.data))
                0x000000000082e6b4                PROVIDE (_data_end, (LOADADDR (.data) + SIZEOF (.data)))
                0x000000000082e6b4                . = ALIGN (0x4)

.got            0x000000000082e6b4       0x18
 *(.got)
 .got           0x000000000082e6b4        0xc ../../shared/libosmocore/build-target/src/.libs/libosmocore.a(msgb.o)
 *(.got.plt)
 .got.plt       0x000000000082e6c0        0xc ../../shared/libosmocore/build-target/src/.libs/libosmocore.a(msgb.o)
                0x000000000082e6c0                _GLOBAL_OFFSET_TABLE_
 *(.igot.plt)
 *(.got)
 *(.igot)
                0x000000000082e6b4                PROVIDE (_got_start, LOADADDR (.got))
                0x000000000082e6cc                PROVIDE (_got_end, (LOADADDR (.got) + SIZEOF (.got)))

.bss            0x000000000082e6cc     0x7fb8
                0x000000000082e6cc                . = ALIGN (0x4)
                0x000000000082e6cc                __bss_start = .
 *(.bss)
 .bss           0x000000000082e6cc        0x4 apps/layer1/main.o
 .bss           0x000000000082e6d0        0x4 abb/twl3025.o
 .bss           0x000000000082e6d4        0x4 rf/trf6151.o
 .bss           0x000000000082e6d8     0x19a6 fb/fb_ssd1783.o
 *fill*         0x000000000083007e        0x2 00
 .bss           0x0000000000830080       0x80 calypso/libcalypso.a(irq.o)
 .bss           0x0000000000830100        0x4 calypso/libcalypso.a(rtc.o)
 .bss           0x0000000000830104      0x138 calypso/libcalypso.a(sim.o)
 .bss           0x000000000083023c        0x2 calypso/libcalypso.a(tsp.o)
 *fill*         0x000000000083023e        0x2 00
 .bss           0x0000000000830240       0x24 calypso/libcalypso.a(keypad.o)
                0x0000000000830240                power_hold
                0x0000000000830244                lastbuttons
 .bss           0x0000000000830264        0x1 calypso/libcalypso.a(uart.o)
 *fill*         0x0000000000830265        0x3 00
 .bss           0x0000000000830268        0x4 layer1/liblayer1.a(l23_api.o)
                0x0000000000830268                l1a_l23_tx_cb
 .bss           0x000000000083026c      0x140 layer1/liblayer1.a(sched_gsmtime.o)
 .bss           0x00000000008303ac        0x4 layer1/liblayer1.a(prim_tx_nb.o)
 .bss           0x00000000008303b0       0x2c layer1/liblayer1.a(prim_rx_nb.o)
 .bss           0x00000000008303dc       0x34 layer1/liblayer1.a(prim_fbsb.o)
 .bss           0x0000000000830410       0x78 layer1/liblayer1.a(prim_tch.o)
 .bss           0x0000000000830488        0x4 layer1/liblayer1.a(sync.o)
 .bss           0x000000000083048c      0x400 lib/libmini.a(printf.o)
 .bss           0x000000000083088c     0x1010 lib/libmini.a(console.o)
 .bss           0x000000000083189c      0x62c comm/libcomm.a(sercomm.o)
 .bss           0x0000000000831ec8        0x4 comm/libcomm.a(sercomm_cons.o)
 .bss           0x0000000000831ecc     0x10ff ../../shared/libosmocore/build-target/src/.libs/libosmocore.a(utils.o)
 *fill*         0x0000000000832fcb        0x1 00
 .bss           0x0000000000832fcc        0x4 ../../shared/libosmocore/build-target/src/.libs/libosmocore.a(panic.o)
 .bss           0x0000000000832fd0        0x4 calypso/libcalypso.a(dsp.o)
 .bss           0x0000000000832fd4     0x2980 comm/libcomm.a(msgb.o)
 COMMON         0x0000000000835954        0x8 layer1/liblayer1.a(prim_rach.o)
                0x0000000000835954                last_rach
 COMMON         0x000000000083595c      0xd20 layer1/liblayer1.a(sync.o)
                0x000000000083595c                l1s
 COMMON         0x000000000083667c        0x4 comm/libcomm.a(timer.o)
                0x000000000083667c                jiffies
 COMMON         0x0000000000836680        0x4 ../../shared/libosmocore/build-target/src/.libs/libosmocore.a(msgb.o)
                0x0000000000836680                tall_msgb_ctx
                0x0000000000836684                . = ALIGN (0x4)
                0x0000000000836684                __bss_end = .
                0x000000000082e6cc                PROVIDE (_bss_start, __bss_start)
                0x0000000000836684                PROVIDE (_bss_end, __bss_end)
                0x0000000000836684                . = ALIGN (0x4)
                0x0000000000836684                _end = .
                0x0000000000836684                PROVIDE (end, .)

.rel.dyn
START GROUP
LOAD apps/layer1/main.o
LOAD abb/twl3025.o
LOAD rf/trf6151.o
LOAD flash/cfi_flash.o
LOAD board/common/calypso_uart.o
LOAD board/common/calypso_pwl.o
LOAD board/compal/rffe_dualband.o
LOAD board/compal/rf_power.o
LOAD board/compal_e99/init.o
LOAD battery/dummy.o
LOAD fb/framebuffer.o
LOAD fb/font.o
LOAD fb/helvR08.o
LOAD fb/helvB14.o
LOAD fb/c64.o
LOAD fb/symbols.o
LOAD fb/fb_rgb332.o
LOAD fb/fb_ssd1783.o
LOAD board/compal/start.ram.o
LOAD board/compal/exceptions_redirected.o
LOAD board/compal/handlers.o
LOAD board/compal_e99/layer1.highram.manifest.o
LOAD calypso/libcalypso.a
LOAD layer1/liblayer1.a
LOAD lib/libmini.a
LOAD comm/libcomm.a
LOAD ../../shared/libosmocore/build-target/src/.libs/libosmocore.a
LOAD ../../shared/libosmocore/build-target/src/gsm/.libs/libosmogsm.a
END GROUP
OUTPUT(board/compal_e99/layer1.highram.elf elf32-littlearm)

.debug_abbrev   0x0000000000000000     0x67ff
 .debug_abbrev  0x0000000000000000      0x1c8 apps/layer1/main.o
 .debug_abbrev  0x00000000000001c8      0x279 abb/twl3025.o
 .debug_abbrev  0x0000000000000441      0x250 rf/trf6151.o
 .debug_abbrev  0x0000000000000691      0x27d flash/cfi_flash.o
 .debug_abbrev  0x000000000000090e       0xf5 board/compal/rffe_dualband.o
 .debug_abbrev  0x0000000000000a03       0x61 board/compal/rf_power.o
 .debug_abbrev  0x0000000000000a64      0x14d board/compal_e99/init.o
 .debug_abbrev  0x0000000000000bb1       0x75 battery/dummy.o
 .debug_abbrev  0x0000000000000c26       0xc0 fb/framebuffer.o
 .debug_abbrev  0x0000000000000ce6       0xe2 fb/font.o
 .debug_abbrev  0x0000000000000dc8       0xaf fb/helvR08.o
 .debug_abbrev  0x0000000000000e77       0xaf fb/helvB14.o
 .debug_abbrev  0x0000000000000f26       0xaf fb/c64.o
 .debug_abbrev  0x0000000000000fd5       0x97 fb/symbols.o
 .debug_abbrev  0x000000000000106c      0x245 fb/fb_rgb332.o
 .debug_abbrev  0x00000000000012b1      0x1a2 fb/fb_ssd1783.o
 .debug_abbrev  0x0000000000001453       0x40 board/compal_e99/layer1.highram.manifest.o
 .debug_abbrev  0x0000000000001493      0x137 calypso/libcalypso.a(clock.o)
 .debug_abbrev  0x00000000000015ca       0x25 calypso/libcalypso.a(dma.o)
 .debug_abbrev  0x00000000000015ef      0x196 calypso/libcalypso.a(irq.o)
 .debug_abbrev  0x0000000000001785       0x86 calypso/libcalypso.a(rtc.o)
 .debug_abbrev  0x000000000000180b      0x2cd calypso/libcalypso.a(sim.o)
 .debug_abbrev  0x0000000000001ad8       0xbf calypso/libcalypso.a(spi.o)
 .debug_abbrev  0x0000000000001b97      0x222 calypso/libcalypso.a(tpu.o)
 .debug_abbrev  0x0000000000001db9       0xe1 calypso/libcalypso.a(tsp.o)
 .debug_abbrev  0x0000000000001e9a      0x145 calypso/libcalypso.a(keypad.o)
 .debug_abbrev  0x0000000000001fdf       0xa4 calypso/libcalypso.a(misc.o)
 .debug_abbrev  0x0000000000002083       0xfd calypso/libcalypso.a(timer.o)
 .debug_abbrev  0x0000000000002180       0x8c calypso/libcalypso.a(backlight.o)
 .debug_abbrev  0x000000000000220c      0x1dc calypso/libcalypso.a(uart.o)
 .debug_abbrev  0x00000000000023e8       0xef calypso/libcalypso.a(uwire.o)
 .debug_abbrev  0x00000000000024d7       0x74 calypso/libcalypso.a(arm.o)
 .debug_abbrev  0x000000000000254b       0x55 layer1/liblayer1.a(init.o)
 .debug_abbrev  0x00000000000025a0      0x3e7 layer1/liblayer1.a(l23_api.o)
 .debug_abbrev  0x0000000000002987      0x26c layer1/liblayer1.a(mframe_sched.o)
 .debug_abbrev  0x0000000000002bf3      0x1cf layer1/liblayer1.a(sched_gsmtime.o)
 .debug_abbrev  0x0000000000002dc2      0x214 layer1/liblayer1.a(async.o)
 .debug_abbrev  0x0000000000002fd6      0x2e2 layer1/liblayer1.a(prim_pm.o)
 .debug_abbrev  0x00000000000032b8      0x2b0 layer1/liblayer1.a(prim_rach.o)
 .debug_abbrev  0x0000000000003568      0x2de layer1/liblayer1.a(prim_tx_nb.o)
 .debug_abbrev  0x0000000000003846      0x297 layer1/liblayer1.a(prim_rx_nb.o)
 .debug_abbrev  0x0000000000003add      0x39e layer1/liblayer1.a(prim_fbsb.o)
 .debug_abbrev  0x0000000000003e7b      0x1d6 layer1/liblayer1.a(prim_freq.o)
 .debug_abbrev  0x0000000000004051      0x18f layer1/liblayer1.a(prim_utils.o)
 .debug_abbrev  0x00000000000041e0      0x39a layer1/liblayer1.a(prim_tch.o)
 .debug_abbrev  0x000000000000457a       0x9e layer1/liblayer1.a(agc.o)
 .debug_abbrev  0x0000000000004618      0x188 layer1/liblayer1.a(afc.o)
 .debug_abbrev  0x00000000000047a0      0x1b2 layer1/liblayer1.a(toa.o)
 .debug_abbrev  0x0000000000004952      0x360 layer1/liblayer1.a(sync.o)
 .debug_abbrev  0x0000000000004cb2      0x279 layer1/liblayer1.a(tdma_sched.o)
 .debug_abbrev  0x0000000000004f2b      0x261 layer1/liblayer1.a(tpu_window.o)
 .debug_abbrev  0x000000000000518c      0x20d layer1/liblayer1.a(rfch.o)
 .debug_abbrev  0x0000000000005399       0xc6 layer1/liblayer1.a(apc.o)
 .debug_abbrev  0x000000000000545f       0xe2 layer1/liblayer1.a(avg.o)
 .debug_abbrev  0x0000000000005541      0x25a lib/libmini.a(vsprintf.o)
 .debug_abbrev  0x000000000000579b       0xa8 lib/libmini.a(string.o)
 .debug_abbrev  0x0000000000005843       0x42 lib/libmini.a(ctype.o)
 .debug_abbrev  0x0000000000005885       0xb6 lib/libmini.a(printf.o)
 .debug_abbrev  0x000000000000593b      0x1e4 lib/libmini.a(console.o)
 .debug_abbrev  0x0000000000005b1f       0x81 lib/libmini.a(ctors.o)
 .debug_abbrev  0x0000000000005ba0       0x6c lib/libmini.a(delay.o)
 .debug_abbrev  0x0000000000005c0c      0x2ab comm/libcomm.a(sercomm.o)
 .debug_abbrev  0x0000000000005eb7      0x24f comm/libcomm.a(sercomm_cons.o)
 .debug_abbrev  0x0000000000006106      0x1f9 comm/libcomm.a(timer.o)
 .debug_abbrev  0x00000000000062ff      0x370 calypso/libcalypso.a(dsp.o)
 .debug_abbrev  0x000000000000666f      0x190 comm/libcomm.a(msgb.o)

.debug_info     0x0000000000000000    0x21265
 .debug_info    0x0000000000000000      0x58f apps/layer1/main.o
 .debug_info    0x000000000000058f      0x567 abb/twl3025.o
 .debug_info    0x0000000000000af6      0x892 rf/trf6151.o
 .debug_info    0x0000000000001388      0xafd flash/cfi_flash.o
 .debug_info    0x0000000000001e85      0x275 board/compal/rffe_dualband.o
 .debug_info    0x00000000000020fa       0xc3 board/compal/rf_power.o
 .debug_info    0x00000000000021bd      0x293 board/compal_e99/init.o
 .debug_info    0x0000000000002450       0xc2 battery/dummy.o
 .debug_info    0x0000000000002512      0x1ee fb/framebuffer.o
 .debug_info    0x0000000000002700      0x23a fb/font.o
 .debug_info    0x000000000000293a      0x186 fb/helvR08.o
 .debug_info    0x0000000000002ac0      0x186 fb/helvB14.o
 .debug_info    0x0000000000002c46      0x186 fb/c64.o
 .debug_info    0x0000000000002dcc      0x183 fb/symbols.o
 .debug_info    0x0000000000002f4f      0x7f3 fb/fb_rgb332.o
 .debug_info    0x0000000000003742      0x477 fb/fb_ssd1783.o
 .debug_info    0x0000000000003bb9       0x80 board/compal_e99/layer1.highram.manifest.o
 .debug_info    0x0000000000003c39      0x402 calypso/libcalypso.a(clock.o)
 .debug_info    0x000000000000403b       0x32 calypso/libcalypso.a(dma.o)
 .debug_info    0x000000000000406d      0x41f calypso/libcalypso.a(irq.o)
 .debug_info    0x000000000000448c      0x14c calypso/libcalypso.a(rtc.o)
 .debug_info    0x00000000000045d8      0x7f0 calypso/libcalypso.a(sim.o)
 .debug_info    0x0000000000004dc8      0x132 calypso/libcalypso.a(spi.o)
 .debug_info    0x0000000000004efa      0x451 calypso/libcalypso.a(tpu.o)
 .debug_info    0x000000000000534b      0x2a9 calypso/libcalypso.a(tsp.o)
 .debug_info    0x00000000000055f4      0x427 calypso/libcalypso.a(keypad.o)
 .debug_info    0x0000000000005a1b      0x110 calypso/libcalypso.a(misc.o)
 .debug_info    0x0000000000005b2b      0x290 calypso/libcalypso.a(timer.o)
 .debug_info    0x0000000000005dbb       0xd0 calypso/libcalypso.a(backlight.o)
 .debug_info    0x0000000000005e8b      0x689 calypso/libcalypso.a(uart.o)
 .debug_info    0x0000000000006514      0x1ae calypso/libcalypso.a(uwire.o)
 .debug_info    0x00000000000066c2       0x8b calypso/libcalypso.a(arm.o)
 .debug_info    0x000000000000674d       0x9d layer1/liblayer1.a(init.o)
 .debug_info    0x00000000000067ea     0x1cfa layer1/liblayer1.a(l23_api.o)
 .debug_info    0x00000000000084e4      0xe57 layer1/liblayer1.a(mframe_sched.o)
 .debug_info    0x000000000000933b      0x54a layer1/liblayer1.a(sched_gsmtime.o)
 .debug_info    0x0000000000009885      0xba0 layer1/liblayer1.a(async.o)
 .debug_info    0x000000000000a425     0x1e58 layer1/liblayer1.a(prim_pm.o)
 .debug_info    0x000000000000c27d     0x1c7a layer1/liblayer1.a(prim_rach.o)
 .debug_info    0x000000000000def7     0x1c17 layer1/liblayer1.a(prim_tx_nb.o)
 .debug_info    0x000000000000fb0e     0x1e61 layer1/liblayer1.a(prim_rx_nb.o)
 .debug_info    0x000000000001196f     0x217b layer1/liblayer1.a(prim_fbsb.o)
 .debug_info    0x0000000000013aea      0x92b layer1/liblayer1.a(prim_freq.o)
 .debug_info    0x0000000000014415      0x8c9 layer1/liblayer1.a(prim_utils.o)
 .debug_info    0x0000000000014cde     0x25db layer1/liblayer1.a(prim_tch.o)
 .debug_info    0x00000000000172b9      0x113 layer1/liblayer1.a(agc.o)
 .debug_info    0x00000000000173cc     0x1429 layer1/liblayer1.a(afc.o)
 .debug_info    0x00000000000187f5      0x859 layer1/liblayer1.a(toa.o)
 .debug_info    0x000000000001904e     0x1ee9 layer1/liblayer1.a(sync.o)
 .debug_info    0x000000000001af37      0xb31 layer1/liblayer1.a(tdma_sched.o)
 .debug_info    0x000000000001ba68      0xa1b layer1/liblayer1.a(tpu_window.o)
 .debug_info    0x000000000001c483      0x8c6 layer1/liblayer1.a(rfch.o)
 .debug_info    0x000000000001cd49      0x184 layer1/liblayer1.a(apc.o)
 .debug_info    0x000000000001cecd      0x187 layer1/liblayer1.a(avg.o)
 .debug_info    0x000000000001d054      0xa94 lib/libmini.a(vsprintf.o)
 .debug_info    0x000000000001dae8      0x11d lib/libmini.a(string.o)
 .debug_info    0x000000000001dc05       0x56 lib/libmini.a(ctype.o)
 .debug_info    0x000000000001dc5b       0xfe lib/libmini.a(printf.o)
 .debug_info    0x000000000001dd59      0x383 lib/libmini.a(console.o)
 .debug_info    0x000000000001e0dc       0x98 lib/libmini.a(ctors.o)
 .debug_info    0x000000000001e174       0x8e lib/libmini.a(delay.o)
 .debug_info    0x000000000001e202      0x81a comm/libcomm.a(sercomm.o)
 .debug_info    0x000000000001ea1c      0x50e comm/libcomm.a(sercomm_cons.o)
 .debug_info    0x000000000001ef2a      0x57d comm/libcomm.a(timer.o)
 .debug_info    0x000000000001f4a7     0x1a9f calypso/libcalypso.a(dsp.o)
 .debug_info    0x0000000000020f46      0x31f comm/libcomm.a(msgb.o)

.debug_line     0x0000000000000000     0x6930
 .debug_line    0x0000000000000000      0x1d9 apps/layer1/main.o
 .debug_line    0x00000000000001d9      0x2c4 abb/twl3025.o
 .debug_line    0x000000000000049d      0x329 rf/trf6151.o
 .debug_line    0x00000000000007c6      0x221 flash/cfi_flash.o
 .debug_line    0x00000000000009e7      0x182 board/compal/rffe_dualband.o
 .debug_line    0x0000000000000b69       0x90 board/compal/rf_power.o
 .debug_line    0x0000000000000bf9      0x131 board/compal_e99/init.o
 .debug_line    0x0000000000000d2a       0x59 battery/dummy.o
 .debug_line    0x0000000000000d83       0x9b fb/framebuffer.o
 .debug_line    0x0000000000000e1e       0xb2 fb/font.o
 .debug_line    0x0000000000000ed0       0x9a fb/helvR08.o
 .debug_line    0x0000000000000f6a       0x9a fb/helvB14.o
 .debug_line    0x0000000000001004       0x96 fb/c64.o
 .debug_line    0x000000000000109a       0x9a fb/symbols.o
 .debug_line    0x0000000000001134      0x252 fb/fb_rgb332.o
 .debug_line    0x0000000000001386      0x12a fb/fb_ssd1783.o
 .debug_line    0x00000000000014b0       0x2e board/compal_e99/layer1.highram.manifest.o
 .debug_line    0x00000000000014de      0x196 calypso/libcalypso.a(clock.o)
 .debug_line    0x0000000000001674       0x3c calypso/libcalypso.a(dma.o)
 .debug_line    0x00000000000016b0      0x17d calypso/libcalypso.a(irq.o)
 .debug_line    0x000000000000182d       0x6c calypso/libcalypso.a(rtc.o)
 .debug_line    0x0000000000001899      0x32f calypso/libcalypso.a(sim.o)
 .debug_line    0x0000000000001bc8       0xd5 calypso/libcalypso.a(spi.o)
 .debug_line    0x0000000000001c9d      0x250 calypso/libcalypso.a(tpu.o)
 .debug_line    0x0000000000001eed      0x177 calypso/libcalypso.a(tsp.o)
 .debug_line    0x0000000000002064      0x189 calypso/libcalypso.a(keypad.o)
 .debug_line    0x00000000000021ed       0x78 calypso/libcalypso.a(misc.o)
 .debug_line    0x0000000000002265      0x159 calypso/libcalypso.a(timer.o)
 .debug_line    0x00000000000023be       0xc2 calypso/libcalypso.a(backlight.o)
 .debug_line    0x0000000000002480      0x285 calypso/libcalypso.a(uart.o)
 .debug_line    0x0000000000002705       0xe2 calypso/libcalypso.a(uwire.o)
 .debug_line    0x00000000000027e7       0x49 calypso/libcalypso.a(arm.o)
 .debug_line    0x0000000000002830       0x68 layer1/liblayer1.a(init.o)
 .debug_line    0x0000000000002898      0x443 layer1/liblayer1.a(l23_api.o)
 .debug_line    0x0000000000002cdb      0x1f2 layer1/liblayer1.a(mframe_sched.o)
 .debug_line    0x0000000000002ecd      0x1e1 layer1/liblayer1.a(sched_gsmtime.o)
 .debug_line    0x00000000000030ae      0x21d layer1/liblayer1.a(async.o)
 .debug_line    0x00000000000032cb      0x2d6 layer1/liblayer1.a(prim_pm.o)
 .debug_line    0x00000000000035a1      0x217 layer1/liblayer1.a(prim_rach.o)
 .debug_line    0x00000000000037b8      0x22d layer1/liblayer1.a(prim_tx_nb.o)
 .debug_line    0x00000000000039e5      0x2b3 layer1/liblayer1.a(prim_rx_nb.o)
 .debug_line    0x0000000000003c98      0x44d layer1/liblayer1.a(prim_fbsb.o)
 .debug_line    0x00000000000040e5      0x198 layer1/liblayer1.a(prim_freq.o)
 .debug_line    0x000000000000427d      0x185 layer1/liblayer1.a(prim_utils.o)
 .debug_line    0x0000000000004402      0x497 layer1/liblayer1.a(prim_tch.o)
 .debug_line    0x0000000000004899       0xc2 layer1/liblayer1.a(agc.o)
 .debug_line    0x000000000000495b      0x149 layer1/liblayer1.a(afc.o)
 .debug_line    0x0000000000004aa4      0x180 layer1/liblayer1.a(toa.o)
 .debug_line    0x0000000000004c24      0x3a8 layer1/liblayer1.a(sync.o)
 .debug_line    0x0000000000004fcc      0x23e layer1/liblayer1.a(tdma_sched.o)
 .debug_line    0x000000000000520a      0x272 layer1/liblayer1.a(tpu_window.o)
 .debug_line    0x000000000000547c      0x195 layer1/liblayer1.a(rfch.o)
 .debug_line    0x0000000000005611       0xef layer1/liblayer1.a(apc.o)
 .debug_line    0x0000000000005700       0xd0 layer1/liblayer1.a(avg.o)
 .debug_line    0x00000000000057d0      0x38f lib/libmini.a(vsprintf.o)
 .debug_line    0x0000000000005b5f       0xa4 lib/libmini.a(string.o)
 .debug_line    0x0000000000005c03       0x29 lib/libmini.a(ctype.o)
 .debug_line    0x0000000000005c2c       0x82 lib/libmini.a(printf.o)
 .debug_line    0x0000000000005cae      0x122 lib/libmini.a(console.o)
 .debug_line    0x0000000000005dd0       0x3b lib/libmini.a(ctors.o)
 .debug_line    0x0000000000005e0b       0x4e lib/libmini.a(delay.o)
 .debug_line    0x0000000000005e59      0x2c0 comm/libcomm.a(sercomm.o)
 .debug_line    0x0000000000006119      0x191 comm/libcomm.a(sercomm_cons.o)
 .debug_line    0x00000000000062aa      0x177 comm/libcomm.a(timer.o)
 .debug_line    0x0000000000006421      0x40a calypso/libcalypso.a(dsp.o)
 .debug_line    0x000000000000682b      0x105 comm/libcomm.a(msgb.o)

.debug_frame    0x0000000000000000     0x25a0
 .debug_frame   0x0000000000000000       0x7c apps/layer1/main.o
 .debug_frame   0x000000000000007c      0x1b0 abb/twl3025.o
 .debug_frame   0x000000000000022c      0x1a4 rf/trf6151.o
 .debug_frame   0x00000000000003d0       0xd8 flash/cfi_flash.o
 .debug_frame   0x00000000000004a8       0xbc board/compal/rffe_dualband.o
 .debug_frame   0x0000000000000564       0x30 board/compal_e99/init.o
 .debug_frame   0x0000000000000594       0x20 battery/dummy.o
 .debug_frame   0x00000000000005b4       0x20 fb/font.o
 .debug_frame   0x00000000000005d4      0x100 fb/fb_rgb332.o
 .debug_frame   0x00000000000006d4       0x68 fb/fb_ssd1783.o
 .debug_frame   0x000000000000073c       0xc0 calypso/libcalypso.a(clock.o)
 .debug_frame   0x00000000000007fc       0x20 calypso/libcalypso.a(dma.o)
 .debug_frame   0x000000000000081c       0xb8 calypso/libcalypso.a(irq.o)
 .debug_frame   0x00000000000008d4       0x38 calypso/libcalypso.a(rtc.o)
 .debug_frame   0x000000000000090c      0x120 calypso/libcalypso.a(sim.o)
 .debug_frame   0x0000000000000a2c       0x3c calypso/libcalypso.a(spi.o)
 .debug_frame   0x0000000000000a68      0x150 calypso/libcalypso.a(tpu.o)
 .debug_frame   0x0000000000000bb8       0xc0 calypso/libcalypso.a(tsp.o)
 .debug_frame   0x0000000000000c78       0xa0 calypso/libcalypso.a(keypad.o)
 .debug_frame   0x0000000000000d18       0x5c calypso/libcalypso.a(misc.o)
 .debug_frame   0x0000000000000d74       0xa0 calypso/libcalypso.a(timer.o)
 .debug_frame   0x0000000000000e14       0x30 calypso/libcalypso.a(backlight.o)
 .debug_frame   0x0000000000000e44      0x174 calypso/libcalypso.a(uart.o)
 .debug_frame   0x0000000000000fb8       0x30 calypso/libcalypso.a(uwire.o)
 .debug_frame   0x0000000000000fe8       0x30 calypso/libcalypso.a(arm.o)
 .debug_frame   0x0000000000001018       0x28 layer1/liblayer1.a(init.o)
 .debug_frame   0x0000000000001040      0x128 layer1/liblayer1.a(l23_api.o)
 .debug_frame   0x0000000000001168       0x84 layer1/liblayer1.a(mframe_sched.o)
 .debug_frame   0x00000000000011ec       0xb8 layer1/liblayer1.a(sched_gsmtime.o)
 .debug_frame   0x00000000000012a4       0xec layer1/liblayer1.a(async.o)
 .debug_frame   0x0000000000001390       0xdc layer1/liblayer1.a(prim_pm.o)
 .debug_frame   0x000000000000146c       0x8c layer1/liblayer1.a(prim_rach.o)
 .debug_frame   0x00000000000014f8       0x94 layer1/liblayer1.a(prim_tx_nb.o)
 .debug_frame   0x000000000000158c       0x84 layer1/liblayer1.a(prim_rx_nb.o)
 .debug_frame   0x0000000000001610      0x15c layer1/liblayer1.a(prim_fbsb.o)
 .debug_frame   0x000000000000176c       0x44 layer1/liblayer1.a(prim_freq.o)
 .debug_frame   0x00000000000017b0       0x40 layer1/liblayer1.a(prim_utils.o)
 .debug_frame   0x00000000000017f0      0x170 layer1/liblayer1.a(prim_tch.o)
 .debug_frame   0x0000000000001960       0x38 layer1/liblayer1.a(agc.o)
 .debug_frame   0x0000000000001998       0x70 layer1/liblayer1.a(afc.o)
 .debug_frame   0x0000000000001a08       0x50 layer1/liblayer1.a(toa.o)
 .debug_frame   0x0000000000001a58      0x150 layer1/liblayer1.a(sync.o)
 .debug_frame   0x0000000000001ba8       0xf4 layer1/liblayer1.a(tdma_sched.o)
 .debug_frame   0x0000000000001c9c       0xcc layer1/liblayer1.a(tpu_window.o)
 .debug_frame   0x0000000000001d68       0x30 layer1/liblayer1.a(rfch.o)
 .debug_frame   0x0000000000001d98       0x38 layer1/liblayer1.a(apc.o)
 .debug_frame   0x0000000000001dd0       0x38 layer1/liblayer1.a(avg.o)
 .debug_frame   0x0000000000001e08      0x1d0 lib/libmini.a(vsprintf.o)
 .debug_frame   0x0000000000001fd8       0x30 lib/libmini.a(string.o)
 .debug_frame   0x0000000000002008       0x38 lib/libmini.a(printf.o)
 .debug_frame   0x0000000000002040       0xfc lib/libmini.a(console.o)
 .debug_frame   0x000000000000213c       0x2c lib/libmini.a(ctors.o)
 .debug_frame   0x0000000000002168       0x38 lib/libmini.a(delay.o)
 .debug_frame   0x00000000000021a0      0x10c comm/libcomm.a(sercomm.o)
 .debug_frame   0x00000000000022ac       0x84 comm/libcomm.a(sercomm_cons.o)
 .debug_frame   0x0000000000002330       0xb0 comm/libcomm.a(timer.o)
 .debug_frame   0x00000000000023e0      0x180 calypso/libcalypso.a(dsp.o)
 .debug_frame   0x0000000000002560       0x40 comm/libcomm.a(msgb.o)

.debug_loc      0x0000000000000000     0x6683
 .debug_loc     0x0000000000000000       0xcc apps/layer1/main.o
 .debug_loc     0x00000000000000cc      0x30b abb/twl3025.o
 .debug_loc     0x00000000000003d7      0x4b8 rf/trf6151.o
 .debug_loc     0x000000000000088f      0x3d1 flash/cfi_flash.o
 .debug_loc     0x0000000000000c60       0xed board/compal/rffe_dualband.o
 .debug_loc     0x0000000000000d4d       0x72 board/compal_e99/init.o
 .debug_loc     0x0000000000000dbf       0x31 fb/font.o
 .debug_loc     0x0000000000000df0      0x503 fb/fb_rgb332.o
 .debug_loc     0x00000000000012f3       0x7c fb/fb_ssd1783.o
 .debug_loc     0x000000000000136f      0x1fd calypso/libcalypso.a(clock.o)
 .debug_loc     0x000000000000156c      0x11e calypso/libcalypso.a(irq.o)
 .debug_loc     0x000000000000168a      0x1ac calypso/libcalypso.a(sim.o)
 .debug_loc     0x0000000000001836      0x10c calypso/libcalypso.a(spi.o)
 .debug_loc     0x0000000000001942      0x1d2 calypso/libcalypso.a(tpu.o)
 .debug_loc     0x0000000000001b14      0x1bc calypso/libcalypso.a(tsp.o)
 .debug_loc     0x0000000000001cd0       0xd2 calypso/libcalypso.a(keypad.o)
 .debug_loc     0x0000000000001da2       0x31 calypso/libcalypso.a(misc.o)
 .debug_loc     0x0000000000001dd3      0x103 calypso/libcalypso.a(timer.o)
 .debug_loc     0x0000000000001ed6       0x34 calypso/libcalypso.a(backlight.o)
 .debug_loc     0x0000000000001f0a      0x39f calypso/libcalypso.a(uart.o)
 .debug_loc     0x00000000000022a9       0xc2 calypso/libcalypso.a(uwire.o)
 .debug_loc     0x000000000000236b       0x13 calypso/libcalypso.a(arm.o)
 .debug_loc     0x000000000000237e      0x6ad layer1/liblayer1.a(l23_api.o)
 .debug_loc     0x0000000000002a2b      0x10a layer1/liblayer1.a(mframe_sched.o)
 .debug_loc     0x0000000000002b35       0x96 layer1/liblayer1.a(sched_gsmtime.o)
 .debug_loc     0x0000000000002bcb      0x185 layer1/liblayer1.a(async.o)
 .debug_loc     0x0000000000002d50      0x2b1 layer1/liblayer1.a(prim_pm.o)
 .debug_loc     0x0000000000003001      0x15a layer1/liblayer1.a(prim_rach.o)
 .debug_loc     0x000000000000315b      0x1ec layer1/liblayer1.a(prim_tx_nb.o)
 .debug_loc     0x0000000000003347      0x1bb layer1/liblayer1.a(prim_rx_nb.o)
 .debug_loc     0x0000000000003502      0x3fd layer1/liblayer1.a(prim_fbsb.o)
 .debug_loc     0x00000000000038ff       0x88 layer1/liblayer1.a(prim_freq.o)
 .debug_loc     0x0000000000003987      0x6d2 layer1/liblayer1.a(prim_tch.o)
 .debug_loc     0x0000000000004059       0x3c layer1/liblayer1.a(agc.o)
 .debug_loc     0x0000000000004095       0xb9 layer1/liblayer1.a(afc.o)
 .debug_loc     0x000000000000414e       0x75 layer1/liblayer1.a(toa.o)
 .debug_loc     0x00000000000041c3      0x1e3 layer1/liblayer1.a(sync.o)
 .debug_loc     0x00000000000043a6      0x2a7 layer1/liblayer1.a(tdma_sched.o)
 .debug_loc     0x000000000000464d      0x1e5 layer1/liblayer1.a(tpu_window.o)
 .debug_loc     0x0000000000004832      0x111 layer1/liblayer1.a(rfch.o)
 .debug_loc     0x0000000000004943       0x6d layer1/liblayer1.a(apc.o)
 .debug_loc     0x00000000000049b0       0x47 layer1/liblayer1.a(avg.o)
 .debug_loc     0x00000000000049f7     0x1101 lib/libmini.a(vsprintf.o)
 .debug_loc     0x0000000000005af8       0x62 lib/libmini.a(string.o)
 .debug_loc     0x0000000000005b5a       0x3f lib/libmini.a(printf.o)
 .debug_loc     0x0000000000005b99      0x1b6 lib/libmini.a(console.o)
 .debug_loc     0x0000000000005d4f       0x3c lib/libmini.a(ctors.o)
 .debug_loc     0x0000000000005d8b       0x66 lib/libmini.a(delay.o)
 .debug_loc     0x0000000000005df1      0x168 comm/libcomm.a(sercomm.o)
 .debug_loc     0x0000000000005f59      0x1aa comm/libcomm.a(sercomm_cons.o)
 .debug_loc     0x0000000000006103       0xf9 comm/libcomm.a(timer.o)
 .debug_loc     0x00000000000061fc      0x3fc calypso/libcalypso.a(dsp.o)
 .debug_loc     0x00000000000065f8       0x8b comm/libcomm.a(msgb.o)

.debug_pubnames
                0x0000000000000000     0x1add
 .debug_pubnames
                0x0000000000000000       0x22 apps/layer1/main.o
 .debug_pubnames
                0x0000000000000022      0x13c abb/twl3025.o
 .debug_pubnames
                0x000000000000015e      0x164 rf/trf6151.o
 .debug_pubnames
                0x00000000000002c2       0xa6 flash/cfi_flash.o
 .debug_pubnames
                0x0000000000000368       0xd6 board/compal/rffe_dualband.o
 .debug_pubnames
                0x000000000000043e       0x3c board/compal/rf_power.o
 .debug_pubnames
                0x000000000000047a       0x21 board/compal_e99/init.o
 .debug_pubnames
                0x000000000000049b       0x3a battery/dummy.o
 .debug_pubnames
                0x00000000000004d5       0x34 fb/font.o
 .debug_pubnames
                0x0000000000000509       0x23 fb/helvR08.o
 .debug_pubnames
                0x000000000000052c       0x23 fb/helvB14.o
 .debug_pubnames
                0x000000000000054f       0x1f fb/c64.o
 .debug_pubnames
                0x000000000000056e       0x23 fb/symbols.o
 .debug_pubnames
                0x0000000000000591       0x64 fb/fb_rgb332.o
 .debug_pubnames
                0x00000000000005f5       0x30 fb/fb_ssd1783.o
 .debug_pubnames
                0x0000000000000625       0x6d board/compal_e99/layer1.highram.manifest.o
 .debug_pubnames
                0x0000000000000692       0xd0 calypso/libcalypso.a(clock.o)
 .debug_pubnames
                0x0000000000000762       0x1f calypso/libcalypso.a(dma.o)
 .debug_pubnames
                0x0000000000000781       0x95 calypso/libcalypso.a(irq.o)
 .debug_pubnames
                0x0000000000000816       0x1f calypso/libcalypso.a(rtc.o)
 .debug_pubnames
                0x0000000000000835       0xe9 calypso/libcalypso.a(sim.o)
 .debug_pubnames
                0x000000000000091e       0x2c calypso/libcalypso.a(spi.o)
 .debug_pubnames
                0x000000000000094a      0x12d calypso/libcalypso.a(tpu.o)
 .debug_pubnames
                0x0000000000000a77       0x9a calypso/libcalypso.a(tsp.o)
 .debug_pubnames
                0x0000000000000b11       0x8a calypso/libcalypso.a(keypad.o)
 .debug_pubnames
                0x0000000000000b9b       0x41 calypso/libcalypso.a(misc.o)
 .debug_pubnames
                0x0000000000000bdc       0x8a calypso/libcalypso.a(timer.o)
 .debug_pubnames
                0x0000000000000c66       0x2f calypso/libcalypso.a(backlight.o)
 .debug_pubnames
                0x0000000000000c95       0xa3 calypso/libcalypso.a(uart.o)
 .debug_pubnames
                0x0000000000000d38       0x30 calypso/libcalypso.a(uwire.o)
 .debug_pubnames
                0x0000000000000d68       0x47 calypso/libcalypso.a(arm.o)
 .debug_pubnames
                0x0000000000000daf       0x22 layer1/liblayer1.a(init.o)
 .debug_pubnames
                0x0000000000000dd1       0xac layer1/liblayer1.a(l23_api.o)
 .debug_pubnames
                0x0000000000000e7d       0x83 layer1/liblayer1.a(mframe_sched.o)
 .debug_pubnames
                0x0000000000000f00       0x6d layer1/liblayer1.a(sched_gsmtime.o)
 .debug_pubnames
                0x0000000000000f6d       0xfa layer1/liblayer1.a(async.o)
 .debug_pubnames
                0x0000000000001067       0x39 layer1/liblayer1.a(prim_pm.o)
 .debug_pubnames
                0x00000000000010a0       0x47 layer1/liblayer1.a(prim_rach.o)
 .debug_pubnames
                0x00000000000010e7       0x36 layer1/liblayer1.a(prim_tx_nb.o)
 .debug_pubnames
                0x000000000000111d       0x23 layer1/liblayer1.a(prim_rx_nb.o)
 .debug_pubnames
                0x0000000000001140       0x33 layer1/liblayer1.a(prim_fbsb.o)
 .debug_pubnames
                0x0000000000001173       0x44 layer1/liblayer1.a(prim_freq.o)
 .debug_pubnames
                0x00000000000011b7       0x55 layer1/liblayer1.a(prim_utils.o)
 .debug_pubnames
                0x000000000000120c       0x4c layer1/liblayer1.a(prim_tch.o)
 .debug_pubnames
                0x0000000000001258       0x3c layer1/liblayer1.a(agc.o)
 .debug_pubnames
                0x0000000000001294       0x4f layer1/liblayer1.a(afc.o)
 .debug_pubnames
                0x00000000000012e3       0x2e layer1/liblayer1.a(toa.o)
 .debug_pubnames
                0x0000000000001311       0xeb layer1/liblayer1.a(sync.o)
 .debug_pubnames
                0x00000000000013fc       0xbb layer1/liblayer1.a(tdma_sched.o)
 .debug_pubnames
                0x00000000000014b7       0x60 layer1/liblayer1.a(tpu_window.o)
 .debug_pubnames
                0x0000000000001517       0x26 layer1/liblayer1.a(rfch.o)
 .debug_pubnames
                0x000000000000153d       0x41 layer1/liblayer1.a(apc.o)
 .debug_pubnames
                0x000000000000157e       0x3b layer1/liblayer1.a(avg.o)
 .debug_pubnames
                0x00000000000015b9       0xb3 lib/libmini.a(vsprintf.o)
 .debug_pubnames
                0x000000000000166c       0x29 lib/libmini.a(string.o)
 .debug_pubnames
                0x0000000000001695       0x1d lib/libmini.a(ctype.o)
 .debug_pubnames
                0x00000000000016b2       0x1d lib/libmini.a(printf.o)
 .debug_pubnames
                0x00000000000016cf       0x89 lib/libmini.a(console.o)
 .debug_pubnames
                0x0000000000001758       0x26 lib/libmini.a(ctors.o)
 .debug_pubnames
                0x000000000000177e       0x2c lib/libmini.a(delay.o)
 .debug_pubnames
                0x00000000000017aa       0xdd comm/libcomm.a(sercomm.o)
 .debug_pubnames
                0x0000000000001887       0x37 comm/libcomm.a(sercomm_cons.o)
 .debug_pubnames
                0x00000000000018be       0xaf comm/libcomm.a(timer.o)
 .debug_pubnames
                0x000000000000196d      0x12b calypso/libcalypso.a(dsp.o)
 .debug_pubnames
                0x0000000000001a98       0x45 comm/libcomm.a(msgb.o)

.debug_aranges  0x0000000000000000     0x1320
 .debug_aranges
                0x0000000000000000       0x40 apps/layer1/main.o
 .debug_aranges
                0x0000000000000040       0xb0 abb/twl3025.o
 .debug_aranges